Archive member included to satisfy reference by file (symbol)

/home/lucas/.local/xpacks/xpack-riscv-none-elf-gcc-13.2.0-2/bin/../lib/gcc/riscv-none-elf/13.2.0/../../../../riscv-none-elf/lib/libm_nano.a(libm_a-wf_asin.o)
                              build/tracker/src/sensor/fusion/vqf_simple.o (symbol from plugin) (asinf)
/home/lucas/.local/xpacks/xpack-riscv-none-elf-gcc-13.2.0-2/bin/../lib/gcc/riscv-none-elf/13.2.0/../../../../riscv-none-elf/lib/libm_nano.a(libm_a-wf_atan2.o)
                              build/tracker/src/sensor/fusion/vqf_advanced.o (symbol from plugin) (atan2f)
/home/lucas/.local/xpacks/xpack-riscv-none-elf-gcc-13.2.0-2/bin/../lib/gcc/riscv-none-elf/13.2.0/../../../../riscv-none-elf/lib/libm_nano.a(libm_a-wf_sqrt.o)
                              build/tracker/src/sensor/imu/sc7i22.o (symbol from plugin) (sqrtf)
/home/lucas/.local/xpacks/xpack-riscv-none-elf-gcc-13.2.0-2/bin/../lib/gcc/riscv-none-elf/13.2.0/../../../../riscv-none-elf/lib/libm_nano.a(libm_a-sf_cos.o)
                              build/tracker/src/sensor/fusion/vqf_advanced.o (symbol from plugin) (cosf)
/home/lucas/.local/xpacks/xpack-riscv-none-elf-gcc-13.2.0-2/bin/../lib/gcc/riscv-none-elf/13.2.0/../../../../riscv-none-elf/lib/libm_nano.a(libm_a-sf_sin.o)
                              build/tracker/src/sensor/fusion/vqf_advanced.o (symbol from plugin) (sinf)
/home/lucas/.local/xpacks/xpack-riscv-none-elf-gcc-13.2.0-2/bin/../lib/gcc/riscv-none-elf/13.2.0/../../../../riscv-none-elf/lib/libm_nano.a(libm_a-sf_nan.o)
                              /home/lucas/.local/xpacks/xpack-riscv-none-elf-gcc-13.2.0-2/bin/../lib/gcc/riscv-none-elf/13.2.0/../../../../riscv-none-elf/lib/libm_nano.a(libm_a-wf_asin.o) (nanf)
/home/lucas/.local/xpacks/xpack-riscv-none-elf-gcc-13.2.0-2/bin/../lib/gcc/riscv-none-elf/13.2.0/../../../../riscv-none-elf/lib/libm_nano.a(libm_a-ef_sqrt.o)
                              /home/lucas/.local/xpacks/xpack-riscv-none-elf-gcc-13.2.0-2/bin/../lib/gcc/riscv-none-elf/13.2.0/../../../../riscv-none-elf/lib/libm_nano.a(libm_a-wf_sqrt.o) (__ieee754_sqrtf)
/home/lucas/.local/xpacks/xpack-riscv-none-elf-gcc-13.2.0-2/bin/../lib/gcc/riscv-none-elf/13.2.0/../../../../riscv-none-elf/lib/libm_nano.a(libm_a-sf_fabs.o)
                              /home/lucas/.local/xpacks/xpack-riscv-none-elf-gcc-13.2.0-2/bin/../lib/gcc/riscv-none-elf/13.2.0/../../../../riscv-none-elf/lib/libm_nano.a(libm_a-wf_asin.o) (fabsf)
/home/lucas/.local/xpacks/xpack-riscv-none-elf-gcc-13.2.0-2/bin/../lib/gcc/riscv-none-elf/13.2.0/../../../../riscv-none-elf/lib/libm_nano.a(libm_a-sf_copysign.o)
                              build/tracker/src/sensor/fusion/vqf_simple.o (symbol from plugin) (copysignf)
/home/lucas/.local/xpacks/xpack-riscv-none-elf-gcc-13.2.0-2/bin/../lib/gcc/riscv-none-elf/13.2.0/../../../../riscv-none-elf/lib/libm_nano.a(libm_a-kf_cos.o)
                              /home/lucas/.local/xpacks/xpack-riscv-none-elf-gcc-13.2.0-2/bin/../lib/gcc/riscv-none-elf/13.2.0/../../../../riscv-none-elf/lib/libm_nano.a(libm_a-sf_cos.o) (__kernel_cosf)
/home/lucas/.local/xpacks/xpack-riscv-none-elf-gcc-13.2.0-2/bin/../lib/gcc/riscv-none-elf/13.2.0/../../../../riscv-none-elf/lib/libm_nano.a(libm_a-kf_sin.o)
                              /home/lucas/.local/xpacks/xpack-riscv-none-elf-gcc-13.2.0-2/bin/../lib/gcc/riscv-none-elf/13.2.0/../../../../riscv-none-elf/lib/libm_nano.a(libm_a-sf_cos.o) (__kernel_sinf)
/home/lucas/.local/xpacks/xpack-riscv-none-elf-gcc-13.2.0-2/bin/../lib/gcc/riscv-none-elf/13.2.0/../../../../riscv-none-elf/lib/libm_nano.a(libm_a-ef_asin.o)
                              /home/lucas/.local/xpacks/xpack-riscv-none-elf-gcc-13.2.0-2/bin/../lib/gcc/riscv-none-elf/13.2.0/../../../../riscv-none-elf/lib/libm_nano.a(libm_a-wf_asin.o) (__ieee754_asinf)
/home/lucas/.local/xpacks/xpack-riscv-none-elf-gcc-13.2.0-2/bin/../lib/gcc/riscv-none-elf/13.2.0/../../../../riscv-none-elf/lib/libm_nano.a(libm_a-ef_atan2.o)
                              /home/lucas/.local/xpacks/xpack-riscv-none-elf-gcc-13.2.0-2/bin/../lib/gcc/riscv-none-elf/13.2.0/../../../../riscv-none-elf/lib/libm_nano.a(libm_a-wf_atan2.o) (__ieee754_atan2f)
/home/lucas/.local/xpacks/xpack-riscv-none-elf-gcc-13.2.0-2/bin/../lib/gcc/riscv-none-elf/13.2.0/../../../../riscv-none-elf/lib/libm_nano.a(libm_a-ef_rem_pio2.o)
                              /home/lucas/.local/xpacks/xpack-riscv-none-elf-gcc-13.2.0-2/bin/../lib/gcc/riscv-none-elf/13.2.0/../../../../riscv-none-elf/lib/libm_nano.a(libm_a-sf_cos.o) (__ieee754_rem_pio2f)
/home/lucas/.local/xpacks/xpack-riscv-none-elf-gcc-13.2.0-2/bin/../lib/gcc/riscv-none-elf/13.2.0/../../../../riscv-none-elf/lib/libm_nano.a(libm_a-sf_atan.o)
                              /home/lucas/.local/xpacks/xpack-riscv-none-elf-gcc-13.2.0-2/bin/../lib/gcc/riscv-none-elf/13.2.0/../../../../riscv-none-elf/lib/libm_nano.a(libm_a-ef_atan2.o) (atanf)
[...]
Memory Configuration

Name             Origin             Length             Attributes
BOOT             0x00000000         0x00001000         xr
FLASH            0x00001000         0x0006f000         xr
RAM              0x20000000         0x00006800         xrw
*default*        0x00000000         0xffffffff

Linker script and memory map

LOAD /home/lucas/.local/xpacks/xpack-riscv-none-elf-gcc-13.2.0-2/bin/../lib/gcc/riscv-none-elf/13.2.0/../../../../riscv-none-elf/lib/libm_nano.a
LOAD build/tracker/src/main_tracker.o
LOAD /tmp/cczjQ5YI.ltrans0.ltrans.o
LOAD build/tracker/src/rf/rf_transmitter.o
LOAD build/tracker/src/usb/usb_bootloader.o
LOAD build/tracker/src/usb/usb_msc.o
LOAD build/tracker/src/usb/usb_hid_slime.o
LOAD build/tracker/src/usb/usb_debug.o
LOAD build/tracker/src/sensor/imu/bmi270.o
LOAD build/tracker/src/sensor/imu/bmi323.o
LOAD build/tracker/src/sensor/imu/icm42688.o
LOAD build/tracker/src/sensor/imu/icm45686.o
LOAD build/tracker/src/sensor/imu/lsm6dso.o
LOAD build/tracker/src/sensor/imu/lsm6dsr.o
LOAD build/tracker/src/sensor/imu/lsm6dsv.o
LOAD build/tracker/src/sensor/imu/iim42652.o
LOAD build/tracker/src/sensor/imu/sc7i22.o
LOAD build/tracker/src/sensor/fusion/vqf_ultra.o
LOAD build/tracker/src/sensor/fusion/vqf_advanced.o
LOAD build/tracker/src/sensor/fusion/vqf_opt.o
LOAD build/tracker/src/sensor/fusion/vqf_simple.o
LOAD build/tracker/src/sensor/fusion/ekf_ahrs.o
LOAD build/tracker/src/sensor/imu_interface.o
LOAD build/tracker/src/sensor/gyro_noise_filter.o
LOAD build/tracker/src/sensor/auto_calibration.o
LOAD build/tracker/src/sensor/temp_compensation.o
LOAD build/tracker/src/sensor/sensor_optimized.o
LOAD build/tracker/src/sensor/mag_interface.o
LOAD build/tracker/src/hal/hal_i2c.o
LOAD build/tracker/src/hal/hal_spi.o
LOAD build/tracker/src/hal/hal_gpio.o
LOAD build/tracker/src/hal/hal_timer.o
LOAD build/tracker/src/hal/hal_storage.o
LOAD build/tracker/src/hal/hal_watchdog.o
LOAD build/tracker/src/hal/hal_power.o
LOAD build/tracker/src/hal/hal_dma.o
LOAD build/tracker/src/hal/hal_charging.o
LOAD build/tracker/src/hal/event_logger.o
LOAD build/tracker/src/hal/diagnostics.o
LOAD build/tracker/src/hal/retained_state.o
LOAD build/tracker/src/hal/power_optimizer.o
LOAD build/tracker/src/rf/rf_hw.o
LOAD build/tracker/src/rf/rf_common.o
LOAD build/tracker/src/rf/rf_ultra.o
LOAD build/tracker/src/rf/channel_manager.o
LOAD build/tracker/src/rf/rf_recovery.o
LOAD build/tracker/src/rf/rf_slot_optimizer.o
LOAD build/tracker/src/rf/rf_timing_opt.o
LOAD build/tracker/sdk/StdPeriphDriver/CH59x_gpio.o
LOAD build/tracker/sdk/StdPeriphDriver/CH59x_clk.o
LOAD build/tracker/sdk/StdPeriphDriver/CH59x_timer.o
LOAD build/tracker/sdk/StdPeriphDriver/CH59x_spi.o
LOAD build/tracker/sdk/StdPeriphDriver/CH59x_i2c.o
LOAD build/tracker/sdk/StdPeriphDriver/CH59x_flash.o
LOAD build/tracker/sdk/StdPeriphDriver/CH59x_usbdev.o
LOAD build/tracker/sdk/StdPeriphDriver/CH59x_pwr.o
LOAD build/tracker/sdk/StdPeriphDriver/CH59x_adc.o
LOAD build/tracker/sdk/RVMSIS/core_riscv.o
LOAD build/tracker/sdk/Startup/startup_CH592.o
LOAD /home/lucas/.local/xpacks/xpack-riscv-none-elf-gcc-13.2.0-2/bin/../lib/gcc/riscv-none-elf/13.2.0/../../../../riscv-none-elf/lib/libm_nano.a
LOAD /home/lucas/.local/xpacks/xpack-riscv-none-elf-gcc-13.2.0-2/bin/../lib/gcc/riscv-none-elf/13.2.0/libgcc.a
LOAD /home/lucas/.local/xpacks/xpack-riscv-none-elf-gcc-13.2.0-2/bin/../lib/gcc/riscv-none-elf/13.2.0/../../../../riscv-none-elf/lib/libc_nano.a
LOAD /home/lucas/.local/xpacks/xpack-riscv-none-elf-gcc-13.2.0-2/bin/../lib/gcc/riscv-none-elf/13.2.0/libgcc.a
START GROUP
LOAD /home/lucas/.local/xpacks/xpack-riscv-none-elf-gcc-13.2.0-2/bin/../lib/gcc/riscv-none-elf/13.2.0/libgcc.a
LOAD /home/lucas/.local/xpacks/xpack-riscv-none-elf-gcc-13.2.0-2/bin/../lib/gcc/riscv-none-elf/13.2.0/../../../../riscv-none-elf/lib/libc_nano.a
LOAD /home/lucas/.local/xpacks/xpack-riscv-none-elf-gcc-13.2.0-2/bin/../lib/gcc/riscv-none-elf/13.2.0/../../../../riscv-none-elf/lib/libnosys.a
END GROUP
START GROUP
LOAD /home/lucas/.local/xpacks/xpack-riscv-none-elf-gcc-13.2.0-2/bin/../lib/gcc/riscv-none-elf/13.2.0/libgcc.a
LOAD /home/lucas/.local/xpacks/xpack-riscv-none-elf-gcc-13.2.0-2/bin/../lib/gcc/riscv-none-elf/13.2.0/../../../../riscv-none-elf/lib/libc_nano.a
LOAD /home/lucas/.local/xpacks/xpack-riscv-none-elf-gcc-13.2.0-2/bin/../lib/gcc/riscv-none-elf/13.2.0/../../../../riscv-none-elf/lib/libnosys.a
END GROUP
                0x20006800                        _estack = (ORIGIN (RAM) + LENGTH (RAM))
                0x00000200                        _Min_Heap_Size = 0x200
                0x00000400                        _Min_Stack_Size = 0x400

.vectors        0x00001000       0x90
                0x00001000                        . = ALIGN (0x4)
 *(.vectors)
 .vectors       0x00001000       0x90 build/tracker/sdk/Startup/startup_CH592.o
                0x00001000                _vectors
                0x00001090                        . = ALIGN (0x4)

.init           0x00001090       0x74
                0x00001090                        . = ALIGN (0x4)
 *(.init)
 .init          0x00001090       0x72 build/tracker/sdk/Startup/startup_CH592.o
                0x00001090                _start
                0x00001104                        . = ALIGN (0x4)
 *fill*         0x00001102        0x2 

.highcode       0x20000000      0x408 load address 0x00001104
                0x20000000                        . = ALIGN (0x4)
                0x20000000                        _highcode_start = .
 *(.highcode)
 .highcode      0x20000000      0x406 /tmp/cczjQ5YI.ltrans0.ltrans.o
                0x20000000                GPIOA_IRQHandler
                0x200000b4                GPIOB_IRQHandler
                0x20000166                TMR0_IRQHandler
                0x2000028a                TMR1_IRQHandler
                0x200002ba                TMR2_IRQHandler
                0x200002dc                BLE_IRQHandler
 *(.highcode.*)
 *(.text.GPIOA_IRQHandler)
 *(.text.TMR2_IRQHandler)
                0x20000408                        . = ALIGN (0x4)
 *fill*         0x20000406        0x2 
                0x20000408                        _highcode_end = .
                0x00001104                        _highcode_lma = LOADADDR (.highcode)
                0x20000000                        _highcode_vma_start = ADDR (.highcode)
                0x20000408                        _highcode_vma_end = (_highcode_vma_start + SIZEOF (.highcode))

.text           0x0000150c     0xd76c
                0x0000150c                        . = ALIGN (0x4)
 *(.text)
 .text          0x0000150c     0x3a42 /tmp/cczjQ5YI.ltrans0.ltrans.o
                0x000047ca                SPI0_IRQHandler
                0x000047cc                USB_IRQHandler
                0x00004eaa                HardFault_Handler
                0x00004f2a                SW_Handler
 .text          0x00004f4e       0x16 /home/lucas/.local/xpacks/xpack-riscv-none-elf-gcc-13.2.0-2/bin/../lib/gcc/riscv-none-elf/13.2.0/../../../../riscv-none-elf/lib/libc_nano.a(libc_a-memcpy-asm.o)
                0x00004f4e                memcpy
 .text          0x00004f64       0x10 /home/lucas/.local/xpacks/xpack-riscv-none-elf-gcc-13.2.0-2/bin/../lib/gcc/riscv-none-elf/13.2.0/../../../../riscv-none-elf/lib/libc_nano.a(libc_a-memset.o)
                0x00004f64                memset
 *(.text.*)
 .text.startup  0x00004f74     0x24f8 /tmp/cczjQ5YI.ltrans0.ltrans.o
                0x00004f74                main
 .text.Default_Handler
                0x0000746c        0x2 build/tracker/sdk/Startup/startup_CH592.o
                0x0000746c                SysTick_Handler
                0x0000746c                NMI_Handler
                0x0000746c                UART1_IRQHandler
                0x0000746c                UART0_IRQHandler
                0x0000746c                SPI1_IRQHandler
                0x0000746c                RTC_IRQHandler
                0x0000746c                LCD_IRQHandler
                0x0000746c                UART2_IRQHandler
                0x0000746c                Default_Handler
                0x0000746c                ADC_IRQHandler
                0x0000746c                I2C_IRQHandler
                0x0000746c                TMR3_IRQHandler
                0x0000746c                PWM_IRQHandler
                0x0000746c                WDOG_IRQHandler
                0x0000746c                UART3_IRQHandler
 .text.SystemInit
                0x0000746e        0x2 build/tracker/sdk/Startup/startup_CH592.o
                0x0000746e                SystemInit
 .text.__libc_init_array
                0x00007470        0x2 build/tracker/sdk/Startup/startup_CH592.o
                0x00007470                __libc_init_array
 .text.atan2f   0x00007472        0x2 /home/lucas/.local/xpacks/xpack-riscv-none-elf-gcc-13.2.0-2/bin/../lib/gcc/riscv-none-elf/13.2.0/../../../../riscv-none-elf/lib/libm_nano.a(libm_a-wf_atan2.o)
                0x00007472                atan2f
 .text.sqrtf    0x00007474       0x48 /home/lucas/.local/xpacks/xpack-riscv-none-elf-gcc-13.2.0-2/bin/../lib/gcc/riscv-none-elf/13.2.0/../../../../riscv-none-elf/lib/libm_nano.a(libm_a-wf_sqrt.o)
                0x00007474                sqrtf
 .text.cosf     0x000074bc       0x6e /home/lucas/.local/xpacks/xpack-riscv-none-elf-gcc-13.2.0-2/bin/../lib/gcc/riscv-none-elf/13.2.0/../../../../riscv-none-elf/lib/libm_nano.a(libm_a-sf_cos.o)
                0x000074bc                cosf
 .text.sinf     0x0000752a       0x70 /home/lucas/.local/xpacks/xpack-riscv-none-elf-gcc-13.2.0-2/bin/../lib/gcc/riscv-none-elf/13.2.0/../../../../riscv-none-elf/lib/libm_nano.a(libm_a-sf_sin.o)
                0x0000752a                sinf
 .text.__ieee754_sqrtf
                0x0000759a      0x11c /home/lucas/.local/xpacks/xpack-riscv-none-elf-gcc-13.2.0-2/bin/../lib/gcc/riscv-none-elf/13.2.0/../../../../riscv-none-elf/lib/libm_nano.a(libm_a-ef_sqrt.o)
                0x0000759a                __ieee754_sqrtf
 .text.fabsf    0x000076b6        0x6 /home/lucas/.local/xpacks/xpack-riscv-none-elf-gcc-13.2.0-2/bin/../lib/gcc/riscv-none-elf/13.2.0/../../../../riscv-none-elf/lib/libm_nano.a(libm_a-sf_fabs.o)
                0x000076b6                fabsf
 .text.__kernel_cosf
                0x000076bc      0x13c /home/lucas/.local/xpacks/xpack-riscv-none-elf-gcc-13.2.0-2/bin/../lib/gcc/riscv-none-elf/13.2.0/../../../../riscv-none-elf/lib/libm_nano.a(libm_a-kf_cos.o)
                0x000076bc                __kernel_cosf
 .text.__kernel_sinf
                0x000077f8      0x11a /home/lucas/.local/xpacks/xpack-riscv-none-elf-gcc-13.2.0-2/bin/../lib/gcc/riscv-none-elf/13.2.0/../../../../riscv-none-elf/lib/libm_nano.a(libm_a-kf_sin.o)
                0x000077f8                __kernel_sinf
 .text.__ieee754_atan2f
                0x00007912      0x152 /home/lucas/.local/xpacks/xpack-riscv-none-elf-gcc-13.2.0-2/bin/../lib/gcc/riscv-none-elf/13.2.0/../../../../riscv-none-elf/lib/libm_nano.a(libm_a-ef_atan2.o)
                0x00007912                __ieee754_atan2f
 .text.__ieee754_rem_pio2f
                0x00007a64      0x35c /home/lucas/.local/xpacks/xpack-riscv-none-elf-gcc-13.2.0-2/bin/../lib/gcc/riscv-none-elf/13.2.0/../../../../riscv-none-elf/lib/libm_nano.a(libm_a-ef_rem_pio2.o)
                0x00007a64                __ieee754_rem_pio2f
 .text.atanf    0x00007dc0      0x272 /home/lucas/.local/xpacks/xpack-riscv-none-elf-gcc-13.2.0-2/bin/../lib/gcc/riscv-none-elf/13.2.0/../../../../riscv-none-elf/lib/libm_nano.a(libm_a-sf_atan.o)
                0x00007dc0                atanf
 .text.__kernel_rem_pio2f
                0x00008032      0x62c /home/lucas/.local/xpacks/xpack-riscv-none-elf-gcc-13.2.0-2/bin/../lib/gcc/riscv-none-elf/13.2.0/../../../../riscv-none-elf/lib/libm_nano.a(libm_a-kf_rem_pio2.o)
                0x00008032                __kernel_rem_pio2f
 .text.floorf   0x0000865e       0xae /home/lucas/.local/xpacks/xpack-riscv-none-elf-gcc-13.2.0-2/bin/../lib/gcc/riscv-none-elf/13.2.0/../../../../riscv-none-elf/lib/libm_nano.a(libm_a-sf_floor.o)
                0x0000865e                floorf
 .text.scalbnf  0x0000870c       0xe8 /home/lucas/.local/xpacks/xpack-riscv-none-elf-gcc-13.2.0-2/bin/../lib/gcc/riscv-none-elf/13.2.0/../../../../riscv-none-elf/lib/libm_nano.a(libm_a-sf_scalbn.o)
                0x0000870c                scalbnf
 .text.__addsf3
                0x000087f4      0x3ae /home/lucas/.local/xpacks/xpack-riscv-none-elf-gcc-13.2.0-2/bin/../lib/gcc/riscv-none-elf/13.2.0/libgcc.a(addsf3.o)
                0x000087f4                __addsf3
 .text.__divsf3
                0x00008ba2      0x2e8 /home/lucas/.local/xpacks/xpack-riscv-none-elf-gcc-13.2.0-2/bin/../lib/gcc/riscv-none-elf/13.2.0/libgcc.a(divsf3.o)
                0x00008ba2                __divsf3
 .text.__eqsf2  0x00008e8a       0x5e /home/lucas/.local/xpacks/xpack-riscv-none-elf-gcc-13.2.0-2/bin/../lib/gcc/riscv-none-elf/13.2.0/libgcc.a(eqsf2.o)
                0x00008e8a                __nesf2
                0x00008e8a                __eqsf2
 .text.__gesf2  0x00008ee8       0x92 /home/lucas/.local/xpacks/xpack-riscv-none-elf-gcc-13.2.0-2/bin/../lib/gcc/riscv-none-elf/13.2.0/libgcc.a(gesf2.o)
                0x00008ee8                __gtsf2
                0x00008ee8                __gesf2
 .text.__lesf2  0x00008f7a       0x96 /home/lucas/.local/xpacks/xpack-riscv-none-elf-gcc-13.2.0-2/bin/../lib/gcc/riscv-none-elf/13.2.0/libgcc.a(lesf2.o)
                0x00008f7a                __lesf2
                0x00008f7a                __ltsf2
 .text.__mulsf3
                0x00009010      0x2e4 /home/lucas/.local/xpacks/xpack-riscv-none-elf-gcc-13.2.0-2/bin/../lib/gcc/riscv-none-elf/13.2.0/libgcc.a(mulsf3.o)
                0x00009010                __mulsf3
 .text.__subsf3
                0x000092f4      0x3cc /home/lucas/.local/xpacks/xpack-riscv-none-elf-gcc-13.2.0-2/bin/../lib/gcc/riscv-none-elf/13.2.0/libgcc.a(subsf3.o)
                0x000092f4                __subsf3
 .text.__unordsf2
                0x000096c0       0x3c /home/lucas/.local/xpacks/xpack-riscv-none-elf-gcc-13.2.0-2/bin/../lib/gcc/riscv-none-elf/13.2.0/libgcc.a(unordsf2.o)
                0x000096c0                __unordsf2
 .text.__fixsfsi
                0x000096fc       0x60 /home/lucas/.local/xpacks/xpack-riscv-none-elf-gcc-13.2.0-2/bin/../lib/gcc/riscv-none-elf/13.2.0/libgcc.a(fixsfsi.o)
                0x000096fc                __fixsfsi
 .text.__floatsisf
                0x0000975c       0xc2 /home/lucas/.local/xpacks/xpack-riscv-none-elf-gcc-13.2.0-2/bin/../lib/gcc/riscv-none-elf/13.2.0/libgcc.a(floatsisf.o)
                0x0000975c                __floatsisf
 .text.__clzsi2
                0x0000981e       0x6e /home/lucas/.local/xpacks/xpack-riscv-none-elf-gcc-13.2.0-2/bin/../lib/gcc/riscv-none-elf/13.2.0/libgcc.a(_clzsi2.o)
                0x0000981e                __clzsi2
 .text.__divdi3
                0x0000988c      0x3e4 /home/lucas/.local/xpacks/xpack-riscv-none-elf-gcc-13.2.0-2/bin/../lib/gcc/riscv-none-elf/13.2.0/libgcc.a(_divdi3.o)
                0x0000988c                __divdi3
 .text.__fixunssfsi
                0x00009c70       0x52 /home/lucas/.local/xpacks/xpack-riscv-none-elf-gcc-13.2.0-2/bin/../lib/gcc/riscv-none-elf/13.2.0/libgcc.a(fixunssfsi.o)
                0x00009c70                __fixunssfsi
 .text.__floatunsisf
                0x00009cc2       0xbc /home/lucas/.local/xpacks/xpack-riscv-none-elf-gcc-13.2.0-2/bin/../lib/gcc/riscv-none-elf/13.2.0/libgcc.a(floatunsisf.o)
                0x00009cc2                __floatunsisf
 .text.__cvt    0x00009d7e       0xf2 /home/lucas/.local/xpacks/xpack-riscv-none-elf-gcc-13.2.0-2/bin/../lib/gcc/riscv-none-elf/13.2.0/../../../../riscv-none-elf/lib/libc_nano.a(libc_a-nano-vfprintf_float.o)
                0x00009d7e                __cvt
 .text.__exponent
                0x00009e70       0x9c /home/lucas/.local/xpacks/xpack-riscv-none-elf-gcc-13.2.0-2/bin/../lib/gcc/riscv-none-elf/13.2.0/../../../../riscv-none-elf/lib/libc_nano.a(libc_a-nano-vfprintf_float.o)
                0x00009e70                __exponent
 .text._printf_float
                0x00009f0c      0x4c0 /home/lucas/.local/xpacks/xpack-riscv-none-elf-gcc-13.2.0-2/bin/../lib/gcc/riscv-none-elf/13.2.0/../../../../riscv-none-elf/lib/libc_nano.a(libc_a-nano-vfprintf_float.o)
                0x00009f0c                _printf_float
 .text._printf_common
                0x0000a3cc      0x110 /home/lucas/.local/xpacks/xpack-riscv-none-elf-gcc-13.2.0-2/bin/../lib/gcc/riscv-none-elf/13.2.0/../../../../riscv-none-elf/lib/libc_nano.a(libc_a-nano-vfprintf_i.o)
                0x0000a3cc                _printf_common
 .text._printf_i
                0x0000a4dc      0x264 /home/lucas/.local/xpacks/xpack-riscv-none-elf-gcc-13.2.0-2/bin/../lib/gcc/riscv-none-elf/13.2.0/../../../../riscv-none-elf/lib/libc_nano.a(libc_a-nano-vfprintf_i.o)
                0x0000a4dc                _printf_i
 .text.memchr   0x0000a740       0x1a /home/lucas/.local/xpacks/xpack-riscv-none-elf-gcc-13.2.0-2/bin/../lib/gcc/riscv-none-elf/13.2.0/../../../../riscv-none-elf/lib/libc_nano.a(libc_a-memchr.o)
                0x0000a740                memchr
 .text._localeconv_r
                0x0000a75a        0xa /home/lucas/.local/xpacks/xpack-riscv-none-elf-gcc-13.2.0-2/bin/../lib/gcc/riscv-none-elf/13.2.0/../../../../riscv-none-elf/lib/libc_nano.a(libc_a-localeconv.o)
                0x0000a75a                _localeconv_r
 .text.__errno  0x0000a764        0xa /home/lucas/.local/xpacks/xpack-riscv-none-elf-gcc-13.2.0-2/bin/../lib/gcc/riscv-none-elf/13.2.0/../../../../riscv-none-elf/lib/libc_nano.a(libc_a-errno.o)
                0x0000a764                __errno
 .text.strlen   0x0000a76e       0x12 /home/lucas/.local/xpacks/xpack-riscv-none-elf-gcc-13.2.0-2/bin/../lib/gcc/riscv-none-elf/13.2.0/../../../../riscv-none-elf/lib/libc_nano.a(libc_a-strlen.o)
                0x0000a76e                strlen
 .text.quorem   0x0000a780      0x130 /home/lucas/.local/xpacks/xpack-riscv-none-elf-gcc-13.2.0-2/bin/../lib/gcc/riscv-none-elf/13.2.0/../../../../riscv-none-elf/lib/libc_nano.a(libc_a-dtoa.o)
 .text._dtoa_r  0x0000a8b0      0xc0a /home/lucas/.local/xpacks/xpack-riscv-none-elf-gcc-13.2.0-2/bin/../lib/gcc/riscv-none-elf/13.2.0/../../../../riscv-none-elf/lib/libc_nano.a(libc_a-dtoa.o)
                0x0000a8b0                _dtoa_r
 .text.malloc   0x0000b4ba        0xc /home/lucas/.local/xpacks/xpack-riscv-none-elf-gcc-13.2.0-2/bin/../lib/gcc/riscv-none-elf/13.2.0/../../../../riscv-none-elf/lib/libc_nano.a(libc_a-malloc.o)
                0x0000b4ba                malloc
 .text.sbrk_aligned
                0x0000b4c6       0x5e /home/lucas/.local/xpacks/xpack-riscv-none-elf-gcc-13.2.0-2/bin/../lib/gcc/riscv-none-elf/13.2.0/../../../../riscv-none-elf/lib/libc_nano.a(libc_a-mallocr.o)
 .text._malloc_r
                0x0000b524      0x124 /home/lucas/.local/xpacks/xpack-riscv-none-elf-gcc-13.2.0-2/bin/../lib/gcc/riscv-none-elf/13.2.0/../../../../riscv-none-elf/lib/libc_nano.a(libc_a-mallocr.o)
                0x0000b524                _malloc_r
 .text.__malloc_lock
                0x0000b648        0xc /home/lucas/.local/xpacks/xpack-riscv-none-elf-gcc-13.2.0-2/bin/../lib/gcc/riscv-none-elf/13.2.0/../../../../riscv-none-elf/lib/libc_nano.a(libc_a-mlock.o)
                0x0000b648                __malloc_lock
 .text.__malloc_unlock
                0x0000b654        0xc /home/lucas/.local/xpacks/xpack-riscv-none-elf-gcc-13.2.0-2/bin/../lib/gcc/riscv-none-elf/13.2.0/../../../../riscv-none-elf/lib/libc_nano.a(libc_a-mlock.o)
                0x0000b654                __malloc_unlock
 .text._Balloc  0x0000b660       0xae /home/lucas/.local/xpacks/xpack-riscv-none-elf-gcc-13.2.0-2/bin/../lib/gcc/riscv-none-elf/13.2.0/../../../../riscv-none-elf/lib/libc_nano.a(libc_a-mprec.o)
                0x0000b660                _Balloc
 .text._Bfree   0x0000b70e       0x60 /home/lucas/.local/xpacks/xpack-riscv-none-elf-gcc-13.2.0-2/bin/../lib/gcc/riscv-none-elf/13.2.0/../../../../riscv-none-elf/lib/libc_nano.a(libc_a-mprec.o)
                0x0000b70e                _Bfree
 .text.__multadd
                0x0000b76e       0xbc /home/lucas/.local/xpacks/xpack-riscv-none-elf-gcc-13.2.0-2/bin/../lib/gcc/riscv-none-elf/13.2.0/../../../../riscv-none-elf/lib/libc_nano.a(libc_a-mprec.o)
                0x0000b76e                __multadd
 .text.__hi0bits
                0x0000b82a       0x46 /home/lucas/.local/xpacks/xpack-riscv-none-elf-gcc-13.2.0-2/bin/../lib/gcc/riscv-none-elf/13.2.0/../../../../riscv-none-elf/lib/libc_nano.a(libc_a-mprec.o)
                0x0000b82a                __hi0bits
 .text.__lo0bits
                0x0000b870       0x6a /home/lucas/.local/xpacks/xpack-riscv-none-elf-gcc-13.2.0-2/bin/../lib/gcc/riscv-none-elf/13.2.0/../../../../riscv-none-elf/lib/libc_nano.a(libc_a-mprec.o)
                0x0000b870                __lo0bits
 .text.__i2b    0x0000b8da       0x36 /home/lucas/.local/xpacks/xpack-riscv-none-elf-gcc-13.2.0-2/bin/../lib/gcc/riscv-none-elf/13.2.0/../../../../riscv-none-elf/lib/libc_nano.a(libc_a-mprec.o)
                0x0000b8da                __i2b
 .text.__multiply
                0x0000b910      0x17a /home/lucas/.local/xpacks/xpack-riscv-none-elf-gcc-13.2.0-2/bin/../lib/gcc/riscv-none-elf/13.2.0/../../../../riscv-none-elf/lib/libc_nano.a(libc_a-mprec.o)
                0x0000b910                __multiply
 .text.__pow5mult
                0x0000ba8a       0xd8 /home/lucas/.local/xpacks/xpack-riscv-none-elf-gcc-13.2.0-2/bin/../lib/gcc/riscv-none-elf/13.2.0/../../../../riscv-none-elf/lib/libc_nano.a(libc_a-mprec.o)
                0x0000ba8a                __pow5mult
 .text.__lshift
                0x0000bb62       0xfc /home/lucas/.local/xpacks/xpack-riscv-none-elf-gcc-13.2.0-2/bin/../lib/gcc/riscv-none-elf/13.2.0/../../../../riscv-none-elf/lib/libc_nano.a(libc_a-mprec.o)
                0x0000bb62                __lshift
 .text.__mcmp   0x0000bc5e       0x36 /home/lucas/.local/xpacks/xpack-riscv-none-elf-gcc-13.2.0-2/bin/../lib/gcc/riscv-none-elf/13.2.0/../../../../riscv-none-elf/lib/libc_nano.a(libc_a-mprec.o)
                0x0000bc5e                __mcmp
 .text.__mdiff  0x0000bc94      0x166 /home/lucas/.local/xpacks/xpack-riscv-none-elf-gcc-13.2.0-2/bin/../lib/gcc/riscv-none-elf/13.2.0/../../../../riscv-none-elf/lib/libc_nano.a(libc_a-mprec.o)
                0x0000bc94                __mdiff
 .text.__d2b    0x0000bdfa       0xde /home/lucas/.local/xpacks/xpack-riscv-none-elf-gcc-13.2.0-2/bin/../lib/gcc/riscv-none-elf/13.2.0/../../../../riscv-none-elf/lib/libc_nano.a(libc_a-mprec.o)
                0x0000bdfa                __d2b
 .text._sbrk_r  0x0000bed8       0x30 /home/lucas/.local/xpacks/xpack-riscv-none-elf-gcc-13.2.0-2/bin/../lib/gcc/riscv-none-elf/13.2.0/../../../../riscv-none-elf/lib/libc_nano.a(libc_a-sbrkr.o)
                0x0000bed8                _sbrk_r
 .text.__retarget_lock_init_recursive
                0x0000bf08        0x2 /home/lucas/.local/xpacks/xpack-riscv-none-elf-gcc-13.2.0-2/bin/../lib/gcc/riscv-none-elf/13.2.0/../../../../riscv-none-elf/lib/libc_nano.a(libc_a-lock.o)
                0x0000bf08                __retarget_lock_init_recursive
 .text.__retarget_lock_acquire_recursive
                0x0000bf0a        0x2 /home/lucas/.local/xpacks/xpack-riscv-none-elf-gcc-13.2.0-2/bin/../lib/gcc/riscv-none-elf/13.2.0/../../../../riscv-none-elf/lib/libc_nano.a(libc_a-lock.o)
                0x0000bf0a                __retarget_lock_acquire_recursive
 .text.__retarget_lock_release_recursive
                0x0000bf0c        0x2 /home/lucas/.local/xpacks/xpack-riscv-none-elf-gcc-13.2.0-2/bin/../lib/gcc/riscv-none-elf/13.2.0/../../../../riscv-none-elf/lib/libc_nano.a(libc_a-lock.o)
                0x0000bf0c                __retarget_lock_release_recursive
 .text.__assert_func
                0x0000bf0e       0x3a /home/lucas/.local/xpacks/xpack-riscv-none-elf-gcc-13.2.0-2/bin/../lib/gcc/riscv-none-elf/13.2.0/../../../../riscv-none-elf/lib/libc_nano.a(libc_a-assert.o)
                0x0000bf0e                __assert_func
 .text._calloc_r
                0x0000bf48       0x36 /home/lucas/.local/xpacks/xpack-riscv-none-elf-gcc-13.2.0-2/bin/../lib/gcc/riscv-none-elf/13.2.0/../../../../riscv-none-elf/lib/libc_nano.a(libc_a-callocr.o)
                0x0000bf48                _calloc_r
 .text._free_r  0x0000bf7e       0xa6 /home/lucas/.local/xpacks/xpack-riscv-none-elf-gcc-13.2.0-2/bin/../lib/gcc/riscv-none-elf/13.2.0/../../../../riscv-none-elf/lib/libc_nano.a(libc_a-freer.o)
                0x0000bf7e                _free_r
 .text.__ascii_mbtowc
                0x0000c024       0x3a /home/lucas/.local/xpacks/xpack-riscv-none-elf-gcc-13.2.0-2/bin/../lib/gcc/riscv-none-elf/13.2.0/../../../../riscv-none-elf/lib/libc_nano.a(libc_a-mbtowc_r.o)
                0x0000c024                __ascii_mbtowc
 .text.__ascii_wctomb
                0x0000c05e       0x20 /home/lucas/.local/xpacks/xpack-riscv-none-elf-gcc-13.2.0-2/bin/../lib/gcc/riscv-none-elf/13.2.0/../../../../riscv-none-elf/lib/libc_nano.a(libc_a-wctomb_r.o)
                0x0000c05e                __ascii_wctomb
 .text.fprintf  0x0000c07e       0x28 /home/lucas/.local/xpacks/xpack-riscv-none-elf-gcc-13.2.0-2/bin/../lib/gcc/riscv-none-elf/13.2.0/../../../../riscv-none-elf/lib/libc_nano.a(libc_a-fprintf.o)
                0x0000c07e                fprintf
                0x0000c07e                fiprintf
 .text.abort    0x0000c0a6       0x10 /home/lucas/.local/xpacks/xpack-riscv-none-elf-gcc-13.2.0-2/bin/../lib/gcc/riscv-none-elf/13.2.0/../../../../riscv-none-elf/lib/libc_nano.a(libc_a-abort.o)
                0x0000c0a6                abort
 .text.__sfputc_r
                0x0000c0b6       0x28 /home/lucas/.local/xpacks/xpack-riscv-none-elf-gcc-13.2.0-2/bin/../lib/gcc/riscv-none-elf/13.2.0/../../../../riscv-none-elf/lib/libc_nano.a(libc_a-nano-vfprintf.o)
 .text.__sfputs_r
                0x0000c0de       0x44 /home/lucas/.local/xpacks/xpack-riscv-none-elf-gcc-13.2.0-2/bin/../lib/gcc/riscv-none-elf/13.2.0/../../../../riscv-none-elf/lib/libc_nano.a(libc_a-nano-vfprintf.o)
                0x0000c0de                __sfputs_r
 .text._vfprintf_r
                0x0000c122      0x2aa /home/lucas/.local/xpacks/xpack-riscv-none-elf-gcc-13.2.0-2/bin/../lib/gcc/riscv-none-elf/13.2.0/../../../../riscv-none-elf/lib/libc_nano.a(libc_a-nano-vfprintf.o)
                0x0000c122                _vfiprintf_r
                0x0000c122                _vfprintf_r
 .text.std      0x0000c3cc       0x9c /home/lucas/.local/xpacks/xpack-riscv-none-elf-gcc-13.2.0-2/bin/../lib/gcc/riscv-none-elf/13.2.0/../../../../riscv-none-elf/lib/libc_nano.a(libc_a-findfp.o)
 .text.stdio_exit_handler
                0x0000c468       0x1a /home/lucas/.local/xpacks/xpack-riscv-none-elf-gcc-13.2.0-2/bin/../lib/gcc/riscv-none-elf/13.2.0/../../../../riscv-none-elf/lib/libc_nano.a(libc_a-findfp.o)
 .text.cleanup_stdio
                0x0000c482       0x4a /home/lucas/.local/xpacks/xpack-riscv-none-elf-gcc-13.2.0-2/bin/../lib/gcc/riscv-none-elf/13.2.0/../../../../riscv-none-elf/lib/libc_nano.a(libc_a-findfp.o)
 .text.global_stdio_init.part.0
                0x0000c4cc       0x48 /home/lucas/.local/xpacks/xpack-riscv-none-elf-gcc-13.2.0-2/bin/../lib/gcc/riscv-none-elf/13.2.0/../../../../riscv-none-elf/lib/libc_nano.a(libc_a-findfp.o)
 .text.__sfp_lock_acquire
                0x0000c514        0xc /home/lucas/.local/xpacks/xpack-riscv-none-elf-gcc-13.2.0-2/bin/../lib/gcc/riscv-none-elf/13.2.0/../../../../riscv-none-elf/lib/libc_nano.a(libc_a-findfp.o)
                0x0000c514                __sfp_lock_acquire
 .text.__sfp_lock_release
                0x0000c520        0xc /home/lucas/.local/xpacks/xpack-riscv-none-elf-gcc-13.2.0-2/bin/../lib/gcc/riscv-none-elf/13.2.0/../../../../riscv-none-elf/lib/libc_nano.a(libc_a-findfp.o)
                0x0000c520                __sfp_lock_release
 .text.__sinit  0x0000c52c       0x34 /home/lucas/.local/xpacks/xpack-riscv-none-elf-gcc-13.2.0-2/bin/../lib/gcc/riscv-none-elf/13.2.0/../../../../riscv-none-elf/lib/libc_nano.a(libc_a-findfp.o)
                0x0000c52c                __sinit
 .text._fwalk_sglue
                0x0000c560       0x68 /home/lucas/.local/xpacks/xpack-riscv-none-elf-gcc-13.2.0-2/bin/../lib/gcc/riscv-none-elf/13.2.0/../../../../riscv-none-elf/lib/libc_nano.a(libc_a-fwalk.o)
                0x0000c560                _fwalk_sglue
 .text.__sread  0x0000c5c8       0x30 /home/lucas/.local/xpacks/xpack-riscv-none-elf-gcc-13.2.0-2/bin/../lib/gcc/riscv-none-elf/13.2.0/../../../../riscv-none-elf/lib/libc_nano.a(libc_a-stdio.o)
                0x0000c5c8                __sread
 .text.__swrite
                0x0000c5f8       0x4e /home/lucas/.local/xpacks/xpack-riscv-none-elf-gcc-13.2.0-2/bin/../lib/gcc/riscv-none-elf/13.2.0/../../../../riscv-none-elf/lib/libc_nano.a(libc_a-stdio.o)
                0x0000c5f8                __swrite
 .text.__sseek  0x0000c646       0x36 /home/lucas/.local/xpacks/xpack-riscv-none-elf-gcc-13.2.0-2/bin/../lib/gcc/riscv-none-elf/13.2.0/../../../../riscv-none-elf/lib/libc_nano.a(libc_a-stdio.o)
                0x0000c646                __sseek
 .text.__sclose
                0x0000c67c        0x6 /home/lucas/.local/xpacks/xpack-riscv-none-elf-gcc-13.2.0-2/bin/../lib/gcc/riscv-none-elf/13.2.0/../../../../riscv-none-elf/lib/libc_nano.a(libc_a-stdio.o)
                0x0000c67c                __sclose
 .text.__swbuf_r
                0x0000c682       0x98 /home/lucas/.local/xpacks/xpack-riscv-none-elf-gcc-13.2.0-2/bin/../lib/gcc/riscv-none-elf/13.2.0/../../../../riscv-none-elf/lib/libc_nano.a(libc_a-wbuf.o)
                0x0000c682                __swbuf_r
 .text.__swsetup_r
                0x0000c71a       0xcc /home/lucas/.local/xpacks/xpack-riscv-none-elf-gcc-13.2.0-2/bin/../lib/gcc/riscv-none-elf/13.2.0/../../../../riscv-none-elf/lib/libc_nano.a(libc_a-wsetup.o)
                0x0000c71a                __swsetup_r
 .text._raise_r
                0x0000c7e6       0x60 /home/lucas/.local/xpacks/xpack-riscv-none-elf-gcc-13.2.0-2/bin/../lib/gcc/riscv-none-elf/13.2.0/../../../../riscv-none-elf/lib/libc_nano.a(libc_a-signal.o)
                0x0000c7e6                _raise_r
 .text.raise    0x0000c846        0xe /home/lucas/.local/xpacks/xpack-riscv-none-elf-gcc-13.2.0-2/bin/../lib/gcc/riscv-none-elf/13.2.0/../../../../riscv-none-elf/lib/libc_nano.a(libc_a-signal.o)
                0x0000c846                raise
 .text._close_r
                0x0000c854       0x30 /home/lucas/.local/xpacks/xpack-riscv-none-elf-gcc-13.2.0-2/bin/../lib/gcc/riscv-none-elf/13.2.0/../../../../riscv-none-elf/lib/libc_nano.a(libc_a-closer.o)
                0x0000c854                _close_r
 .text._lseek_r
                0x0000c884       0x34 /home/lucas/.local/xpacks/xpack-riscv-none-elf-gcc-13.2.0-2/bin/../lib/gcc/riscv-none-elf/13.2.0/../../../../riscv-none-elf/lib/libc_nano.a(libc_a-lseekr.o)
                0x0000c884                _lseek_r
 .text._read_r  0x0000c8b8       0x34 /home/lucas/.local/xpacks/xpack-riscv-none-elf-gcc-13.2.0-2/bin/../lib/gcc/riscv-none-elf/13.2.0/../../../../riscv-none-elf/lib/libc_nano.a(libc_a-readr.o)
                0x0000c8b8                _read_r
 .text._kill_r  0x0000c8ec       0x32 /home/lucas/.local/xpacks/xpack-riscv-none-elf-gcc-13.2.0-2/bin/../lib/gcc/riscv-none-elf/13.2.0/../../../../riscv-none-elf/lib/libc_nano.a(libc_a-signalr.o)
                0x0000c8ec                _kill_r
 .text._getpid_r
                0x0000c91e        0x4 /home/lucas/.local/xpacks/xpack-riscv-none-elf-gcc-13.2.0-2/bin/../lib/gcc/riscv-none-elf/13.2.0/../../../../riscv-none-elf/lib/libc_nano.a(libc_a-signalr.o)
                0x0000c91e                _getpid_r
 .text._write_r
                0x0000c922       0x34 /home/lucas/.local/xpacks/xpack-riscv-none-elf-gcc-13.2.0-2/bin/../lib/gcc/riscv-none-elf/13.2.0/../../../../riscv-none-elf/lib/libc_nano.a(libc_a-writer.o)
                0x0000c922                _write_r
 .text.__sflush_r
                0x0000c956      0x13c /home/lucas/.local/xpacks/xpack-riscv-none-elf-gcc-13.2.0-2/bin/../lib/gcc/riscv-none-elf/13.2.0/../../../../riscv-none-elf/lib/libc_nano.a(libc_a-fflush.o)
                0x0000c956                __sflush_r
 .text._fflush_r
                0x0000ca92       0x62 /home/lucas/.local/xpacks/xpack-riscv-none-elf-gcc-13.2.0-2/bin/../lib/gcc/riscv-none-elf/13.2.0/../../../../riscv-none-elf/lib/libc_nano.a(libc_a-fflush.o)
                0x0000ca92                _fflush_r
 .text.__swhatbuf_r
                0x0000caf4       0x5a /home/lucas/.local/xpacks/xpack-riscv-none-elf-gcc-13.2.0-2/bin/../lib/gcc/riscv-none-elf/13.2.0/../../../../riscv-none-elf/lib/libc_nano.a(libc_a-makebuf.o)
                0x0000caf4                __swhatbuf_r
 .text.__smakebuf_r
                0x0000cb4e       0x9c /home/lucas/.local/xpacks/xpack-riscv-none-elf-gcc-13.2.0-2/bin/../lib/gcc/riscv-none-elf/13.2.0/../../../../riscv-none-elf/lib/libc_nano.a(libc_a-makebuf.o)
                0x0000cb4e                __smakebuf_r
 .text._fstat_r
                0x0000cbea       0x32 /home/lucas/.local/xpacks/xpack-riscv-none-elf-gcc-13.2.0-2/bin/../lib/gcc/riscv-none-elf/13.2.0/../../../../riscv-none-elf/lib/libc_nano.a(libc_a-fstatr.o)
                0x0000cbea                _fstat_r
 .text._isatty_r
                0x0000cc1c       0x30 /home/lucas/.local/xpacks/xpack-riscv-none-elf-gcc-13.2.0-2/bin/../lib/gcc/riscv-none-elf/13.2.0/../../../../riscv-none-elf/lib/libc_nano.a(libc_a-isattyr.o)
                0x0000cc1c                _isatty_r
 .text.memcmp   0x0000cc4c       0x26 /home/lucas/.local/xpacks/xpack-riscv-none-elf-gcc-13.2.0-2/bin/../lib/gcc/riscv-none-elf/13.2.0/../../../../riscv-none-elf/lib/libc_nano.a(libc_a-memcmp.o)
                0x0000cc4c                memcmp
 .text.__adddf3
                0x0000cc72      0x71c /home/lucas/.local/xpacks/xpack-riscv-none-elf-gcc-13.2.0-2/bin/../lib/gcc/riscv-none-elf/13.2.0/libgcc.a(adddf3.o)
                0x0000cc72                __adddf3
 .text.__divdf3
                0x0000d38e      0x5c0 /home/lucas/.local/xpacks/xpack-riscv-none-elf-gcc-13.2.0-2/bin/../lib/gcc/riscv-none-elf/13.2.0/libgcc.a(divdf3.o)
                0x0000d38e                __divdf3
 .text.__eqdf2  0x0000d94e       0x6c /home/lucas/.local/xpacks/xpack-riscv-none-elf-gcc-13.2.0-2/bin/../lib/gcc/riscv-none-elf/13.2.0/libgcc.a(eqdf2.o)
                0x0000d94e                __eqdf2
                0x0000d94e                __nedf2
 .text.__gedf2  0x0000d9ba       0xbe /home/lucas/.local/xpacks/xpack-riscv-none-elf-gcc-13.2.0-2/bin/../lib/gcc/riscv-none-elf/13.2.0/libgcc.a(gedf2.o)
                0x0000d9ba                __gtdf2
                0x0000d9ba                __gedf2
 .text.__ledf2  0x0000da78       0xc2 /home/lucas/.local/xpacks/xpack-riscv-none-elf-gcc-13.2.0-2/bin/../lib/gcc/riscv-none-elf/13.2.0/libgcc.a(ledf2.o)
                0x0000da78                __ltdf2
                0x0000da78                __ledf2
 .text.__muldf3
                0x0000db3a      0x51e /home/lucas/.local/xpacks/xpack-riscv-none-elf-gcc-13.2.0-2/bin/../lib/gcc/riscv-none-elf/13.2.0/libgcc.a(muldf3.o)
                0x0000db3a                __muldf3
 .text.__subdf3
                0x0000e058      0x74e /home/lucas/.local/xpacks/xpack-riscv-none-elf-gcc-13.2.0-2/bin/../lib/gcc/riscv-none-elf/13.2.0/libgcc.a(subdf3.o)
                0x0000e058                __subdf3
 .text.__unorddf2
                0x0000e7a6       0x3c /home/lucas/.local/xpacks/xpack-riscv-none-elf-gcc-13.2.0-2/bin/../lib/gcc/riscv-none-elf/13.2.0/libgcc.a(unorddf2.o)
                0x0000e7a6                __unorddf2
 .text.__fixdfsi
                0x0000e7e2       0x66 /home/lucas/.local/xpacks/xpack-riscv-none-elf-gcc-13.2.0-2/bin/../lib/gcc/riscv-none-elf/13.2.0/libgcc.a(fixdfsi.o)
                0x0000e7e2                __fixdfsi
 .text.__floatsidf
                0x0000e848       0x70 /home/lucas/.local/xpacks/xpack-riscv-none-elf-gcc-13.2.0-2/bin/../lib/gcc/riscv-none-elf/13.2.0/libgcc.a(floatsidf.o)
                0x0000e848                __floatsidf
 .text.__floatunsidf
                0x0000e8b8       0x70 /home/lucas/.local/xpacks/xpack-riscv-none-elf-gcc-13.2.0-2/bin/../lib/gcc/riscv-none-elf/13.2.0/libgcc.a(floatunsidf.o)
                0x0000e8b8                __floatunsidf
 .text.__trunctfdf2
                0x0000e928      0x2aa /home/lucas/.local/xpacks/xpack-riscv-none-elf-gcc-13.2.0-2/bin/../lib/gcc/riscv-none-elf/13.2.0/libgcc.a(trunctfdf2.o)
                0x0000e928                __trunctfdf2
 .text._close   0x0000ebd2       0x10 /home/lucas/.local/xpacks/xpack-riscv-none-elf-gcc-13.2.0-2/bin/../lib/gcc/riscv-none-elf/13.2.0/../../../../riscv-none-elf/lib/libnosys.a(close.o)
                0x0000ebd2                _close
 .text._fstat   0x0000ebe2       0x10 /home/lucas/.local/xpacks/xpack-riscv-none-elf-gcc-13.2.0-2/bin/../lib/gcc/riscv-none-elf/13.2.0/../../../../riscv-none-elf/lib/libnosys.a(fstat.o)
                0x0000ebe2                _fstat
 .text._getpid  0x0000ebf2       0x10 /home/lucas/.local/xpacks/xpack-riscv-none-elf-gcc-13.2.0-2/bin/../lib/gcc/riscv-none-elf/13.2.0/../../../../riscv-none-elf/lib/libnosys.a(getpid.o)
                0x0000ebf2                _getpid
 .text._isatty  0x0000ec02       0x10 /home/lucas/.local/xpacks/xpack-riscv-none-elf-gcc-13.2.0-2/bin/../lib/gcc/riscv-none-elf/13.2.0/../../../../riscv-none-elf/lib/libnosys.a(isatty.o)
                0x0000ec02                _isatty
 .text._kill    0x0000ec12       0x10 /home/lucas/.local/xpacks/xpack-riscv-none-elf-gcc-13.2.0-2/bin/../lib/gcc/riscv-none-elf/13.2.0/../../../../riscv-none-elf/lib/libnosys.a(kill.o)
                0x0000ec12                _kill
 .text._lseek   0x0000ec22       0x10 /home/lucas/.local/xpacks/xpack-riscv-none-elf-gcc-13.2.0-2/bin/../lib/gcc/riscv-none-elf/13.2.0/../../../../riscv-none-elf/lib/libnosys.a(lseek.o)
                0x0000ec22                _lseek
 .text._read    0x0000ec32       0x10 /home/lucas/.local/xpacks/xpack-riscv-none-elf-gcc-13.2.0-2/bin/../lib/gcc/riscv-none-elf/13.2.0/../../../../riscv-none-elf/lib/libnosys.a(read.o)
                0x0000ec32                _read
 .text._sbrk    0x0000ec42       0x24 /home/lucas/.local/xpacks/xpack-riscv-none-elf-gcc-13.2.0-2/bin/../lib/gcc/riscv-none-elf/13.2.0/../../../../riscv-none-elf/lib/libnosys.a(sbrk.o)
                0x0000ec42                _sbrk
 .text._write   0x0000ec66       0x10 /home/lucas/.local/xpacks/xpack-riscv-none-elf-gcc-13.2.0-2/bin/../lib/gcc/riscv-none-elf/13.2.0/../../../../riscv-none-elf/lib/libnosys.a(write.o)
                0x0000ec66                _write
 .text._exit    0x0000ec76        0x2 /home/lucas/.local/xpacks/xpack-riscv-none-elf-gcc-13.2.0-2/bin/../lib/gcc/riscv-none-elf/13.2.0/../../../../riscv-none-elf/lib/libnosys.a(_exit.o)
                0x0000ec76                _exit
 *(.gnu.linkonce.t.*)
                0x0000ec78                        . = ALIGN (0x4)
                0x0000ec78                        _etext = .

.rodata         0x0000ec78      0xc4c
                0x0000ec78                        . = ALIGN (0x4)
 *(.rodata)
 .rodata        0x0000ec78      0x1c8 /tmp/cczjQ5YI.ltrans0.ltrans.o
 *(.rodata.*)
 .rodata.str1.4
                0x0000ee40       0x59 /tmp/cczjQ5YI.ltrans0.ltrans.o
 .rodata.CSWTCH.9
                0x0000ee40        0xc /home/lucas/.local/xpacks/xpack-riscv-none-elf-gcc-13.2.0-2/bin/../lib/gcc/riscv-none-elf/13.2.0/../../../../riscv-none-elf/lib/libm_nano.a(libm_a-ef_atan2.o)
 .rodata.CSWTCH.8
                0x0000ee4c        0xc /home/lucas/.local/xpacks/xpack-riscv-none-elf-gcc-13.2.0-2/bin/../lib/gcc/riscv-none-elf/13.2.0/../../../../riscv-none-elf/lib/libm_nano.a(libm_a-ef_atan2.o)
 .rodata.npio2_hw
                0x0000ee58       0x80 /home/lucas/.local/xpacks/xpack-riscv-none-elf-gcc-13.2.0-2/bin/../lib/gcc/riscv-none-elf/13.2.0/../../../../riscv-none-elf/lib/libm_nano.a(libm_a-ef_rem_pio2.o)
 .rodata.two_over_pi
                0x0000eed8      0x318 /home/lucas/.local/xpacks/xpack-riscv-none-elf-gcc-13.2.0-2/bin/../lib/gcc/riscv-none-elf/13.2.0/../../../../riscv-none-elf/lib/libm_nano.a(libm_a-ef_rem_pio2.o)
 .rodata.atanlo
                0x0000f1f0       0x10 /home/lucas/.local/xpacks/xpack-riscv-none-elf-gcc-13.2.0-2/bin/../lib/gcc/riscv-none-elf/13.2.0/../../../../riscv-none-elf/lib/libm_nano.a(libm_a-sf_atan.o)
 .rodata.atanhi
                0x0000f200       0x10 /home/lucas/.local/xpacks/xpack-riscv-none-elf-gcc-13.2.0-2/bin/../lib/gcc/riscv-none-elf/13.2.0/../../../../riscv-none-elf/lib/libm_nano.a(libm_a-sf_atan.o)
 .rodata.PIo2   0x0000f210       0x2c /home/lucas/.local/xpacks/xpack-riscv-none-elf-gcc-13.2.0-2/bin/../lib/gcc/riscv-none-elf/13.2.0/../../../../riscv-none-elf/lib/libm_nano.a(libm_a-kf_rem_pio2.o)
 .rodata.init_jk
                0x0000f23c        0xc /home/lucas/.local/xpacks/xpack-riscv-none-elf-gcc-13.2.0-2/bin/../lib/gcc/riscv-none-elf/13.2.0/../../../../riscv-none-elf/lib/libm_nano.a(libm_a-kf_rem_pio2.o)
 .rodata.__divsf3
                0x0000f248       0xa8 /home/lucas/.local/xpacks/xpack-riscv-none-elf-gcc-13.2.0-2/bin/../lib/gcc/riscv-none-elf/13.2.0/libgcc.a(divsf3.o)
 .rodata.__clz_tab
                0x0000f2f0      0x100 /home/lucas/.local/xpacks/xpack-riscv-none-elf-gcc-13.2.0-2/bin/../lib/gcc/riscv-none-elf/13.2.0/libgcc.a(_clz.o)
                0x0000f2f0                __clz_tab
 .rodata._printf_float.str1.4
                0x0000f3f0      0x235 /home/lucas/.local/xpacks/xpack-riscv-none-elf-gcc-13.2.0-2/bin/../lib/gcc/riscv-none-elf/13.2.0/../../../../riscv-none-elf/lib/libc_nano.a(libc_a-nano-vfprintf_float.o)
                                 0x12 (size before relaxing)
 .rodata._printf_i.str1.4
                0x0000f625       0x25 /home/lucas/.local/xpacks/xpack-riscv-none-elf-gcc-13.2.0-2/bin/../lib/gcc/riscv-none-elf/13.2.0/../../../../riscv-none-elf/lib/libc_nano.a(libc_a-nano-vfprintf_i.o)
 *fill*         0x0000f625        0x3 
 .rodata._printf_i
                0x0000f628       0x58 /home/lucas/.local/xpacks/xpack-riscv-none-elf-gcc-13.2.0-2/bin/../lib/gcc/riscv-none-elf/13.2.0/../../../../riscv-none-elf/lib/libc_nano.a(libc_a-nano-vfprintf_i.o)
 .rodata._dtoa_r.str1.4
                0x0000f680       0xbd /home/lucas/.local/xpacks/xpack-riscv-none-elf-gcc-13.2.0-2/bin/../lib/gcc/riscv-none-elf/13.2.0/../../../../riscv-none-elf/lib/libc_nano.a(libc_a-dtoa.o)
 .rodata._Balloc.str1.4
                0x0000f680       0x98 /home/lucas/.local/xpacks/xpack-riscv-none-elf-gcc-13.2.0-2/bin/../lib/gcc/riscv-none-elf/13.2.0/../../../../riscv-none-elf/lib/libc_nano.a(libc_a-mprec.o)
 .rodata.__multadd.str1.4
                0x0000f680       0x11 /home/lucas/.local/xpacks/xpack-riscv-none-elf-gcc-13.2.0-2/bin/../lib/gcc/riscv-none-elf/13.2.0/../../../../riscv-none-elf/lib/libc_nano.a(libc_a-mprec.o)
 .rodata.p05.0  0x0000f680        0xc /home/lucas/.local/xpacks/xpack-riscv-none-elf-gcc-13.2.0-2/bin/../lib/gcc/riscv-none-elf/13.2.0/../../../../riscv-none-elf/lib/libc_nano.a(libc_a-mprec.o)
 *fill*         0x0000f68c        0x4 
 .rodata.__mprec_bigtens
                0x0000f690       0x28 /home/lucas/.local/xpacks/xpack-riscv-none-elf-gcc-13.2.0-2/bin/../lib/gcc/riscv-none-elf/13.2.0/../../../../riscv-none-elf/lib/libc_nano.a(libc_a-mprec.o)
                0x0000f690                __mprec_bigtens
 .rodata.__mprec_tens
                0x0000f6b8       0xc8 /home/lucas/.local/xpacks/xpack-riscv-none-elf-gcc-13.2.0-2/bin/../lib/gcc/riscv-none-elf/13.2.0/../../../../riscv-none-elf/lib/libc_nano.a(libc_a-mprec.o)
                0x0000f6b8                __mprec_tens
 .rodata._setlocale_r.str1.4
                0x0000f780        0xd /home/lucas/.local/xpacks/xpack-riscv-none-elf-gcc-13.2.0-2/bin/../lib/gcc/riscv-none-elf/13.2.0/../../../../riscv-none-elf/lib/libc_nano.a(libc_a-locale.o)
 .rodata.str1.4
                0x0000f780        0x2 /home/lucas/.local/xpacks/xpack-riscv-none-elf-gcc-13.2.0-2/bin/../lib/gcc/riscv-none-elf/13.2.0/../../../../riscv-none-elf/lib/libc_nano.a(libc_a-locale.o)
 .rodata.__assert_func.str1.4
                0x0000f780       0x43 /home/lucas/.local/xpacks/xpack-riscv-none-elf-gcc-13.2.0-2/bin/../lib/gcc/riscv-none-elf/13.2.0/../../../../riscv-none-elf/lib/libc_nano.a(libc_a-assert.o)
 .rodata._ctype_
                0x0000f780      0x101 /home/lucas/.local/xpacks/xpack-riscv-none-elf-gcc-13.2.0-2/bin/../lib/gcc/riscv-none-elf/13.2.0/../../../../riscv-none-elf/lib/libc_nano.a(libc_a-ctype_.o)
                0x0000f780                _ctype_
 .rodata._vfprintf_r.str1.4
                0x0000f881       0x13 /home/lucas/.local/xpacks/xpack-riscv-none-elf-gcc-13.2.0-2/bin/../lib/gcc/riscv-none-elf/13.2.0/../../../../riscv-none-elf/lib/libc_nano.a(libc_a-nano-vfprintf.o)
 *fill*         0x0000f881        0x3 
 .rodata.__divdf3
                0x0000f884       0x40 /home/lucas/.local/xpacks/xpack-riscv-none-elf-gcc-13.2.0-2/bin/../lib/gcc/riscv-none-elf/13.2.0/libgcc.a(divdf3.o)
 *(.gnu.linkonce.r.*)
                0x0000f8c4                        . = ALIGN (0x4)

.srodata.cst4   0x0000f8c4      0x198
 .srodata.cst4  0x0000f8c4       0xdc /tmp/cczjQ5YI.ltrans0.ltrans.o
 .srodata.cst4  0x0000f8c4      0x198 /home/lucas/.local/xpacks/xpack-riscv-none-elf-gcc-13.2.0-2/bin/../lib/gcc/riscv-none-elf/13.2.0/../../../../riscv-none-elf/lib/libm_nano.a(libm_a-kf_cos.o)
                                 0x24 (size before relaxing)
 .srodata.cst4  0x0000fa5c       0x1c /home/lucas/.local/xpacks/xpack-riscv-none-elf-gcc-13.2.0-2/bin/../lib/gcc/riscv-none-elf/13.2.0/../../../../riscv-none-elf/lib/libm_nano.a(libm_a-kf_sin.o)
 .srodata.cst4  0x0000fa5c       0x18 /home/lucas/.local/xpacks/xpack-riscv-none-elf-gcc-13.2.0-2/bin/../lib/gcc/riscv-none-elf/13.2.0/../../../../riscv-none-elf/lib/libm_nano.a(libm_a-ef_atan2.o)
 .srodata.cst4  0x0000fa5c       0x24 /home/lucas/.local/xpacks/xpack-riscv-none-elf-gcc-13.2.0-2/bin/../lib/gcc/riscv-none-elf/13.2.0/../../../../riscv-none-elf/lib/libm_nano.a(libm_a-ef_rem_pio2.o)
 .srodata.cst4  0x0000fa5c       0x48 /home/lucas/.local/xpacks/xpack-riscv-none-elf-gcc-13.2.0-2/bin/../lib/gcc/riscv-none-elf/13.2.0/../../../../riscv-none-elf/lib/libm_nano.a(libm_a-sf_atan.o)
 .srodata.cst4  0x0000fa5c       0x18 /home/lucas/.local/xpacks/xpack-riscv-none-elf-gcc-13.2.0-2/bin/../lib/gcc/riscv-none-elf/13.2.0/../../../../riscv-none-elf/lib/libm_nano.a(libm_a-kf_rem_pio2.o)
 .srodata.cst4  0x0000fa5c        0x4 /home/lucas/.local/xpacks/xpack-riscv-none-elf-gcc-13.2.0-2/bin/../lib/gcc/riscv-none-elf/13.2.0/../../../../riscv-none-elf/lib/libm_nano.a(libm_a-sf_floor.o)
 .srodata.cst4  0x0000fa5c       0x18 /home/lucas/.local/xpacks/xpack-riscv-none-elf-gcc-13.2.0-2/bin/../lib/gcc/riscv-none-elf/13.2.0/../../../../riscv-none-elf/lib/libm_nano.a(libm_a-sf_scalbn.o)

.srodata        0x0000fa5c        0xc
 .srodata       0x0000fa5c        0xc /tmp/cczjQ5YI.ltrans0.ltrans.o

.srodata.tiny   0x0000fa68        0x4
 .srodata.tiny  0x0000fa68        0x4 /home/lucas/.local/xpacks/xpack-riscv-none-elf-gcc-13.2.0-2/bin/../lib/gcc/riscv-none-elf/13.2.0/../../../../riscv-none-elf/lib/libm_nano.a(libm_a-ef_sqrt.o)

.srodata.one    0x0000fa6c        0x4
 .srodata.one   0x0000fa6c        0x4 /home/lucas/.local/xpacks/xpack-riscv-none-elf-gcc-13.2.0-2/bin/../lib/gcc/riscv-none-elf/13.2.0/../../../../riscv-none-elf/lib/libm_nano.a(libm_a-ef_sqrt.o)

.srodata.cst8   0x0000fa70       0x50
 .srodata.cst8  0x0000fa70       0x50 /home/lucas/.local/xpacks/xpack-riscv-none-elf-gcc-13.2.0-2/bin/../lib/gcc/riscv-none-elf/13.2.0/../../../../riscv-none-elf/lib/libc_nano.a(libc_a-nano-vfprintf_float.o)
                                  0x8 (size before relaxing)
 .srodata.cst8  0x0000fac0       0x48 /home/lucas/.local/xpacks/xpack-riscv-none-elf-gcc-13.2.0-2/bin/../lib/gcc/riscv-none-elf/13.2.0/../../../../riscv-none-elf/lib/libc_nano.a(libc_a-dtoa.o)

.rela.dyn       0x0000fac0        0x0
 .rela.init     0x0000fac0        0x0 build/tracker/sdk/Startup/startup_CH592.o
 .rela.vectors  0x0000fac0        0x0 build/tracker/sdk/Startup/startup_CH592.o
 .rela.text._vfprintf_r
                0x0000fac0        0x0 build/tracker/sdk/Startup/startup_CH592.o
 .rela.text._sbrk
                0x0000fac0        0x0 build/tracker/sdk/Startup/startup_CH592.o

.init_array     0x0000fac0        0x0
                [!provide]                        PROVIDE (__init_array_start = .)
 *(SORT_BY_NAME(.init_array.*))
 *(.init_array*)
                [!provide]                        PROVIDE (__init_array_end = .)
                0x0000fac0                        . = ALIGN (0x4)
                0x000102c0                        PROVIDE (__global_pointer$ = (. + 0x800))
                0x0000fac0                        _sidata = LOADADDR (.data)

.data           0x20000408      0x1dc load address 0x0000fac0
                0x20000408                        . = ALIGN (0x4)
                0x20000408                        _sdata = .
 *(.data)
 .data          0x20000408       0x10 /tmp/cczjQ5YI.ltrans0.ltrans.o
 *(.data.*)
 .data.__global_locale
                0x20000418      0x16c /home/lucas/.local/xpacks/xpack-riscv-none-elf-gcc-13.2.0-2/bin/../lib/gcc/riscv-none-elf/13.2.0/../../../../riscv-none-elf/lib/libc_nano.a(libc_a-locale.o)
                0x20000418                __global_locale
 .data._impure_data
                0x20000584       0x4c /home/lucas/.local/xpacks/xpack-riscv-none-elf-gcc-13.2.0-2/bin/../lib/gcc/riscv-none-elf/13.2.0/../../../../riscv-none-elf/lib/libc_nano.a(libc_a-impure.o)
                0x20000584                _impure_data
 .data.__sglue  0x200005d0        0xc /home/lucas/.local/xpacks/xpack-riscv-none-elf-gcc-13.2.0-2/bin/../lib/gcc/riscv-none-elf/13.2.0/../../../../riscv-none-elf/lib/libc_nano.a(libc_a-findfp.o)
                0x200005d0                __sglue
 *(.gnu.linkonce.d.*)
 *(.sdata)
 .sdata         0x200005dc        0x3 /tmp/cczjQ5YI.ltrans0.ltrans.o
 *(.sdata.*)
 *fill*         0x200005df        0x1 
 .sdata._impure_ptr
                0x200005e0        0x4 /home/lucas/.local/xpacks/xpack-riscv-none-elf-gcc-13.2.0-2/bin/../lib/gcc/riscv-none-elf/13.2.0/../../../../riscv-none-elf/lib/libc_nano.a(libc_a-impure.o)
                0x200005e0                _impure_ptr
                0x200005e4                        . = ALIGN (0x4)
                0x200005e4                        _edata = .

.retained       0x200005e4       0x50 load address 0x0000fc9c
 .retained      0x200005e4       0x50 /tmp/cczjQ5YI.ltrans0.ltrans.o

.bss            0x20000634     0x17bc load address 0x0000fcec
                0x20000634                        . = ALIGN (0x4)
                0x20000634                        _sbss = .
 *(.bss)
 .bss           0x20000634     0x15d8 /tmp/cczjQ5YI.ltrans0.ltrans.o
 *(.bss.*)
 .bss.__sf      0x20001c0c      0x138 /home/lucas/.local/xpacks/xpack-riscv-none-elf-gcc-13.2.0-2/bin/../lib/gcc/riscv-none-elf/13.2.0/../../../../riscv-none-elf/lib/libc_nano.a(libc_a-findfp.o)
                0x20001c0c                __sf
 *(.gnu.linkonce.b.*)
 *(.sbss)
 .sbss          0x20001d44       0x8d /tmp/cczjQ5YI.ltrans0.ltrans.o
 *(.sbss.*)
 *fill*         0x20001dd1        0x3 
 .sbss.__malloc_sbrk_start
                0x20001dd4        0x4 /home/lucas/.local/xpacks/xpack-riscv-none-elf-gcc-13.2.0-2/bin/../lib/gcc/riscv-none-elf/13.2.0/../../../../riscv-none-elf/lib/libc_nano.a(libc_a-mallocr.o)
                0x20001dd4                __malloc_sbrk_start
 .sbss.__malloc_free_list
                0x20001dd8        0x4 /home/lucas/.local/xpacks/xpack-riscv-none-elf-gcc-13.2.0-2/bin/../lib/gcc/riscv-none-elf/13.2.0/../../../../riscv-none-elf/lib/libc_nano.a(libc_a-mallocr.o)
                0x20001dd8                __malloc_free_list
 .sbss.__lock___malloc_recursive_mutex
                0x20001ddc        0x1 /home/lucas/.local/xpacks/xpack-riscv-none-elf-gcc-13.2.0-2/bin/../lib/gcc/riscv-none-elf/13.2.0/../../../../riscv-none-elf/lib/libc_nano.a(libc_a-lock.o)
                0x20001ddc                __lock___malloc_recursive_mutex
 *fill*         0x20001ddd        0x3 
 .sbss.__lock___sfp_recursive_mutex
                0x20001de0        0x1 /home/lucas/.local/xpacks/xpack-riscv-none-elf-gcc-13.2.0-2/bin/../lib/gcc/riscv-none-elf/13.2.0/../../../../riscv-none-elf/lib/libc_nano.a(libc_a-lock.o)
                0x20001de0                __lock___sfp_recursive_mutex
 *fill*         0x20001de1        0x3 
 .sbss.errno    0x20001de4        0x4 /home/lucas/.local/xpacks/xpack-riscv-none-elf-gcc-13.2.0-2/bin/../lib/gcc/riscv-none-elf/13.2.0/../../../../riscv-none-elf/lib/libc_nano.a(libc_a-reent.o)
                0x20001de4                errno
 .sbss.__stdio_exit_handler
                0x20001de8        0x4 /home/lucas/.local/xpacks/xpack-riscv-none-elf-gcc-13.2.0-2/bin/../lib/gcc/riscv-none-elf/13.2.0/../../../../riscv-none-elf/lib/libc_nano.a(libc_a-findfp.o)
                0x20001de8                __stdio_exit_handler
 .sbss.heap_end.0
                0x20001dec        0x4 /home/lucas/.local/xpacks/xpack-riscv-none-elf-gcc-13.2.0-2/bin/../lib/gcc/riscv-none-elf/13.2.0/../../../../riscv-none-elf/lib/libnosys.a(sbrk.o)
 *(COMMON)
                0x20001df0                        . = ALIGN (0x4)
                0x20001df0                        _ebss = .
                0x20001df0                        PROVIDE (end = .)
                [!provide]                        PROVIDE (_end = .)
                [!provide]                        PROVIDE (__end = .)

.heap           0x20001df0      0x200 load address 0x0000fcec
                0x20001df0                        . = ALIGN (0x4)
                [!provide]                        PROVIDE (_heap_start = .)
                0x20001ff0                        . = (. + _Min_Heap_Size)
 *fill*         0x20001df0      0x200 
                [!provide]                        PROVIDE (_heap_end = .)

.stack          0x20001ff0      0x400 load address 0x0000fcec
                0x20001ff0                        . = ALIGN (0x8)
                0x200023f0                        . = (. + _Min_Stack_Size)
 *fill*         0x20001ff0      0x400 
                0x200023f0                        PROVIDE (_stack = .)
                0x00000001                        ASSERT ((_stack <= _estack), RAM overflow!)
                0x000023f0                        _ram_used = (_stack - ORIGIN (RAM))
                0x00004410                        _ram_free = (LENGTH (RAM) - _ram_used)

/DISCARD/
 *(.ARM.exidx*)
 *(.ARM.extab*)
 *(.eh_frame*)
 *(.comment)
 *(.note.*)
OUTPUT(build/tracker/slimevr_tracker.elf elf32-littleriscv)

.riscv.attributes
                0x00000000       0x4d
 .riscv.attributes
                0x00000000       0x4d /tmp/cczjQ5YI.ltrans0.ltrans.o
 .riscv.attributes
                0x0000004d       0x47 build/tracker/sdk/Startup/startup_CH592.o
 .riscv.attributes
                0x00000094       0x34 /home/lucas/.local/xpacks/xpack-riscv-none-elf-gcc-13.2.0-2/bin/../lib/gcc/riscv-none-elf/13.2.0/../../../../riscv-none-elf/lib/libm_nano.a(libm_a-wf_atan2.o)
 .riscv.attributes
                0x000000c8       0x34 /home/lucas/.local/xpacks/xpack-riscv-none-elf-gcc-13.2.0-2/bin/../lib/gcc/riscv-none-elf/13.2.0/../../../../riscv-none-elf/lib/libm_nano.a(libm_a-wf_sqrt.o)
 .riscv.attributes
                0x000000fc       0x34 /home/lucas/.local/xpacks/xpack-riscv-none-elf-gcc-13.2.0-2/bin/../lib/gcc/riscv-none-elf/13.2.0/../../../../riscv-none-elf/lib/libm_nano.a(libm_a-sf_cos.o)
 .riscv.attributes
                0x00000130       0x34 /home/lucas/.local/xpacks/xpack-riscv-none-elf-gcc-13.2.0-2/bin/../lib/gcc/riscv-none-elf/13.2.0/../../../../riscv-none-elf/lib/libm_nano.a(libm_a-sf_sin.o)
 .riscv.attributes
                0x00000164       0x34 /home/lucas/.local/xpacks/xpack-riscv-none-elf-gcc-13.2.0-2/bin/../lib/gcc/riscv-none-elf/13.2.0/../../../../riscv-none-elf/lib/libm_nano.a(libm_a-ef_sqrt.o)
 .riscv.attributes
                0x00000198       0x34 /home/lucas/.local/xpacks/xpack-riscv-none-elf-gcc-13.2.0-2/bin/../lib/gcc/riscv-none-elf/13.2.0/../../../../riscv-none-elf/lib/libm_nano.a(libm_a-sf_fabs.o)
 .riscv.attributes
                0x000001cc       0x34 /home/lucas/.local/xpacks/xpack-riscv-none-elf-gcc-13.2.0-2/bin/../lib/gcc/riscv-none-elf/13.2.0/../../../../riscv-none-elf/lib/libm_nano.a(libm_a-kf_cos.o)
 .riscv.attributes
                0x00000200       0x34 /home/lucas/.local/xpacks/xpack-riscv-none-elf-gcc-13.2.0-2/bin/../lib/gcc/riscv-none-elf/13.2.0/../../../../riscv-none-elf/lib/libm_nano.a(libm_a-kf_sin.o)
 .riscv.attributes
                0x00000234       0x34 /home/lucas/.local/xpacks/xpack-riscv-none-elf-gcc-13.2.0-2/bin/../lib/gcc/riscv-none-elf/13.2.0/../../../../riscv-none-elf/lib/libm_nano.a(libm_a-ef_atan2.o)
 .riscv.attributes
                0x00000268       0x34 /home/lucas/.local/xpacks/xpack-riscv-none-elf-gcc-13.2.0-2/bin/../lib/gcc/riscv-none-elf/13.2.0/../../../../riscv-none-elf/lib/libm_nano.a(libm_a-ef_rem_pio2.o)
 .riscv.attributes
                0x0000029c       0x34 /home/lucas/.local/xpacks/xpack-riscv-none-elf-gcc-13.2.0-2/bin/../lib/gcc/riscv-none-elf/13.2.0/../../../../riscv-none-elf/lib/libm_nano.a(libm_a-sf_atan.o)
 .riscv.attributes
                0x000002d0       0x34 /home/lucas/.local/xpacks/xpack-riscv-none-elf-gcc-13.2.0-2/bin/../lib/gcc/riscv-none-elf/13.2.0/../../../../riscv-none-elf/lib/libm_nano.a(libm_a-kf_rem_pio2.o)
 .riscv.attributes
                0x00000304       0x34 /home/lucas/.local/xpacks/xpack-riscv-none-elf-gcc-13.2.0-2/bin/../lib/gcc/riscv-none-elf/13.2.0/../../../../riscv-none-elf/lib/libm_nano.a(libm_a-sf_floor.o)
 .riscv.attributes
                0x00000338       0x34 /home/lucas/.local/xpacks/xpack-riscv-none-elf-gcc-13.2.0-2/bin/../lib/gcc/riscv-none-elf/13.2.0/../../../../riscv-none-elf/lib/libm_nano.a(libm_a-sf_scalbn.o)
 .riscv.attributes
                0x0000036c       0x34 /home/lucas/.local/xpacks/xpack-riscv-none-elf-gcc-13.2.0-2/bin/../lib/gcc/riscv-none-elf/13.2.0/libgcc.a(addsf3.o)
 .riscv.attributes
                0x000003a0       0x34 /home/lucas/.local/xpacks/xpack-riscv-none-elf-gcc-13.2.0-2/bin/../lib/gcc/riscv-none-elf/13.2.0/libgcc.a(divsf3.o)
 .riscv.attributes
                0x000003d4       0x34 /home/lucas/.local/xpacks/xpack-riscv-none-elf-gcc-13.2.0-2/bin/../lib/gcc/riscv-none-elf/13.2.0/libgcc.a(eqsf2.o)
 .riscv.attributes
                0x00000408       0x34 /home/lucas/.local/xpacks/xpack-riscv-none-elf-gcc-13.2.0-2/bin/../lib/gcc/riscv-none-elf/13.2.0/libgcc.a(gesf2.o)
 .riscv.attributes
                0x0000043c       0x34 /home/lucas/.local/xpacks/xpack-riscv-none-elf-gcc-13.2.0-2/bin/../lib/gcc/riscv-none-elf/13.2.0/libgcc.a(lesf2.o)
 .riscv.attributes
                0x00000470       0x34 /home/lucas/.local/xpacks/xpack-riscv-none-elf-gcc-13.2.0-2/bin/../lib/gcc/riscv-none-elf/13.2.0/libgcc.a(mulsf3.o)
 .riscv.attributes
                0x000004a4       0x34 /home/lucas/.local/xpacks/xpack-riscv-none-elf-gcc-13.2.0-2/bin/../lib/gcc/riscv-none-elf/13.2.0/libgcc.a(subsf3.o)
 .riscv.attributes
                0x000004d8       0x34 /home/lucas/.local/xpacks/xpack-riscv-none-elf-gcc-13.2.0-2/bin/../lib/gcc/riscv-none-elf/13.2.0/libgcc.a(unordsf2.o)
 .riscv.attributes
                0x0000050c       0x34 /home/lucas/.local/xpacks/xpack-riscv-none-elf-gcc-13.2.0-2/bin/../lib/gcc/riscv-none-elf/13.2.0/libgcc.a(fixsfsi.o)
 .riscv.attributes
                0x00000540       0x34 /home/lucas/.local/xpacks/xpack-riscv-none-elf-gcc-13.2.0-2/bin/../lib/gcc/riscv-none-elf/13.2.0/libgcc.a(floatsisf.o)
 .riscv.attributes
                0x00000574       0x34 /home/lucas/.local/xpacks/xpack-riscv-none-elf-gcc-13.2.0-2/bin/../lib/gcc/riscv-none-elf/13.2.0/libgcc.a(_clzsi2.o)
 .riscv.attributes
                0x000005a8       0x34 /home/lucas/.local/xpacks/xpack-riscv-none-elf-gcc-13.2.0-2/bin/../lib/gcc/riscv-none-elf/13.2.0/libgcc.a(_clz.o)
 .riscv.attributes
                0x000005dc       0x34 /home/lucas/.local/xpacks/xpack-riscv-none-elf-gcc-13.2.0-2/bin/../lib/gcc/riscv-none-elf/13.2.0/libgcc.a(_divdi3.o)
 .riscv.attributes
                0x00000610       0x34 /home/lucas/.local/xpacks/xpack-riscv-none-elf-gcc-13.2.0-2/bin/../lib/gcc/riscv-none-elf/13.2.0/libgcc.a(fixunssfsi.o)
 .riscv.attributes
                0x00000644       0x34 /home/lucas/.local/xpacks/xpack-riscv-none-elf-gcc-13.2.0-2/bin/../lib/gcc/riscv-none-elf/13.2.0/libgcc.a(floatunsisf.o)
 .riscv.attributes
                0x00000678       0x34 /home/lucas/.local/xpacks/xpack-riscv-none-elf-gcc-13.2.0-2/bin/../lib/gcc/riscv-none-elf/13.2.0/../../../../riscv-none-elf/lib/libc_nano.a(libc_a-nano-vfprintf_float.o)
 .riscv.attributes
                0x000006ac       0x34 /home/lucas/.local/xpacks/xpack-riscv-none-elf-gcc-13.2.0-2/bin/../lib/gcc/riscv-none-elf/13.2.0/../../../../riscv-none-elf/lib/libc_nano.a(libc_a-nano-vfprintf_i.o)
 .riscv.attributes
                0x000006e0       0x34 /home/lucas/.local/xpacks/xpack-riscv-none-elf-gcc-13.2.0-2/bin/../lib/gcc/riscv-none-elf/13.2.0/../../../../riscv-none-elf/lib/libc_nano.a(libc_a-memchr.o)
 .riscv.attributes
                0x00000714       0x34 /home/lucas/.local/xpacks/xpack-riscv-none-elf-gcc-13.2.0-2/bin/../lib/gcc/riscv-none-elf/13.2.0/../../../../riscv-none-elf/lib/libc_nano.a(libc_a-localeconv.o)
 .riscv.attributes
                0x00000748       0x34 /home/lucas/.local/xpacks/xpack-riscv-none-elf-gcc-13.2.0-2/bin/../lib/gcc/riscv-none-elf/13.2.0/../../../../riscv-none-elf/lib/libc_nano.a(libc_a-errno.o)
 .riscv.attributes
                0x0000077c       0x34 /home/lucas/.local/xpacks/xpack-riscv-none-elf-gcc-13.2.0-2/bin/../lib/gcc/riscv-none-elf/13.2.0/../../../../riscv-none-elf/lib/libc_nano.a(libc_a-strlen.o)
 .riscv.attributes
                0x000007b0       0x34 /home/lucas/.local/xpacks/xpack-riscv-none-elf-gcc-13.2.0-2/bin/../lib/gcc/riscv-none-elf/13.2.0/../../../../riscv-none-elf/lib/libc_nano.a(libc_a-dtoa.o)
 .riscv.attributes
                0x000007e4       0x34 /home/lucas/.local/xpacks/xpack-riscv-none-elf-gcc-13.2.0-2/bin/../lib/gcc/riscv-none-elf/13.2.0/../../../../riscv-none-elf/lib/libc_nano.a(libc_a-malloc.o)
 .riscv.attributes
                0x00000818       0x34 /home/lucas/.local/xpacks/xpack-riscv-none-elf-gcc-13.2.0-2/bin/../lib/gcc/riscv-none-elf/13.2.0/../../../../riscv-none-elf/lib/libc_nano.a(libc_a-mallocr.o)
 .riscv.attributes
                0x0000084c       0x34 /home/lucas/.local/xpacks/xpack-riscv-none-elf-gcc-13.2.0-2/bin/../lib/gcc/riscv-none-elf/13.2.0/../../../../riscv-none-elf/lib/libc_nano.a(libc_a-mlock.o)
 .riscv.attributes
                0x00000880       0x34 /home/lucas/.local/xpacks/xpack-riscv-none-elf-gcc-13.2.0-2/bin/../lib/gcc/riscv-none-elf/13.2.0/../../../../riscv-none-elf/lib/libc_nano.a(libc_a-mprec.o)
 .riscv.attributes
                0x000008b4       0x34 /home/lucas/.local/xpacks/xpack-riscv-none-elf-gcc-13.2.0-2/bin/../lib/gcc/riscv-none-elf/13.2.0/../../../../riscv-none-elf/lib/libc_nano.a(libc_a-locale.o)
 .riscv.attributes
                0x000008e8       0x34 /home/lucas/.local/xpacks/xpack-riscv-none-elf-gcc-13.2.0-2/bin/../lib/gcc/riscv-none-elf/13.2.0/../../../../riscv-none-elf/lib/libc_nano.a(libc_a-impure.o)
 .riscv.attributes
                0x0000091c       0x34 /home/lucas/.local/xpacks/xpack-riscv-none-elf-gcc-13.2.0-2/bin/../lib/gcc/riscv-none-elf/13.2.0/../../../../riscv-none-elf/lib/libc_nano.a(libc_a-sbrkr.o)
 .riscv.attributes
                0x00000950       0x34 /home/lucas/.local/xpacks/xpack-riscv-none-elf-gcc-13.2.0-2/bin/../lib/gcc/riscv-none-elf/13.2.0/../../../../riscv-none-elf/lib/libc_nano.a(libc_a-lock.o)
 .riscv.attributes
                0x00000984       0x32 /home/lucas/.local/xpacks/xpack-riscv-none-elf-gcc-13.2.0-2/bin/../lib/gcc/riscv-none-elf/13.2.0/../../../../riscv-none-elf/lib/libc_nano.a(libc_a-memcpy-asm.o)
 .riscv.attributes
                0x000009b6       0x34 /home/lucas/.local/xpacks/xpack-riscv-none-elf-gcc-13.2.0-2/bin/../lib/gcc/riscv-none-elf/13.2.0/../../../../riscv-none-elf/lib/libc_nano.a(libc_a-assert.o)
 .riscv.attributes
                0x000009ea       0x34 /home/lucas/.local/xpacks/xpack-riscv-none-elf-gcc-13.2.0-2/bin/../lib/gcc/riscv-none-elf/13.2.0/../../../../riscv-none-elf/lib/libc_nano.a(libc_a-callocr.o)
 .riscv.attributes
                0x00000a1e       0x34 /home/lucas/.local/xpacks/xpack-riscv-none-elf-gcc-13.2.0-2/bin/../lib/gcc/riscv-none-elf/13.2.0/../../../../riscv-none-elf/lib/libc_nano.a(libc_a-freer.o)
 .riscv.attributes
                0x00000a52       0x34 /home/lucas/.local/xpacks/xpack-riscv-none-elf-gcc-13.2.0-2/bin/../lib/gcc/riscv-none-elf/13.2.0/../../../../riscv-none-elf/lib/libc_nano.a(libc_a-mbtowc_r.o)
 .riscv.attributes
                0x00000a86       0x34 /home/lucas/.local/xpacks/xpack-riscv-none-elf-gcc-13.2.0-2/bin/../lib/gcc/riscv-none-elf/13.2.0/../../../../riscv-none-elf/lib/libc_nano.a(libc_a-wctomb_r.o)
 .riscv.attributes
                0x00000aba       0x34 /home/lucas/.local/xpacks/xpack-riscv-none-elf-gcc-13.2.0-2/bin/../lib/gcc/riscv-none-elf/13.2.0/../../../../riscv-none-elf/lib/libc_nano.a(libc_a-ctype_.o)
 .riscv.attributes
                0x00000aee       0x34 /home/lucas/.local/xpacks/xpack-riscv-none-elf-gcc-13.2.0-2/bin/../lib/gcc/riscv-none-elf/13.2.0/../../../../riscv-none-elf/lib/libc_nano.a(libc_a-fprintf.o)
 .riscv.attributes
                0x00000b22       0x34 /home/lucas/.local/xpacks/xpack-riscv-none-elf-gcc-13.2.0-2/bin/../lib/gcc/riscv-none-elf/13.2.0/../../../../riscv-none-elf/lib/libc_nano.a(libc_a-reent.o)
 .riscv.attributes
                0x00000b56       0x32 /home/lucas/.local/xpacks/xpack-riscv-none-elf-gcc-13.2.0-2/bin/../lib/gcc/riscv-none-elf/13.2.0/../../../../riscv-none-elf/lib/libc_nano.a(libc_a-memset.o)
 .riscv.attributes
                0x00000b88       0x34 /home/lucas/.local/xpacks/xpack-riscv-none-elf-gcc-13.2.0-2/bin/../lib/gcc/riscv-none-elf/13.2.0/../../../../riscv-none-elf/lib/libc_nano.a(libc_a-abort.o)
 .riscv.attributes
                0x00000bbc       0x34 /home/lucas/.local/xpacks/xpack-riscv-none-elf-gcc-13.2.0-2/bin/../lib/gcc/riscv-none-elf/13.2.0/../../../../riscv-none-elf/lib/libc_nano.a(libc_a-nano-vfprintf.o)
 .riscv.attributes
                0x00000bf0       0x34 /home/lucas/.local/xpacks/xpack-riscv-none-elf-gcc-13.2.0-2/bin/../lib/gcc/riscv-none-elf/13.2.0/../../../../riscv-none-elf/lib/libc_nano.a(libc_a-findfp.o)
 .riscv.attributes
                0x00000c24       0x34 /home/lucas/.local/xpacks/xpack-riscv-none-elf-gcc-13.2.0-2/bin/../lib/gcc/riscv-none-elf/13.2.0/../../../../riscv-none-elf/lib/libc_nano.a(libc_a-fwalk.o)
 .riscv.attributes
                0x00000c58       0x34 /home/lucas/.local/xpacks/xpack-riscv-none-elf-gcc-13.2.0-2/bin/../lib/gcc/riscv-none-elf/13.2.0/../../../../riscv-none-elf/lib/libc_nano.a(libc_a-stdio.o)
 .riscv.attributes
                0x00000c8c       0x34 /home/lucas/.local/xpacks/xpack-riscv-none-elf-gcc-13.2.0-2/bin/../lib/gcc/riscv-none-elf/13.2.0/../../../../riscv-none-elf/lib/libc_nano.a(libc_a-wbuf.o)
 .riscv.attributes
                0x00000cc0       0x34 /home/lucas/.local/xpacks/xpack-riscv-none-elf-gcc-13.2.0-2/bin/../lib/gcc/riscv-none-elf/13.2.0/../../../../riscv-none-elf/lib/libc_nano.a(libc_a-wsetup.o)
 .riscv.attributes
                0x00000cf4       0x34 /home/lucas/.local/xpacks/xpack-riscv-none-elf-gcc-13.2.0-2/bin/../lib/gcc/riscv-none-elf/13.2.0/../../../../riscv-none-elf/lib/libc_nano.a(libc_a-signal.o)
 .riscv.attributes
                0x00000d28       0x34 /home/lucas/.local/xpacks/xpack-riscv-none-elf-gcc-13.2.0-2/bin/../lib/gcc/riscv-none-elf/13.2.0/../../../../riscv-none-elf/lib/libc_nano.a(libc_a-closer.o)
 .riscv.attributes
                0x00000d5c       0x34 /home/lucas/.local/xpacks/xpack-riscv-none-elf-gcc-13.2.0-2/bin/../lib/gcc/riscv-none-elf/13.2.0/../../../../riscv-none-elf/lib/libc_nano.a(libc_a-lseekr.o)
 .riscv.attributes
                0x00000d90       0x34 /home/lucas/.local/xpacks/xpack-riscv-none-elf-gcc-13.2.0-2/bin/../lib/gcc/riscv-none-elf/13.2.0/../../../../riscv-none-elf/lib/libc_nano.a(libc_a-readr.o)
 .riscv.attributes
                0x00000dc4       0x34 /home/lucas/.local/xpacks/xpack-riscv-none-elf-gcc-13.2.0-2/bin/../lib/gcc/riscv-none-elf/13.2.0/../../../../riscv-none-elf/lib/libc_nano.a(libc_a-signalr.o)
 .riscv.attributes
                0x00000df8       0x34 /home/lucas/.local/xpacks/xpack-riscv-none-elf-gcc-13.2.0-2/bin/../lib/gcc/riscv-none-elf/13.2.0/../../../../riscv-none-elf/lib/libc_nano.a(libc_a-writer.o)
 .riscv.attributes
                0x00000e2c       0x34 /home/lucas/.local/xpacks/xpack-riscv-none-elf-gcc-13.2.0-2/bin/../lib/gcc/riscv-none-elf/13.2.0/../../../../riscv-none-elf/lib/libc_nano.a(libc_a-fflush.o)
 .riscv.attributes
                0x00000e60       0x34 /home/lucas/.local/xpacks/xpack-riscv-none-elf-gcc-13.2.0-2/bin/../lib/gcc/riscv-none-elf/13.2.0/../../../../riscv-none-elf/lib/libc_nano.a(libc_a-makebuf.o)
 .riscv.attributes
                0x00000e94       0x34 /home/lucas/.local/xpacks/xpack-riscv-none-elf-gcc-13.2.0-2/bin/../lib/gcc/riscv-none-elf/13.2.0/../../../../riscv-none-elf/lib/libc_nano.a(libc_a-fstatr.o)
 .riscv.attributes
                0x00000ec8       0x34 /home/lucas/.local/xpacks/xpack-riscv-none-elf-gcc-13.2.0-2/bin/../lib/gcc/riscv-none-elf/13.2.0/../../../../riscv-none-elf/lib/libc_nano.a(libc_a-isattyr.o)
 .riscv.attributes
                0x00000efc       0x34 /home/lucas/.local/xpacks/xpack-riscv-none-elf-gcc-13.2.0-2/bin/../lib/gcc/riscv-none-elf/13.2.0/../../../../riscv-none-elf/lib/libc_nano.a(libc_a-memcmp.o)
 .riscv.attributes
                0x00000f30       0x34 /home/lucas/.local/xpacks/xpack-riscv-none-elf-gcc-13.2.0-2/bin/../lib/gcc/riscv-none-elf/13.2.0/libgcc.a(adddf3.o)
 .riscv.attributes
                0x00000f64       0x34 /home/lucas/.local/xpacks/xpack-riscv-none-elf-gcc-13.2.0-2/bin/../lib/gcc/riscv-none-elf/13.2.0/libgcc.a(divdf3.o)
 .riscv.attributes
                0x00000f98       0x34 /home/lucas/.local/xpacks/xpack-riscv-none-elf-gcc-13.2.0-2/bin/../lib/gcc/riscv-none-elf/13.2.0/libgcc.a(eqdf2.o)
 .riscv.attributes
                0x00000fcc       0x34 /home/lucas/.local/xpacks/xpack-riscv-none-elf-gcc-13.2.0-2/bin/../lib/gcc/riscv-none-elf/13.2.0/libgcc.a(gedf2.o)
 .riscv.attributes
                0x00001000       0x34 /home/lucas/.local/xpacks/xpack-riscv-none-elf-gcc-13.2.0-2/bin/../lib/gcc/riscv-none-elf/13.2.0/libgcc.a(ledf2.o)
 .riscv.attributes
                0x00001034       0x34 /home/lucas/.local/xpacks/xpack-riscv-none-elf-gcc-13.2.0-2/bin/../lib/gcc/riscv-none-elf/13.2.0/libgcc.a(muldf3.o)
 .riscv.attributes
                0x00001068       0x34 /home/lucas/.local/xpacks/xpack-riscv-none-elf-gcc-13.2.0-2/bin/../lib/gcc/riscv-none-elf/13.2.0/libgcc.a(subdf3.o)
 .riscv.attributes
                0x0000109c       0x34 /home/lucas/.local/xpacks/xpack-riscv-none-elf-gcc-13.2.0-2/bin/../lib/gcc/riscv-none-elf/13.2.0/libgcc.a(unorddf2.o)
 .riscv.attributes
                0x000010d0       0x34 /home/lucas/.local/xpacks/xpack-riscv-none-elf-gcc-13.2.0-2/bin/../lib/gcc/riscv-none-elf/13.2.0/libgcc.a(fixdfsi.o)
 .riscv.attributes
                0x00001104       0x34 /home/lucas/.local/xpacks/xpack-riscv-none-elf-gcc-13.2.0-2/bin/../lib/gcc/riscv-none-elf/13.2.0/libgcc.a(floatsidf.o)
 .riscv.attributes
                0x00001138       0x34 /home/lucas/.local/xpacks/xpack-riscv-none-elf-gcc-13.2.0-2/bin/../lib/gcc/riscv-none-elf/13.2.0/libgcc.a(floatunsidf.o)
 .riscv.attributes
                0x0000116c       0x34 /home/lucas/.local/xpacks/xpack-riscv-none-elf-gcc-13.2.0-2/bin/../lib/gcc/riscv-none-elf/13.2.0/libgcc.a(trunctfdf2.o)
 .riscv.attributes
                0x000011a0       0x34 /home/lucas/.local/xpacks/xpack-riscv-none-elf-gcc-13.2.0-2/bin/../lib/gcc/riscv-none-elf/13.2.0/../../../../riscv-none-elf/lib/libnosys.a(close.o)
 .riscv.attributes
                0x000011d4       0x34 /home/lucas/.local/xpacks/xpack-riscv-none-elf-gcc-13.2.0-2/bin/../lib/gcc/riscv-none-elf/13.2.0/../../../../riscv-none-elf/lib/libnosys.a(fstat.o)
 .riscv.attributes
                0x00001208       0x34 /home/lucas/.local/xpacks/xpack-riscv-none-elf-gcc-13.2.0-2/bin/../lib/gcc/riscv-none-elf/13.2.0/../../../../riscv-none-elf/lib/libnosys.a(getpid.o)
 .riscv.attributes
                0x0000123c       0x34 /home/lucas/.local/xpacks/xpack-riscv-none-elf-gcc-13.2.0-2/bin/../lib/gcc/riscv-none-elf/13.2.0/../../../../riscv-none-elf/lib/libnosys.a(isatty.o)
 .riscv.attributes
                0x00001270       0x34 /home/lucas/.local/xpacks/xpack-riscv-none-elf-gcc-13.2.0-2/bin/../lib/gcc/riscv-none-elf/13.2.0/../../../../riscv-none-elf/lib/libnosys.a(kill.o)
 .riscv.attributes
                0x000012a4       0x34 /home/lucas/.local/xpacks/xpack-riscv-none-elf-gcc-13.2.0-2/bin/../lib/gcc/riscv-none-elf/13.2.0/../../../../riscv-none-elf/lib/libnosys.a(lseek.o)
 .riscv.attributes
                0x000012d8       0x34 /home/lucas/.local/xpacks/xpack-riscv-none-elf-gcc-13.2.0-2/bin/../lib/gcc/riscv-none-elf/13.2.0/../../../../riscv-none-elf/lib/libnosys.a(read.o)
 .riscv.attributes
                0x0000130c       0x34 /home/lucas/.local/xpacks/xpack-riscv-none-elf-gcc-13.2.0-2/bin/../lib/gcc/riscv-none-elf/13.2.0/../../../../riscv-none-elf/lib/libnosys.a(sbrk.o)
 .riscv.attributes
                0x00001340       0x34 /home/lucas/.local/xpacks/xpack-riscv-none-elf-gcc-13.2.0-2/bin/../lib/gcc/riscv-none-elf/13.2.0/../../../../riscv-none-elf/lib/libnosys.a(write.o)
 .riscv.attributes
                0x00001374       0x34 /home/lucas/.local/xpacks/xpack-riscv-none-elf-gcc-13.2.0-2/bin/../lib/gcc/riscv-none-elf/13.2.0/../../../../riscv-none-elf/lib/libnosys.a(_exit.o)
