Archive member included to satisfy reference by file (symbol)

C:/Users/ROG/Documents/xpack-riscv-none-elf-gcc-15.2.0-1/bin/../lib/gcc/riscv-none-elf/15.2.0/../../../../riscv-none-elf/lib\libm_nano.a(libm_a-wf_asin.o)
                              build/tracker/src/sensor/fusion/vqf_simple.o (symbol from plugin) (asinf)
C:/Users/ROG/Documents/xpack-riscv-none-elf-gcc-15.2.0-1/bin/../lib/gcc/riscv-none-elf/15.2.0/../../../../riscv-none-elf/lib\libm_nano.a(libm_a-wf_atan2.o)
                              build/tracker/src/sensor/fusion/vqf_advanced.o (symbol from plugin) (atan2f)
C:/Users/ROG/Documents/xpack-riscv-none-elf-gcc-15.2.0-1/bin/../lib/gcc/riscv-none-elf/15.2.0/../../../../riscv-none-elf/lib\libm_nano.a(libm_a-wf_sqrt.o)
                              build/tracker/src/sensor/imu/sc7i22.o (symbol from plugin) (sqrtf)
C:/Users/ROG/Documents/xpack-riscv-none-elf-gcc-15.2.0-1/bin/../lib/gcc/riscv-none-elf/15.2.0/../../../../riscv-none-elf/lib\libm_nano.a(libm_a-sf_cos.o)
                              build/tracker/src/sensor/fusion/vqf_advanced.o (symbol from plugin) (cosf)
C:/Users/ROG/Documents/xpack-riscv-none-elf-gcc-15.2.0-1/bin/../lib/gcc/riscv-none-elf/15.2.0/../../../../riscv-none-elf/lib\libm_nano.a(libm_a-sf_sin.o)
                              build/tracker/src/sensor/fusion/vqf_advanced.o (symbol from plugin) (sinf)
C:/Users/ROG/Documents/xpack-riscv-none-elf-gcc-15.2.0-1/bin/../lib/gcc/riscv-none-elf/15.2.0/../../../../riscv-none-elf/lib\libm_nano.a(libm_a-sf_nan.o)
                              C:/Users/ROG/Documents/xpack-riscv-none-elf-gcc-15.2.0-1/bin/../lib/gcc/riscv-none-elf/15.2.0/../../../../riscv-none-elf/lib\libm_nano.a(libm_a-wf_asin.o) (nanf)
C:/Users/ROG/Documents/xpack-riscv-none-elf-gcc-15.2.0-1/bin/../lib/gcc/riscv-none-elf/15.2.0/../../../../riscv-none-elf/lib\libm_nano.a(libm_a-ef_sqrt.o)
                              C:/Users/ROG/Documents/xpack-riscv-none-elf-gcc-15.2.0-1/bin/../lib/gcc/riscv-none-elf/15.2.0/../../../../riscv-none-elf/lib\libm_nano.a(libm_a-wf_sqrt.o) (__ieee754_sqrtf)
C:/Users/ROG/Documents/xpack-riscv-none-elf-gcc-15.2.0-1/bin/../lib/gcc/riscv-none-elf/15.2.0/../../../../riscv-none-elf/lib\libm_nano.a(libm_a-sf_fabs.o)
                              C:/Users/ROG/Documents/xpack-riscv-none-elf-gcc-15.2.0-1/bin/../lib/gcc/riscv-none-elf/15.2.0/../../../../riscv-none-elf/lib\libm_nano.a(libm_a-wf_asin.o) (fabsf)
C:/Users/ROG/Documents/xpack-riscv-none-elf-gcc-15.2.0-1/bin/../lib/gcc/riscv-none-elf/15.2.0/../../../../riscv-none-elf/lib\libm_nano.a(libm_a-sf_copysign.o)
                              build/tracker/src/sensor/fusion/vqf_simple.o (symbol from plugin) (copysignf)
C:/Users/ROG/Documents/xpack-riscv-none-elf-gcc-15.2.0-1/bin/../lib/gcc/riscv-none-elf/15.2.0/../../../../riscv-none-elf/lib\libm_nano.a(libm_a-kf_cos.o)
                              C:/Users/ROG/Documents/xpack-riscv-none-elf-gcc-15.2.0-1/bin/../lib/gcc/riscv-none-elf/15.2.0/../../../../riscv-none-elf/lib\libm_nano.a(libm_a-sf_cos.o) (__kernel_cosf)
C:/Users/ROG/Documents/xpack-riscv-none-elf-gcc-15.2.0-1/bin/../lib/gcc/riscv-none-elf/15.2.0/../../../../riscv-none-elf/lib\libm_nano.a(libm_a-kf_sin.o)
                              C:/Users/ROG/Documents/xpack-riscv-none-elf-gcc-15.2.0-1/bin/../lib/gcc/riscv-none-elf/15.2.0/../../../../riscv-none-elf/lib\libm_nano.a(libm_a-sf_cos.o) (__kernel_sinf)
C:/Users/ROG/Documents/xpack-riscv-none-elf-gcc-15.2.0-1/bin/../lib/gcc/riscv-none-elf/15.2.0/../../../../riscv-none-elf/lib\libm_nano.a(libm_a-ef_asin.o)
                              C:/Users/ROG/Documents/xpack-riscv-none-elf-gcc-15.2.0-1/bin/../lib/gcc/riscv-none-elf/15.2.0/../../../../riscv-none-elf/lib\libm_nano.a(libm_a-wf_asin.o) (__ieee754_asinf)
C:/Users/ROG/Documents/xpack-riscv-none-elf-gcc-15.2.0-1/bin/../lib/gcc/riscv-none-elf/15.2.0/../../../../riscv-none-elf/lib\libm_nano.a(libm_a-ef_atan2.o)
                              C:/Users/ROG/Documents/xpack-riscv-none-elf-gcc-15.2.0-1/bin/../lib/gcc/riscv-none-elf/15.2.0/../../../../riscv-none-elf/lib\libm_nano.a(libm_a-wf_atan2.o) (__ieee754_atan2f)
C:/Users/ROG/Documents/xpack-riscv-none-elf-gcc-15.2.0-1/bin/../lib/gcc/riscv-none-elf/15.2.0/../../../../riscv-none-elf/lib\libm_nano.a(libm_a-ef_rem_pio2.o)
                              C:/Users/ROG/Documents/xpack-riscv-none-elf-gcc-15.2.0-1/bin/../lib/gcc/riscv-none-elf/15.2.0/../../../../riscv-none-elf/lib\libm_nano.a(libm_a-sf_cos.o) (__ieee754_rem_pio2f)
C:/Users/ROG/Documents/xpack-riscv-none-elf-gcc-15.2.0-1/bin/../lib/gcc/riscv-none-elf/15.2.0/../../../../riscv-none-elf/lib\libm_nano.a(libm_a-sf_atan.o)
                              C:/Users/ROG/Documents/xpack-riscv-none-elf-gcc-15.2.0-1/bin/../lib/gcc/riscv-none-elf/15.2.0/../../../../riscv-none-elf/lib\libm_nano.a(libm_a-ef_atan2.o) (atanf)
C:/Users/ROG/Documents/xpack-riscv-none-elf-gcc-15.2.0-1/bin/../lib/gcc/riscv-none-elf/15.2.0/../../../../riscv-none-elf/lib\libm_nano.a(libm_a-kf_rem_pio2.o)
[...]
Memory Configuration

Name             Origin             Length             Attributes
BOOT             0x00000000         0x00001000         xr
FLASH            0x00001000         0x0006f000         xr
RAM              0x20000000         0x00006800         xrw
*default*        0x00000000         0xffffffff

Linker script and memory map

LOAD C:/Users/ROG/Documents/xpack-riscv-none-elf-gcc-15.2.0-1/bin/../lib/gcc/riscv-none-elf/15.2.0/../../../../riscv-none-elf/lib\libm_nano.a
LOAD build/tracker/src/main_tracker.o
LOAD C:\Users\ROG\AppData\Local\Temp\ccCG7Kag.ltrans0.ltrans.o
LOAD build/tracker/src/rf/rf_transmitter.o
LOAD build/tracker/src/usb/usb_bootloader.o
LOAD build/tracker/src/usb/usb_msc.o
LOAD build/tracker/src/usb/usb_hid_slime.o
LOAD build/tracker/src/usb/usb_debug.o
LOAD build/tracker/src/sensor/imu/bmi270.o
LOAD build/tracker/src/sensor/imu/bmi323.o
LOAD build/tracker/src/sensor/imu/icm42688.o
LOAD build/tracker/src/sensor/imu/icm45686.o
LOAD build/tracker/src/sensor/imu/lsm6dso.o
LOAD build/tracker/src/sensor/imu/lsm6dsr.o
LOAD build/tracker/src/sensor/imu/lsm6dsv.o
LOAD build/tracker/src/sensor/imu/iim42652.o
LOAD build/tracker/src/sensor/imu/sc7i22.o
LOAD build/tracker/src/sensor/fusion/vqf_ultra.o
LOAD build/tracker/src/sensor/fusion/vqf_advanced.o
LOAD build/tracker/src/sensor/fusion/vqf_opt.o
LOAD build/tracker/src/sensor/fusion/vqf_simple.o
LOAD build/tracker/src/sensor/fusion/ekf_ahrs.o
LOAD build/tracker/src/sensor/imu_interface.o
LOAD build/tracker/src/sensor/gyro_noise_filter.o
LOAD build/tracker/src/sensor/auto_calibration.o
LOAD build/tracker/src/sensor/temp_compensation.o
LOAD build/tracker/src/sensor/sensor_optimized.o
LOAD build/tracker/src/sensor/mag_interface.o
LOAD build/tracker/src/hal/hal_i2c.o
LOAD build/tracker/src/hal/hal_spi.o
LOAD build/tracker/src/hal/hal_gpio.o
LOAD build/tracker/src/hal/hal_timer.o
LOAD build/tracker/src/hal/hal_storage.o
LOAD build/tracker/src/hal/hal_watchdog.o
LOAD build/tracker/src/hal/hal_power.o
LOAD build/tracker/src/hal/hal_dma.o
LOAD build/tracker/src/hal/hal_charging.o
LOAD build/tracker/src/hal/event_logger.o
LOAD build/tracker/src/hal/diagnostics.o
LOAD build/tracker/src/hal/retained_state.o
LOAD build/tracker/src/hal/power_optimizer.o
LOAD build/tracker/src/rf/rf_hw.o
LOAD build/tracker/src/rf/rf_common.o
LOAD build/tracker/src/rf/rf_ultra.o
LOAD build/tracker/src/rf/channel_manager.o
LOAD build/tracker/src/rf/rf_recovery.o
LOAD build/tracker/src/rf/rf_slot_optimizer.o
LOAD build/tracker/src/rf/rf_timing_opt.o
LOAD build/tracker/sdk/StdPeriphDriver/CH59x_gpio.o
LOAD build/tracker/sdk/StdPeriphDriver/CH59x_clk.o
LOAD build/tracker/sdk/StdPeriphDriver/CH59x_timer.o
LOAD build/tracker/sdk/StdPeriphDriver/CH59x_spi.o
LOAD build/tracker/sdk/StdPeriphDriver/CH59x_i2c.o
LOAD build/tracker/sdk/StdPeriphDriver/CH59x_flash.o
LOAD build/tracker/sdk/StdPeriphDriver/CH59x_usbdev.o
LOAD build/tracker/sdk/StdPeriphDriver/CH59x_pwr.o
LOAD build/tracker/sdk/StdPeriphDriver/CH59x_adc.o
LOAD build/tracker/sdk/RVMSIS/core_riscv.o
LOAD build/tracker/sdk/Startup/startup_CH592.o
LOAD C:/Users/ROG/Documents/xpack-riscv-none-elf-gcc-15.2.0-1/bin/../lib/gcc/riscv-none-elf/15.2.0/../../../../riscv-none-elf/lib\libm_nano.a
LOAD C:/Users/ROG/Documents/xpack-riscv-none-elf-gcc-15.2.0-1/bin/../lib/gcc/riscv-none-elf/15.2.0\libgcc.a
LOAD C:/Users/ROG/Documents/xpack-riscv-none-elf-gcc-15.2.0-1/bin/../lib/gcc/riscv-none-elf/15.2.0/../../../../riscv-none-elf/lib\libc_nano.a
LOAD C:/Users/ROG/Documents/xpack-riscv-none-elf-gcc-15.2.0-1/bin/../lib/gcc/riscv-none-elf/15.2.0\libgcc.a
START GROUP
LOAD C:/Users/ROG/Documents/xpack-riscv-none-elf-gcc-15.2.0-1/bin/../lib/gcc/riscv-none-elf/15.2.0\libgcc.a
LOAD C:/Users/ROG/Documents/xpack-riscv-none-elf-gcc-15.2.0-1/bin/../lib/gcc/riscv-none-elf/15.2.0/../../../../riscv-none-elf/lib\libc_nano.a
LOAD C:/Users/ROG/Documents/xpack-riscv-none-elf-gcc-15.2.0-1/bin/../lib/gcc/riscv-none-elf/15.2.0/../../../../riscv-none-elf/lib\libnosys.a
END GROUP
START GROUP
LOAD C:/Users/ROG/Documents/xpack-riscv-none-elf-gcc-15.2.0-1/bin/../lib/gcc/riscv-none-elf/15.2.0\libgcc.a
LOAD C:/Users/ROG/Documents/xpack-riscv-none-elf-gcc-15.2.0-1/bin/../lib/gcc/riscv-none-elf/15.2.0/../../../../riscv-none-elf/lib\libc_nano.a
LOAD C:/Users/ROG/Documents/xpack-riscv-none-elf-gcc-15.2.0-1/bin/../lib/gcc/riscv-none-elf/15.2.0/../../../../riscv-none-elf/lib\libnosys.a
END GROUP
                0x20006800                        _estack = (ORIGIN (RAM) + LENGTH (RAM))
                0x00000200                        _Min_Heap_Size = 0x200
                0x00000400                        _Min_Stack_Size = 0x400

.vectors        0x00001000       0x90
                0x00001000                        . = ALIGN (0x4)
 *(.vectors)
 .vectors       0x00001000       0x90 build/tracker/sdk/Startup/startup_CH592.o
                0x00001000                _vectors
                0x00001090                        . = ALIGN (0x4)

.init           0x00001090       0x74
                0x00001090                        . = ALIGN (0x4)
 *(.init)
 .init          0x00001090       0x72 build/tracker/sdk/Startup/startup_CH592.o
                0x00001090                _start
                0x00001104                        . = ALIGN (0x4)
 *fill*         0x00001102        0x2 

.highcode       0x20000000      0x3f8 load address 0x00001104
                0x20000000                        . = ALIGN (0x4)
                0x20000000                        _highcode_start = .
 *(.highcode)
 .highcode      0x20000000      0x3f6 C:\Users\ROG\AppData\Local\Temp\ccCG7Kag.ltrans0.ltrans.o
                0x20000000                GPIOA_IRQHandler
                0x200000ac                GPIOB_IRQHandler
                0x2000015e                TMR0_IRQHandler
                0x20000282                TMR1_IRQHandler
                0x200002b2                TMR2_IRQHandler
                0x200002d4                BLE_IRQHandler
 *(.highcode.*)
 *(.text.GPIOA_IRQHandler)
 *(.text.TMR2_IRQHandler)
                0x200003f8                        . = ALIGN (0x4)
 *fill*         0x200003f6        0x2 
                0x200003f8                        _highcode_end = .
                0x00001104                        _highcode_lma = LOADADDR (.highcode)
                0x20000000                        _highcode_vma_start = ADDR (.highcode)
                0x200003f8                        _highcode_vma_end = (_highcode_vma_start + SIZEOF (.highcode))

.text           0x000014fc     0xdd88
                0x000014fc                        . = ALIGN (0x4)
 *(.text)
 .text          0x000014fc     0x392e C:\Users\ROG\AppData\Local\Temp\ccCG7Kag.ltrans0.ltrans.o
                0x000046ca                SPI0_IRQHandler
                0x000046cc                USB_IRQHandler
                0x00004d8a                HardFault_Handler
                0x00004e06                SW_Handler
 .text          0x00004e2a       0x16 C:/Users/ROG/Documents/xpack-riscv-none-elf-gcc-15.2.0-1/bin/../lib/gcc/riscv-none-elf/15.2.0/../../../../riscv-none-elf/lib\libc_nano.a(libc_a-memcpy-asm.o)
                0x00004e2a                memcpy
 .text          0x00004e40       0x10 C:/Users/ROG/Documents/xpack-riscv-none-elf-gcc-15.2.0-1/bin/../lib/gcc/riscv-none-elf/15.2.0/../../../../riscv-none-elf/lib\libc_nano.a(libc_a-memset.o)
                0x00004e40                memset
 *(.text.*)
 .text.startup  0x00004e50     0x23a6 C:\Users\ROG\AppData\Local\Temp\ccCG7Kag.ltrans0.ltrans.o
                0x00004e50                main
 .text.Default_Handler
                0x000071f6        0x2 build/tracker/sdk/Startup/startup_CH592.o
                0x000071f6                SysTick_Handler
                0x000071f6                NMI_Handler
                0x000071f6                UART1_IRQHandler
                0x000071f6                UART0_IRQHandler
                0x000071f6                SPI1_IRQHandler
                0x000071f6                RTC_IRQHandler
                0x000071f6                LCD_IRQHandler
                0x000071f6                UART2_IRQHandler
                0x000071f6                Default_Handler
                0x000071f6                ADC_IRQHandler
                0x000071f6                I2C_IRQHandler
                0x000071f6                TMR3_IRQHandler
                0x000071f6                PWM_IRQHandler
                0x000071f6                WDOG_IRQHandler
                0x000071f6                UART3_IRQHandler
 .text.SystemInit
                0x000071f8        0x2 build/tracker/sdk/Startup/startup_CH592.o
                0x000071f8                SystemInit
 .text.__libc_init_array
                0x000071fa        0x2 build/tracker/sdk/Startup/startup_CH592.o
                0x000071fa                __libc_init_array
 .text.atan2f   0x000071fc        0x2 C:/Users/ROG/Documents/xpack-riscv-none-elf-gcc-15.2.0-1/bin/../lib/gcc/riscv-none-elf/15.2.0/../../../../riscv-none-elf/lib\libm_nano.a(libm_a-wf_atan2.o)
                0x000071fc                atan2f
 .text.sqrtf    0x000071fe       0x48 C:/Users/ROG/Documents/xpack-riscv-none-elf-gcc-15.2.0-1/bin/../lib/gcc/riscv-none-elf/15.2.0/../../../../riscv-none-elf/lib\libm_nano.a(libm_a-wf_sqrt.o)
                0x000071fe                sqrtf
 .text.cosf     0x00007246       0x6c C:/Users/ROG/Documents/xpack-riscv-none-elf-gcc-15.2.0-1/bin/../lib/gcc/riscv-none-elf/15.2.0/../../../../riscv-none-elf/lib\libm_nano.a(libm_a-sf_cos.o)
                0x00007246                cosf
 .text.sinf     0x000072b2       0x6c C:/Users/ROG/Documents/xpack-riscv-none-elf-gcc-15.2.0-1/bin/../lib/gcc/riscv-none-elf/15.2.0/../../../../riscv-none-elf/lib\libm_nano.a(libm_a-sf_sin.o)
                0x000072b2                sinf
 .text.__ieee754_sqrtf
                0x0000731e      0x11e C:/Users/ROG/Documents/xpack-riscv-none-elf-gcc-15.2.0-1/bin/../lib/gcc/riscv-none-elf/15.2.0/../../../../riscv-none-elf/lib\libm_nano.a(libm_a-ef_sqrt.o)
                0x0000731e                __ieee754_sqrtf
 .text.fabsf    0x0000743c        0x6 C:/Users/ROG/Documents/xpack-riscv-none-elf-gcc-15.2.0-1/bin/../lib/gcc/riscv-none-elf/15.2.0/../../../../riscv-none-elf/lib\libm_nano.a(libm_a-sf_fabs.o)
                0x0000743c                fabsf
 .text.__kernel_cosf
                0x00007442      0x13c C:/Users/ROG/Documents/xpack-riscv-none-elf-gcc-15.2.0-1/bin/../lib/gcc/riscv-none-elf/15.2.0/../../../../riscv-none-elf/lib\libm_nano.a(libm_a-kf_cos.o)
                0x00007442                __kernel_cosf
 .text.__kernel_sinf
                0x0000757e      0x11a C:/Users/ROG/Documents/xpack-riscv-none-elf-gcc-15.2.0-1/bin/../lib/gcc/riscv-none-elf/15.2.0/../../../../riscv-none-elf/lib\libm_nano.a(libm_a-kf_sin.o)
                0x0000757e                __kernel_sinf
 .text.__ieee754_atan2f
                0x00007698      0x154 C:/Users/ROG/Documents/xpack-riscv-none-elf-gcc-15.2.0-1/bin/../lib/gcc/riscv-none-elf/15.2.0/../../../../riscv-none-elf/lib\libm_nano.a(libm_a-ef_atan2.o)
                0x00007698                __ieee754_atan2f
 .text.__ieee754_rem_pio2f
                0x000077ec      0x364 C:/Users/ROG/Documents/xpack-riscv-none-elf-gcc-15.2.0-1/bin/../lib/gcc/riscv-none-elf/15.2.0/../../../../riscv-none-elf/lib\libm_nano.a(libm_a-ef_rem_pio2.o)
                0x000077ec                __ieee754_rem_pio2f
 .text.atanf    0x00007b50      0x274 C:/Users/ROG/Documents/xpack-riscv-none-elf-gcc-15.2.0-1/bin/../lib/gcc/riscv-none-elf/15.2.0/../../../../riscv-none-elf/lib\libm_nano.a(libm_a-sf_atan.o)
                0x00007b50                atanf
 .text.__kernel_rem_pio2f
                0x00007dc4      0x5c4 C:/Users/ROG/Documents/xpack-riscv-none-elf-gcc-15.2.0-1/bin/../lib/gcc/riscv-none-elf/15.2.0/../../../../riscv-none-elf/lib\libm_nano.a(libm_a-kf_rem_pio2.o)
                0x00007dc4                __kernel_rem_pio2f
 .text.floorf   0x00008388       0xba C:/Users/ROG/Documents/xpack-riscv-none-elf-gcc-15.2.0-1/bin/../lib/gcc/riscv-none-elf/15.2.0/../../../../riscv-none-elf/lib\libm_nano.a(libm_a-sf_floor.o)
                0x00008388                floorf
 .text.scalbnf  0x00008442       0xe8 C:/Users/ROG/Documents/xpack-riscv-none-elf-gcc-15.2.0-1/bin/../lib/gcc/riscv-none-elf/15.2.0/../../../../riscv-none-elf/lib\libm_nano.a(libm_a-sf_scalbn.o)
                0x00008442                scalbnf
 .text.__addsf3
                0x0000852a      0x5b8 C:/Users/ROG/Documents/xpack-riscv-none-elf-gcc-15.2.0-1/bin/../lib/gcc/riscv-none-elf/15.2.0\libgcc.a(addsf3.o)
                0x0000852a                __addsf3
 .text.__divsf3
                0x00008ae2      0x2ee C:/Users/ROG/Documents/xpack-riscv-none-elf-gcc-15.2.0-1/bin/../lib/gcc/riscv-none-elf/15.2.0\libgcc.a(divsf3.o)
                0x00008ae2                __divsf3
 .text.__eqsf2  0x00008dd0       0x54 C:/Users/ROG/Documents/xpack-riscv-none-elf-gcc-15.2.0-1/bin/../lib/gcc/riscv-none-elf/15.2.0\libgcc.a(eqsf2.o)
                0x00008dd0                __eqsf2
                0x00008dd0                __nesf2
 .text.__gesf2  0x00008e24       0x88 C:/Users/ROG/Documents/xpack-riscv-none-elf-gcc-15.2.0-1/bin/../lib/gcc/riscv-none-elf/15.2.0\libgcc.a(gesf2.o)
                0x00008e24                __gesf2
                0x00008e24                __gtsf2
 .text.__lesf2  0x00008eac       0x8a C:/Users/ROG/Documents/xpack-riscv-none-elf-gcc-15.2.0-1/bin/../lib/gcc/riscv-none-elf/15.2.0\libgcc.a(lesf2.o)
                0x00008eac                __ltsf2
                0x00008eac                __lesf2
 .text.__mulsf3
                0x00008f36      0x32c C:/Users/ROG/Documents/xpack-riscv-none-elf-gcc-15.2.0-1/bin/../lib/gcc/riscv-none-elf/15.2.0\libgcc.a(mulsf3.o)
                0x00008f36                __mulsf3
 .text.__subsf3
                0x00009262      0x568 C:/Users/ROG/Documents/xpack-riscv-none-elf-gcc-15.2.0-1/bin/../lib/gcc/riscv-none-elf/15.2.0\libgcc.a(subsf3.o)
                0x00009262                __subsf3
 .text.__unordsf2
                0x000097ca       0x38 C:/Users/ROG/Documents/xpack-riscv-none-elf-gcc-15.2.0-1/bin/../lib/gcc/riscv-none-elf/15.2.0\libgcc.a(unordsf2.o)
                0x000097ca                __unordsf2
 .text.__fixsfsi
                0x00009802       0x60 C:/Users/ROG/Documents/xpack-riscv-none-elf-gcc-15.2.0-1/bin/../lib/gcc/riscv-none-elf/15.2.0\libgcc.a(fixsfsi.o)
                0x00009802                __fixsfsi
 .text.__floatsisf
                0x00009862       0xda C:/Users/ROG/Documents/xpack-riscv-none-elf-gcc-15.2.0-1/bin/../lib/gcc/riscv-none-elf/15.2.0\libgcc.a(floatsisf.o)
                0x00009862                __floatsisf
 .text.__clzsi2
                0x0000993c       0x6e C:/Users/ROG/Documents/xpack-riscv-none-elf-gcc-15.2.0-1/bin/../lib/gcc/riscv-none-elf/15.2.0\libgcc.a(_clzsi2.o)
                0x0000993c                __clzsi2
 .text.__divdi3
                0x000099aa      0x3ba C:/Users/ROG/Documents/xpack-riscv-none-elf-gcc-15.2.0-1/bin/../lib/gcc/riscv-none-elf/15.2.0\libgcc.a(_divdi3.o)
                0x000099aa                __divdi3
 .text.__fixunssfsi
                0x00009d64       0x4a C:/Users/ROG/Documents/xpack-riscv-none-elf-gcc-15.2.0-1/bin/../lib/gcc/riscv-none-elf/15.2.0\libgcc.a(fixunssfsi.o)
                0x00009d64                __fixunssfsi
 .text.__floatunsisf
                0x00009dae       0xb2 C:/Users/ROG/Documents/xpack-riscv-none-elf-gcc-15.2.0-1/bin/../lib/gcc/riscv-none-elf/15.2.0\libgcc.a(floatunsisf.o)
                0x00009dae                __floatunsisf
 .text.__cvt    0x00009e60       0xfe C:/Users/ROG/Documents/xpack-riscv-none-elf-gcc-15.2.0-1/bin/../lib/gcc/riscv-none-elf/15.2.0/../../../../riscv-none-elf/lib\libc_nano.a(libc_a-nano-vfprintf_float.o)
                0x00009e60                __cvt
 .text.__exponent
                0x00009f5e       0x9c C:/Users/ROG/Documents/xpack-riscv-none-elf-gcc-15.2.0-1/bin/../lib/gcc/riscv-none-elf/15.2.0/../../../../riscv-none-elf/lib\libc_nano.a(libc_a-nano-vfprintf_float.o)
                0x00009f5e                __exponent
 .text._printf_float
                0x00009ffa      0x4ba C:/Users/ROG/Documents/xpack-riscv-none-elf-gcc-15.2.0-1/bin/../lib/gcc/riscv-none-elf/15.2.0/../../../../riscv-none-elf/lib\libc_nano.a(libc_a-nano-vfprintf_float.o)
                0x00009ffa                _printf_float
 .text._printf_common
                0x0000a4b4      0x112 C:/Users/ROG/Documents/xpack-riscv-none-elf-gcc-15.2.0-1/bin/../lib/gcc/riscv-none-elf/15.2.0/../../../../riscv-none-elf/lib\libc_nano.a(libc_a-nano-vfprintf_i.o)
                0x0000a4b4                _printf_common
 .text._printf_i
                0x0000a5c6      0x268 C:/Users/ROG/Documents/xpack-riscv-none-elf-gcc-15.2.0-1/bin/../lib/gcc/riscv-none-elf/15.2.0/../../../../riscv-none-elf/lib\libc_nano.a(libc_a-nano-vfprintf_i.o)
                0x0000a5c6                _printf_i
 .text.memchr   0x0000a82e       0x1a C:/Users/ROG/Documents/xpack-riscv-none-elf-gcc-15.2.0-1/bin/../lib/gcc/riscv-none-elf/15.2.0/../../../../riscv-none-elf/lib\libc_nano.a(libc_a-memchr.o)
                0x0000a82e                memchr
 .text._localeconv_r
                0x0000a848        0xa C:/Users/ROG/Documents/xpack-riscv-none-elf-gcc-15.2.0-1/bin/../lib/gcc/riscv-none-elf/15.2.0/../../../../riscv-none-elf/lib\libc_nano.a(libc_a-localeconv.o)
                0x0000a848                _localeconv_r
 .text.__errno  0x0000a852        0xa C:/Users/ROG/Documents/xpack-riscv-none-elf-gcc-15.2.0-1/bin/../lib/gcc/riscv-none-elf/15.2.0/../../../../riscv-none-elf/lib\libc_nano.a(libc_a-errno.o)
                0x0000a852                __errno
 .text.strlen   0x0000a85c       0x12 C:/Users/ROG/Documents/xpack-riscv-none-elf-gcc-15.2.0-1/bin/../lib/gcc/riscv-none-elf/15.2.0/../../../../riscv-none-elf/lib\libc_nano.a(libc_a-strlen.o)
                0x0000a85c                strlen
 .text.quorem   0x0000a86e      0x136 C:/Users/ROG/Documents/xpack-riscv-none-elf-gcc-15.2.0-1/bin/../lib/gcc/riscv-none-elf/15.2.0/../../../../riscv-none-elf/lib\libc_nano.a(libc_a-dtoa.o)
 .text._dtoa_r  0x0000a9a4      0xbf2 C:/Users/ROG/Documents/xpack-riscv-none-elf-gcc-15.2.0-1/bin/../lib/gcc/riscv-none-elf/15.2.0/../../../../riscv-none-elf/lib\libc_nano.a(libc_a-dtoa.o)
                0x0000a9a4                _dtoa_r
 .text.malloc   0x0000b596        0xc C:/Users/ROG/Documents/xpack-riscv-none-elf-gcc-15.2.0-1/bin/../lib/gcc/riscv-none-elf/15.2.0/../../../../riscv-none-elf/lib\libc_nano.a(libc_a-malloc.o)
                0x0000b596                malloc
 .text.sbrk_aligned
                0x0000b5a2       0x5a C:/Users/ROG/Documents/xpack-riscv-none-elf-gcc-15.2.0-1/bin/../lib/gcc/riscv-none-elf/15.2.0/../../../../riscv-none-elf/lib\libc_nano.a(libc_a-mallocr.o)
 .text._malloc_r
                0x0000b5fc      0x124 C:/Users/ROG/Documents/xpack-riscv-none-elf-gcc-15.2.0-1/bin/../lib/gcc/riscv-none-elf/15.2.0/../../../../riscv-none-elf/lib\libc_nano.a(libc_a-mallocr.o)
                0x0000b5fc                _malloc_r
 .text.__malloc_lock
                0x0000b720        0xc C:/Users/ROG/Documents/xpack-riscv-none-elf-gcc-15.2.0-1/bin/../lib/gcc/riscv-none-elf/15.2.0/../../../../riscv-none-elf/lib\libc_nano.a(libc_a-mlock.o)
                0x0000b720                __malloc_lock
 .text.__malloc_unlock
                0x0000b72c        0xc C:/Users/ROG/Documents/xpack-riscv-none-elf-gcc-15.2.0-1/bin/../lib/gcc/riscv-none-elf/15.2.0/../../../../riscv-none-elf/lib\libc_nano.a(libc_a-mlock.o)
                0x0000b72c                __malloc_unlock
 .text._Balloc  0x0000b738       0xa2 C:/Users/ROG/Documents/xpack-riscv-none-elf-gcc-15.2.0-1/bin/../lib/gcc/riscv-none-elf/15.2.0/../../../../riscv-none-elf/lib\libc_nano.a(libc_a-mprec.o)
                0x0000b738                _Balloc
 .text._Bfree   0x0000b7da       0x5e C:/Users/ROG/Documents/xpack-riscv-none-elf-gcc-15.2.0-1/bin/../lib/gcc/riscv-none-elf/15.2.0/../../../../riscv-none-elf/lib\libc_nano.a(libc_a-mprec.o)
                0x0000b7da                _Bfree
 .text.__multadd
                0x0000b838       0xb6 C:/Users/ROG/Documents/xpack-riscv-none-elf-gcc-15.2.0-1/bin/../lib/gcc/riscv-none-elf/15.2.0/../../../../riscv-none-elf/lib\libc_nano.a(libc_a-mprec.o)
                0x0000b838                __multadd
 .text.__hi0bits
                0x0000b8ee       0x48 C:/Users/ROG/Documents/xpack-riscv-none-elf-gcc-15.2.0-1/bin/../lib/gcc/riscv-none-elf/15.2.0/../../../../riscv-none-elf/lib\libc_nano.a(libc_a-mprec.o)
                0x0000b8ee                __hi0bits
 .text.__lo0bits
                0x0000b936       0x68 C:/Users/ROG/Documents/xpack-riscv-none-elf-gcc-15.2.0-1/bin/../lib/gcc/riscv-none-elf/15.2.0/../../../../riscv-none-elf/lib\libc_nano.a(libc_a-mprec.o)
                0x0000b936                __lo0bits
 .text.__i2b    0x0000b99e       0x36 C:/Users/ROG/Documents/xpack-riscv-none-elf-gcc-15.2.0-1/bin/../lib/gcc/riscv-none-elf/15.2.0/../../../../riscv-none-elf/lib\libc_nano.a(libc_a-mprec.o)
                0x0000b99e                __i2b
 .text.__multiply
                0x0000b9d4      0x186 C:/Users/ROG/Documents/xpack-riscv-none-elf-gcc-15.2.0-1/bin/../lib/gcc/riscv-none-elf/15.2.0/../../../../riscv-none-elf/lib\libc_nano.a(libc_a-mprec.o)
                0x0000b9d4                __multiply
 .text.__pow5mult
                0x0000bb5a       0xe0 C:/Users/ROG/Documents/xpack-riscv-none-elf-gcc-15.2.0-1/bin/../lib/gcc/riscv-none-elf/15.2.0/../../../../riscv-none-elf/lib\libc_nano.a(libc_a-mprec.o)
                0x0000bb5a                __pow5mult
 .text.__lshift
                0x0000bc3a       0xf8 C:/Users/ROG/Documents/xpack-riscv-none-elf-gcc-15.2.0-1/bin/../lib/gcc/riscv-none-elf/15.2.0/../../../../riscv-none-elf/lib\libc_nano.a(libc_a-mprec.o)
                0x0000bc3a                __lshift
 .text.__mcmp   0x0000bd32       0x36 C:/Users/ROG/Documents/xpack-riscv-none-elf-gcc-15.2.0-1/bin/../lib/gcc/riscv-none-elf/15.2.0/../../../../riscv-none-elf/lib\libc_nano.a(libc_a-mprec.o)
                0x0000bd32                __mcmp
 .text.__mdiff  0x0000bd68      0x162 C:/Users/ROG/Documents/xpack-riscv-none-elf-gcc-15.2.0-1/bin/../lib/gcc/riscv-none-elf/15.2.0/../../../../riscv-none-elf/lib\libc_nano.a(libc_a-mprec.o)
                0x0000bd68                __mdiff
 .text.__d2b    0x0000beca       0xe0 C:/Users/ROG/Documents/xpack-riscv-none-elf-gcc-15.2.0-1/bin/../lib/gcc/riscv-none-elf/15.2.0/../../../../riscv-none-elf/lib\libc_nano.a(libc_a-mprec.o)
                0x0000beca                __d2b
 .text._sbrk_r  0x0000bfaa       0x30 C:/Users/ROG/Documents/xpack-riscv-none-elf-gcc-15.2.0-1/bin/../lib/gcc/riscv-none-elf/15.2.0/../../../../riscv-none-elf/lib\libc_nano.a(libc_a-sbrkr.o)
                0x0000bfaa                _sbrk_r
 .text.__retarget_lock_init_recursive
                0x0000bfda        0x2 C:/Users/ROG/Documents/xpack-riscv-none-elf-gcc-15.2.0-1/bin/../lib/gcc/riscv-none-elf/15.2.0/../../../../riscv-none-elf/lib\libc_nano.a(libc_a-lock.o)
                0x0000bfda                __retarget_lock_init_recursive
 .text.__retarget_lock_acquire_recursive
                0x0000bfdc        0x2 C:/Users/ROG/Documents/xpack-riscv-none-elf-gcc-15.2.0-1/bin/../lib/gcc/riscv-none-elf/15.2.0/../../../../riscv-none-elf/lib\libc_nano.a(libc_a-lock.o)
                0x0000bfdc                __retarget_lock_acquire_recursive
 .text.__retarget_lock_release_recursive
                0x0000bfde        0x2 C:/Users/ROG/Documents/xpack-riscv-none-elf-gcc-15.2.0-1/bin/../lib/gcc/riscv-none-elf/15.2.0/../../../../riscv-none-elf/lib\libc_nano.a(libc_a-lock.o)
                0x0000bfde                __retarget_lock_release_recursive
 .text.__assert_func
                0x0000bfe0       0x3a C:/Users/ROG/Documents/xpack-riscv-none-elf-gcc-15.2.0-1/bin/../lib/gcc/riscv-none-elf/15.2.0/../../../../riscv-none-elf/lib\libc_nano.a(libc_a-assert.o)
                0x0000bfe0                __assert_func
 .text._calloc_r
                0x0000c01a       0x36 C:/Users/ROG/Documents/xpack-riscv-none-elf-gcc-15.2.0-1/bin/../lib/gcc/riscv-none-elf/15.2.0/../../../../riscv-none-elf/lib\libc_nano.a(libc_a-callocr.o)
                0x0000c01a                _calloc_r
 .text._free_r  0x0000c050       0xa6 C:/Users/ROG/Documents/xpack-riscv-none-elf-gcc-15.2.0-1/bin/../lib/gcc/riscv-none-elf/15.2.0/../../../../riscv-none-elf/lib\libc_nano.a(libc_a-freer.o)
                0x0000c050                _free_r
 .text.__ascii_mbtowc
                0x0000c0f6       0x3a C:/Users/ROG/Documents/xpack-riscv-none-elf-gcc-15.2.0-1/bin/../lib/gcc/riscv-none-elf/15.2.0/../../../../riscv-none-elf/lib\libc_nano.a(libc_a-mbtowc_r.o)
                0x0000c0f6                __ascii_mbtowc
 .text.__ascii_wctomb
                0x0000c130       0x20 C:/Users/ROG/Documents/xpack-riscv-none-elf-gcc-15.2.0-1/bin/../lib/gcc/riscv-none-elf/15.2.0/../../../../riscv-none-elf/lib\libc_nano.a(libc_a-wctomb_r.o)
                0x0000c130                __ascii_wctomb
 .text.fprintf  0x0000c150       0x28 C:/Users/ROG/Documents/xpack-riscv-none-elf-gcc-15.2.0-1/bin/../lib/gcc/riscv-none-elf/15.2.0/../../../../riscv-none-elf/lib\libc_nano.a(libc_a-fprintf.o)
                0x0000c150                fiprintf
                0x0000c150                fprintf
 .text.abort    0x0000c178       0x10 C:/Users/ROG/Documents/xpack-riscv-none-elf-gcc-15.2.0-1/bin/../lib/gcc/riscv-none-elf/15.2.0/../../../../riscv-none-elf/lib\libc_nano.a(libc_a-abort.o)
                0x0000c178                abort
 .text.__sfputc_r
                0x0000c188       0x28 C:/Users/ROG/Documents/xpack-riscv-none-elf-gcc-15.2.0-1/bin/../lib/gcc/riscv-none-elf/15.2.0/../../../../riscv-none-elf/lib\libc_nano.a(libc_a-nano-vfprintf.o)
 .text.__sfputs_r
                0x0000c1b0       0x44 C:/Users/ROG/Documents/xpack-riscv-none-elf-gcc-15.2.0-1/bin/../lib/gcc/riscv-none-elf/15.2.0/../../../../riscv-none-elf/lib\libc_nano.a(libc_a-nano-vfprintf.o)
                0x0000c1b0                __sfputs_r
 .text._vfprintf_r
                0x0000c1f4      0x2ae C:/Users/ROG/Documents/xpack-riscv-none-elf-gcc-15.2.0-1/bin/../lib/gcc/riscv-none-elf/15.2.0/../../../../riscv-none-elf/lib\libc_nano.a(libc_a-nano-vfprintf.o)
                0x0000c1f4                _vfprintf_r
                0x0000c1f4                _vfiprintf_r
 .text.std      0x0000c4a2       0xa8 C:/Users/ROG/Documents/xpack-riscv-none-elf-gcc-15.2.0-1/bin/../lib/gcc/riscv-none-elf/15.2.0/../../../../riscv-none-elf/lib\libc_nano.a(libc_a-findfp.o)
 .text.stdio_exit_handler
                0x0000c54a       0x1a C:/Users/ROG/Documents/xpack-riscv-none-elf-gcc-15.2.0-1/bin/../lib/gcc/riscv-none-elf/15.2.0/../../../../riscv-none-elf/lib\libc_nano.a(libc_a-findfp.o)
 .text.cleanup_stdio
                0x0000c564       0x4a C:/Users/ROG/Documents/xpack-riscv-none-elf-gcc-15.2.0-1/bin/../lib/gcc/riscv-none-elf/15.2.0/../../../../riscv-none-elf/lib\libc_nano.a(libc_a-findfp.o)
 .text.global_stdio_init.part.0
                0x0000c5ae       0x48 C:/Users/ROG/Documents/xpack-riscv-none-elf-gcc-15.2.0-1/bin/../lib/gcc/riscv-none-elf/15.2.0/../../../../riscv-none-elf/lib\libc_nano.a(libc_a-findfp.o)
 .text.__sfp_lock_acquire
                0x0000c5f6        0xc C:/Users/ROG/Documents/xpack-riscv-none-elf-gcc-15.2.0-1/bin/../lib/gcc/riscv-none-elf/15.2.0/../../../../riscv-none-elf/lib\libc_nano.a(libc_a-findfp.o)
                0x0000c5f6                __sfp_lock_acquire
 .text.__sfp_lock_release
                0x0000c602        0xc C:/Users/ROG/Documents/xpack-riscv-none-elf-gcc-15.2.0-1/bin/../lib/gcc/riscv-none-elf/15.2.0/../../../../riscv-none-elf/lib\libc_nano.a(libc_a-findfp.o)
                0x0000c602                __sfp_lock_release
 .text.__sinit  0x0000c60e       0x32 C:/Users/ROG/Documents/xpack-riscv-none-elf-gcc-15.2.0-1/bin/../lib/gcc/riscv-none-elf/15.2.0/../../../../riscv-none-elf/lib\libc_nano.a(libc_a-findfp.o)
                0x0000c60e                __sinit
 .text._fwalk_sglue
                0x0000c640       0x60 C:/Users/ROG/Documents/xpack-riscv-none-elf-gcc-15.2.0-1/bin/../lib/gcc/riscv-none-elf/15.2.0/../../../../riscv-none-elf/lib\libc_nano.a(libc_a-fwalk.o)
                0x0000c640                _fwalk_sglue
 .text.__sread  0x0000c6a0       0x30 C:/Users/ROG/Documents/xpack-riscv-none-elf-gcc-15.2.0-1/bin/../lib/gcc/riscv-none-elf/15.2.0/../../../../riscv-none-elf/lib\libc_nano.a(libc_a-stdio.o)
                0x0000c6a0                __sread
 .text.__swrite
                0x0000c6d0       0x4e C:/Users/ROG/Documents/xpack-riscv-none-elf-gcc-15.2.0-1/bin/../lib/gcc/riscv-none-elf/15.2.0/../../../../riscv-none-elf/lib\libc_nano.a(libc_a-stdio.o)
                0x0000c6d0                __swrite
 .text.__sseek  0x0000c71e       0x3a C:/Users/ROG/Documents/xpack-riscv-none-elf-gcc-15.2.0-1/bin/../lib/gcc/riscv-none-elf/15.2.0/../../../../riscv-none-elf/lib\libc_nano.a(libc_a-stdio.o)
                0x0000c71e                __sseek
 .text.__sclose
                0x0000c758        0x6 C:/Users/ROG/Documents/xpack-riscv-none-elf-gcc-15.2.0-1/bin/../lib/gcc/riscv-none-elf/15.2.0/../../../../riscv-none-elf/lib\libc_nano.a(libc_a-stdio.o)
                0x0000c758                __sclose
 .text.__swbuf_r
                0x0000c75e       0x90 C:/Users/ROG/Documents/xpack-riscv-none-elf-gcc-15.2.0-1/bin/../lib/gcc/riscv-none-elf/15.2.0/../../../../riscv-none-elf/lib\libc_nano.a(libc_a-wbuf.o)
                0x0000c75e                __swbuf_r
 .text.__swsetup_r
                0x0000c7ee       0xc4 C:/Users/ROG/Documents/xpack-riscv-none-elf-gcc-15.2.0-1/bin/../lib/gcc/riscv-none-elf/15.2.0/../../../../riscv-none-elf/lib\libc_nano.a(libc_a-wsetup.o)
                0x0000c7ee                __swsetup_r
 .text._raise_r
                0x0000c8b2       0x5e C:/Users/ROG/Documents/xpack-riscv-none-elf-gcc-15.2.0-1/bin/../lib/gcc/riscv-none-elf/15.2.0/../../../../riscv-none-elf/lib\libc_nano.a(libc_a-signal.o)
                0x0000c8b2                _raise_r
 .text.raise    0x0000c910        0xe C:/Users/ROG/Documents/xpack-riscv-none-elf-gcc-15.2.0-1/bin/../lib/gcc/riscv-none-elf/15.2.0/../../../../riscv-none-elf/lib\libc_nano.a(libc_a-signal.o)
                0x0000c910                raise
 .text._close_r
                0x0000c91e       0x30 C:/Users/ROG/Documents/xpack-riscv-none-elf-gcc-15.2.0-1/bin/../lib/gcc/riscv-none-elf/15.2.0/../../../../riscv-none-elf/lib\libc_nano.a(libc_a-closer.o)
                0x0000c91e                _close_r
 .text._lseek_r
                0x0000c94e       0x34 C:/Users/ROG/Documents/xpack-riscv-none-elf-gcc-15.2.0-1/bin/../lib/gcc/riscv-none-elf/15.2.0/../../../../riscv-none-elf/lib\libc_nano.a(libc_a-lseekr.o)
                0x0000c94e                _lseek_r
 .text._read_r  0x0000c982       0x34 C:/Users/ROG/Documents/xpack-riscv-none-elf-gcc-15.2.0-1/bin/../lib/gcc/riscv-none-elf/15.2.0/../../../../riscv-none-elf/lib\libc_nano.a(libc_a-readr.o)
                0x0000c982                _read_r
 .text._kill_r  0x0000c9b6       0x32 C:/Users/ROG/Documents/xpack-riscv-none-elf-gcc-15.2.0-1/bin/../lib/gcc/riscv-none-elf/15.2.0/../../../../riscv-none-elf/lib\libc_nano.a(libc_a-signalr.o)
                0x0000c9b6                _kill_r
 .text._getpid_r
                0x0000c9e8        0x4 C:/Users/ROG/Documents/xpack-riscv-none-elf-gcc-15.2.0-1/bin/../lib/gcc/riscv-none-elf/15.2.0/../../../../riscv-none-elf/lib\libc_nano.a(libc_a-signalr.o)
                0x0000c9e8                _getpid_r
 .text._write_r
                0x0000c9ec       0x34 C:/Users/ROG/Documents/xpack-riscv-none-elf-gcc-15.2.0-1/bin/../lib/gcc/riscv-none-elf/15.2.0/../../../../riscv-none-elf/lib\libc_nano.a(libc_a-writer.o)
                0x0000c9ec                _write_r
 .text.__sflush_r
                0x0000ca20      0x126 C:/Users/ROG/Documents/xpack-riscv-none-elf-gcc-15.2.0-1/bin/../lib/gcc/riscv-none-elf/15.2.0/../../../../riscv-none-elf/lib\libc_nano.a(libc_a-fflush.o)
                0x0000ca20                __sflush_r
 .text._fflush_r
                0x0000cb46       0x62 C:/Users/ROG/Documents/xpack-riscv-none-elf-gcc-15.2.0-1/bin/../lib/gcc/riscv-none-elf/15.2.0/../../../../riscv-none-elf/lib\libc_nano.a(libc_a-fflush.o)
                0x0000cb46                _fflush_r
 .text.__swhatbuf_r
                0x0000cba8       0x56 C:/Users/ROG/Documents/xpack-riscv-none-elf-gcc-15.2.0-1/bin/../lib/gcc/riscv-none-elf/15.2.0/../../../../riscv-none-elf/lib\libc_nano.a(libc_a-makebuf.o)
                0x0000cba8                __swhatbuf_r
 .text.__smakebuf_r
                0x0000cbfe       0x82 C:/Users/ROG/Documents/xpack-riscv-none-elf-gcc-15.2.0-1/bin/../lib/gcc/riscv-none-elf/15.2.0/../../../../riscv-none-elf/lib\libc_nano.a(libc_a-makebuf.o)
                0x0000cbfe                __smakebuf_r
 .text._fstat_r
                0x0000cc80       0x32 C:/Users/ROG/Documents/xpack-riscv-none-elf-gcc-15.2.0-1/bin/../lib/gcc/riscv-none-elf/15.2.0/../../../../riscv-none-elf/lib\libc_nano.a(libc_a-fstatr.o)
                0x0000cc80                _fstat_r
 .text._isatty_r
                0x0000ccb2       0x30 C:/Users/ROG/Documents/xpack-riscv-none-elf-gcc-15.2.0-1/bin/../lib/gcc/riscv-none-elf/15.2.0/../../../../riscv-none-elf/lib\libc_nano.a(libc_a-isattyr.o)
                0x0000ccb2                _isatty_r
 .text.memcmp   0x0000cce2       0x26 C:/Users/ROG/Documents/xpack-riscv-none-elf-gcc-15.2.0-1/bin/../lib/gcc/riscv-none-elf/15.2.0/../../../../riscv-none-elf/lib\libc_nano.a(libc_a-memcmp.o)
                0x0000cce2                memcmp
 .text.__adddf3
                0x0000cd08      0x900 C:/Users/ROG/Documents/xpack-riscv-none-elf-gcc-15.2.0-1/bin/../lib/gcc/riscv-none-elf/15.2.0\libgcc.a(adddf3.o)
                0x0000cd08                __adddf3
 .text.__divdf3
                0x0000d608      0x692 C:/Users/ROG/Documents/xpack-riscv-none-elf-gcc-15.2.0-1/bin/../lib/gcc/riscv-none-elf/15.2.0\libgcc.a(divdf3.o)
                0x0000d608                __divdf3
 .text.__eqdf2  0x0000dc9a       0x72 C:/Users/ROG/Documents/xpack-riscv-none-elf-gcc-15.2.0-1/bin/../lib/gcc/riscv-none-elf/15.2.0\libgcc.a(eqdf2.o)
                0x0000dc9a                __nedf2
                0x0000dc9a                __eqdf2
 .text.__gedf2  0x0000dd0c       0xd8 C:/Users/ROG/Documents/xpack-riscv-none-elf-gcc-15.2.0-1/bin/../lib/gcc/riscv-none-elf/15.2.0\libgcc.a(gedf2.o)
                0x0000dd0c                __gedf2
                0x0000dd0c                __gtdf2
 .text.__ledf2  0x0000dde4       0xde C:/Users/ROG/Documents/xpack-riscv-none-elf-gcc-15.2.0-1/bin/../lib/gcc/riscv-none-elf/15.2.0\libgcc.a(ledf2.o)
                0x0000dde4                __ledf2
                0x0000dde4                __ltdf2
 .text.__muldf3
                0x0000dec2      0x5a4 C:/Users/ROG/Documents/xpack-riscv-none-elf-gcc-15.2.0-1/bin/../lib/gcc/riscv-none-elf/15.2.0\libgcc.a(muldf3.o)
                0x0000dec2                __muldf3
 .text.__subdf3
                0x0000e466      0x92c C:/Users/ROG/Documents/xpack-riscv-none-elf-gcc-15.2.0-1/bin/../lib/gcc/riscv-none-elf/15.2.0\libgcc.a(subdf3.o)
                0x0000e466                __subdf3
 .text.__unorddf2
                0x0000ed92       0x3c C:/Users/ROG/Documents/xpack-riscv-none-elf-gcc-15.2.0-1/bin/../lib/gcc/riscv-none-elf/15.2.0\libgcc.a(unorddf2.o)
                0x0000ed92                __unorddf2
 .text.__fixdfsi
                0x0000edce       0x62 C:/Users/ROG/Documents/xpack-riscv-none-elf-gcc-15.2.0-1/bin/../lib/gcc/riscv-none-elf/15.2.0\libgcc.a(fixdfsi.o)
                0x0000edce                __fixdfsi
 .text.__floatsidf
                0x0000ee30       0x8a C:/Users/ROG/Documents/xpack-riscv-none-elf-gcc-15.2.0-1/bin/../lib/gcc/riscv-none-elf/15.2.0\libgcc.a(floatsidf.o)
                0x0000ee30                __floatsidf
 .text.__floatunsidf
                0x0000eeba       0x66 C:/Users/ROG/Documents/xpack-riscv-none-elf-gcc-15.2.0-1/bin/../lib/gcc/riscv-none-elf/15.2.0\libgcc.a(floatunsidf.o)
                0x0000eeba                __floatunsidf
 .text.__trunctfdf2
                0x0000ef20      0x2b2 C:/Users/ROG/Documents/xpack-riscv-none-elf-gcc-15.2.0-1/bin/../lib/gcc/riscv-none-elf/15.2.0\libgcc.a(trunctfdf2.o)
                0x0000ef20                __trunctfdf2
 .text._close   0x0000f1d2       0x10 C:/Users/ROG/Documents/xpack-riscv-none-elf-gcc-15.2.0-1/bin/../lib/gcc/riscv-none-elf/15.2.0/../../../../riscv-none-elf/lib\libnosys.a(close.o)
                0x0000f1d2                _close
 .text._fstat   0x0000f1e2       0x10 C:/Users/ROG/Documents/xpack-riscv-none-elf-gcc-15.2.0-1/bin/../lib/gcc/riscv-none-elf/15.2.0/../../../../riscv-none-elf/lib\libnosys.a(fstat.o)
                0x0000f1e2                _fstat
 .text._getpid  0x0000f1f2       0x10 C:/Users/ROG/Documents/xpack-riscv-none-elf-gcc-15.2.0-1/bin/../lib/gcc/riscv-none-elf/15.2.0/../../../../riscv-none-elf/lib\libnosys.a(getpid.o)
                0x0000f1f2                _getpid
 .text._isatty  0x0000f202       0x10 C:/Users/ROG/Documents/xpack-riscv-none-elf-gcc-15.2.0-1/bin/../lib/gcc/riscv-none-elf/15.2.0/../../../../riscv-none-elf/lib\libnosys.a(isatty.o)
                0x0000f202                _isatty
 .text._kill    0x0000f212       0x10 C:/Users/ROG/Documents/xpack-riscv-none-elf-gcc-15.2.0-1/bin/../lib/gcc/riscv-none-elf/15.2.0/../../../../riscv-none-elf/lib\libnosys.a(kill.o)
                0x0000f212                _kill
 .text._lseek   0x0000f222       0x10 C:/Users/ROG/Documents/xpack-riscv-none-elf-gcc-15.2.0-1/bin/../lib/gcc/riscv-none-elf/15.2.0/../../../../riscv-none-elf/lib\libnosys.a(lseek.o)
                0x0000f222                _lseek
 .text._read    0x0000f232       0x10 C:/Users/ROG/Documents/xpack-riscv-none-elf-gcc-15.2.0-1/bin/../lib/gcc/riscv-none-elf/15.2.0/../../../../riscv-none-elf/lib\libnosys.a(read.o)
                0x0000f232                _read
 .text._sbrk    0x0000f242       0x2e C:/Users/ROG/Documents/xpack-riscv-none-elf-gcc-15.2.0-1/bin/../lib/gcc/riscv-none-elf/15.2.0/../../../../riscv-none-elf/lib\libnosys.a(sbrk.o)
                0x0000f242                _sbrk
 .text._write   0x0000f270       0x10 C:/Users/ROG/Documents/xpack-riscv-none-elf-gcc-15.2.0-1/bin/../lib/gcc/riscv-none-elf/15.2.0/../../../../riscv-none-elf/lib\libnosys.a(write.o)
                0x0000f270                _write
 .text._exit    0x0000f280        0x2 C:/Users/ROG/Documents/xpack-riscv-none-elf-gcc-15.2.0-1/bin/../lib/gcc/riscv-none-elf/15.2.0/../../../../riscv-none-elf/lib\libnosys.a(_exit.o)
                0x0000f280                _exit
 *(.gnu.linkonce.t.*)
                0x0000f284                        . = ALIGN (0x4)
 *fill*         0x0000f282        0x2 
                0x0000f284                        _etext = .

.rodata         0x0000f288      0xf84
                0x0000f288                        . = ALIGN (0x4)
 *(.rodata)
 .rodata        0x0000f288      0x4b4 C:\Users\ROG\AppData\Local\Temp\ccCG7Kag.ltrans0.ltrans.o
 *(.rodata.*)
 .rodata.str1.4
                0x0000f73c        0x0 C:\Users\ROG\AppData\Local\Temp\ccCG7Kag.ltrans0.ltrans.o
                                 0x59 (size before relaxing)
 .rodata.CSWTCH.7
                0x0000f73c        0xc C:/Users/ROG/Documents/xpack-riscv-none-elf-gcc-15.2.0-1/bin/../lib/gcc/riscv-none-elf/15.2.0/../../../../riscv-none-elf/lib\libm_nano.a(libm_a-ef_atan2.o)
 .rodata.CSWTCH.6
                0x0000f748        0xc C:/Users/ROG/Documents/xpack-riscv-none-elf-gcc-15.2.0-1/bin/../lib/gcc/riscv-none-elf/15.2.0/../../../../riscv-none-elf/lib\libm_nano.a(libm_a-ef_atan2.o)
 .rodata.npio2_hw
                0x0000f754       0x80 C:/Users/ROG/Documents/xpack-riscv-none-elf-gcc-15.2.0-1/bin/../lib/gcc/riscv-none-elf/15.2.0/../../../../riscv-none-elf/lib\libm_nano.a(libm_a-ef_rem_pio2.o)
 .rodata.two_over_pi
                0x0000f7d4      0x318 C:/Users/ROG/Documents/xpack-riscv-none-elf-gcc-15.2.0-1/bin/../lib/gcc/riscv-none-elf/15.2.0/../../../../riscv-none-elf/lib\libm_nano.a(libm_a-ef_rem_pio2.o)
 .rodata.atanlo
                0x0000faec       0x10 C:/Users/ROG/Documents/xpack-riscv-none-elf-gcc-15.2.0-1/bin/../lib/gcc/riscv-none-elf/15.2.0/../../../../riscv-none-elf/lib\libm_nano.a(libm_a-sf_atan.o)
 .rodata.atanhi
                0x0000fafc       0x10 C:/Users/ROG/Documents/xpack-riscv-none-elf-gcc-15.2.0-1/bin/../lib/gcc/riscv-none-elf/15.2.0/../../../../riscv-none-elf/lib\libm_nano.a(libm_a-sf_atan.o)
 .rodata.PIo2   0x0000fb0c       0x2c C:/Users/ROG/Documents/xpack-riscv-none-elf-gcc-15.2.0-1/bin/../lib/gcc/riscv-none-elf/15.2.0/../../../../riscv-none-elf/lib\libm_nano.a(libm_a-kf_rem_pio2.o)
 .rodata.init_jk
                0x0000fb38        0xc C:/Users/ROG/Documents/xpack-riscv-none-elf-gcc-15.2.0-1/bin/../lib/gcc/riscv-none-elf/15.2.0/../../../../riscv-none-elf/lib\libm_nano.a(libm_a-kf_rem_pio2.o)
 .rodata.__divsf3
                0x0000fb44       0x7c C:/Users/ROG/Documents/xpack-riscv-none-elf-gcc-15.2.0-1/bin/../lib/gcc/riscv-none-elf/15.2.0\libgcc.a(divsf3.o)
 .rodata.__clz_tab
                0x0000fbc0      0x100 C:/Users/ROG/Documents/xpack-riscv-none-elf-gcc-15.2.0-1/bin/../lib/gcc/riscv-none-elf/15.2.0\libgcc.a(_clz.o)
                0x0000fbc0                __clz_tab
 .rodata._printf_float.str1.4
                0x0000fcc0      0x2ad C:/Users/ROG/Documents/xpack-riscv-none-elf-gcc-15.2.0-1/bin/../lib/gcc/riscv-none-elf/15.2.0/../../../../riscv-none-elf/lib\libc_nano.a(libc_a-nano-vfprintf_float.o)
                                 0x12 (size before relaxing)
 .rodata._printf_i.str1.4
                0x0000ff6d        0x0 C:/Users/ROG/Documents/xpack-riscv-none-elf-gcc-15.2.0-1/bin/../lib/gcc/riscv-none-elf/15.2.0/../../../../riscv-none-elf/lib\libc_nano.a(libc_a-nano-vfprintf_i.o)
                                 0x25 (size before relaxing)
 *fill*         0x0000ff6d        0x3 
 .rodata._printf_i
                0x0000ff70       0x58 C:/Users/ROG/Documents/xpack-riscv-none-elf-gcc-15.2.0-1/bin/../lib/gcc/riscv-none-elf/15.2.0/../../../../riscv-none-elf/lib\libc_nano.a(libc_a-nano-vfprintf_i.o)
 .rodata._dtoa_r.str1.4
                0x0000ffc8        0x0 C:/Users/ROG/Documents/xpack-riscv-none-elf-gcc-15.2.0-1/bin/../lib/gcc/riscv-none-elf/15.2.0/../../../../riscv-none-elf/lib\libc_nano.a(libc_a-dtoa.o)
                                 0xf9 (size before relaxing)
 .rodata._Balloc.str1.4
                0x0000ffc8        0x0 C:/Users/ROG/Documents/xpack-riscv-none-elf-gcc-15.2.0-1/bin/../lib/gcc/riscv-none-elf/15.2.0/../../../../riscv-none-elf/lib\libc_nano.a(libc_a-mprec.o)
                                 0xd2 (size before relaxing)
 .rodata.__multadd.str1.4
                0x0000ffc8        0x0 C:/Users/ROG/Documents/xpack-riscv-none-elf-gcc-15.2.0-1/bin/../lib/gcc/riscv-none-elf/15.2.0/../../../../riscv-none-elf/lib\libc_nano.a(libc_a-mprec.o)
                                 0x11 (size before relaxing)
 .rodata.p05.0  0x0000ffc8        0xc C:/Users/ROG/Documents/xpack-riscv-none-elf-gcc-15.2.0-1/bin/../lib/gcc/riscv-none-elf/15.2.0/../../../../riscv-none-elf/lib\libc_nano.a(libc_a-mprec.o)
 *fill*         0x0000ffd4        0x4 
 .rodata.__mprec_bigtens
                0x0000ffd8       0x28 C:/Users/ROG/Documents/xpack-riscv-none-elf-gcc-15.2.0-1/bin/../lib/gcc/riscv-none-elf/15.2.0/../../../../riscv-none-elf/lib\libc_nano.a(libc_a-mprec.o)
                0x0000ffd8                __mprec_bigtens
 .rodata.__mprec_tens
                0x00010000       0xc8 C:/Users/ROG/Documents/xpack-riscv-none-elf-gcc-15.2.0-1/bin/../lib/gcc/riscv-none-elf/15.2.0/../../../../riscv-none-elf/lib\libc_nano.a(libc_a-mprec.o)
                0x00010000                __mprec_tens
 .rodata._setlocale_r.str1.4
                0x000100c8        0x0 C:/Users/ROG/Documents/xpack-riscv-none-elf-gcc-15.2.0-1/bin/../lib/gcc/riscv-none-elf/15.2.0/../../../../riscv-none-elf/lib\libc_nano.a(libc_a-locale.o)
                                  0xd (size before relaxing)
 .rodata.str1.4
                0x000100c8        0x0 C:/Users/ROG/Documents/xpack-riscv-none-elf-gcc-15.2.0-1/bin/../lib/gcc/riscv-none-elf/15.2.0/../../../../riscv-none-elf/lib\libc_nano.a(libc_a-locale.o)
                                  0x2 (size before relaxing)
 .rodata.__assert_func.str1.4
                0x000100c8        0x0 C:/Users/ROG/Documents/xpack-riscv-none-elf-gcc-15.2.0-1/bin/../lib/gcc/riscv-none-elf/15.2.0/../../../../riscv-none-elf/lib\libc_nano.a(libc_a-assert.o)
                                 0x43 (size before relaxing)
 .rodata._ctype_
                0x000100c8      0x101 C:/Users/ROG/Documents/xpack-riscv-none-elf-gcc-15.2.0-1/bin/../lib/gcc/riscv-none-elf/15.2.0/../../../../riscv-none-elf/lib\libc_nano.a(libc_a-ctype_.o)
                0x000100c8                _ctype_
 .rodata._vfprintf_r.str1.4
                0x000101c9        0x0 C:/Users/ROG/Documents/xpack-riscv-none-elf-gcc-15.2.0-1/bin/../lib/gcc/riscv-none-elf/15.2.0/../../../../riscv-none-elf/lib\libc_nano.a(libc_a-nano-vfprintf.o)
                                 0x13 (size before relaxing)
 *fill*         0x000101c9        0x3 
 .rodata.__divdf3
                0x000101cc       0x40 C:/Users/ROG/Documents/xpack-riscv-none-elf-gcc-15.2.0-1/bin/../lib/gcc/riscv-none-elf/15.2.0\libgcc.a(divdf3.o)
 *(.gnu.linkonce.r.*)
                0x0001020c                        . = ALIGN (0x4)

.srodata.cst4   0x0001020c      0x18c
 .srodata.cst4  0x0001020c        0x0 C:\Users\ROG\AppData\Local\Temp\ccCG7Kag.ltrans0.ltrans.o
                                 0xd0 (size before relaxing)
 .srodata.cst4  0x0001020c      0x18c C:/Users/ROG/Documents/xpack-riscv-none-elf-gcc-15.2.0-1/bin/../lib/gcc/riscv-none-elf/15.2.0/../../../../riscv-none-elf/lib\libm_nano.a(libm_a-kf_cos.o)
                                 0x24 (size before relaxing)
 .srodata.cst4  0x00010398        0x0 C:/Users/ROG/Documents/xpack-riscv-none-elf-gcc-15.2.0-1/bin/../lib/gcc/riscv-none-elf/15.2.0/../../../../riscv-none-elf/lib\libm_nano.a(libm_a-kf_sin.o)
                                 0x1c (size before relaxing)
 .srodata.cst4  0x00010398        0x0 C:/Users/ROG/Documents/xpack-riscv-none-elf-gcc-15.2.0-1/bin/../lib/gcc/riscv-none-elf/15.2.0/../../../../riscv-none-elf/lib\libm_nano.a(libm_a-ef_atan2.o)
                                 0x18 (size before relaxing)
 .srodata.cst4  0x00010398        0x0 C:/Users/ROG/Documents/xpack-riscv-none-elf-gcc-15.2.0-1/bin/../lib/gcc/riscv-none-elf/15.2.0/../../../../riscv-none-elf/lib\libm_nano.a(libm_a-ef_rem_pio2.o)
                                 0x24 (size before relaxing)
 .srodata.cst4  0x00010398        0x0 C:/Users/ROG/Documents/xpack-riscv-none-elf-gcc-15.2.0-1/bin/../lib/gcc/riscv-none-elf/15.2.0/../../../../riscv-none-elf/lib\libm_nano.a(libm_a-sf_atan.o)
                                 0x48 (size before relaxing)
 .srodata.cst4  0x00010398        0x0 C:/Users/ROG/Documents/xpack-riscv-none-elf-gcc-15.2.0-1/bin/../lib/gcc/riscv-none-elf/15.2.0/../../../../riscv-none-elf/lib\libm_nano.a(libm_a-kf_rem_pio2.o)
                                 0x18 (size before relaxing)
 .srodata.cst4  0x00010398        0x0 C:/Users/ROG/Documents/xpack-riscv-none-elf-gcc-15.2.0-1/bin/../lib/gcc/riscv-none-elf/15.2.0/../../../../riscv-none-elf/lib\libm_nano.a(libm_a-sf_floor.o)
                                  0x4 (size before relaxing)
 .srodata.cst4  0x00010398        0x0 C:/Users/ROG/Documents/xpack-riscv-none-elf-gcc-15.2.0-1/bin/../lib/gcc/riscv-none-elf/15.2.0/../../../../riscv-none-elf/lib\libm_nano.a(libm_a-sf_scalbn.o)
                                 0x18 (size before relaxing)

.srodata        0x00010398        0xc
 .srodata       0x00010398        0xc C:\Users\ROG\AppData\Local\Temp\ccCG7Kag.ltrans0.ltrans.o

.srodata.tiny   0x000103a4        0x4
 .srodata.tiny  0x000103a4        0x4 C:/Users/ROG/Documents/xpack-riscv-none-elf-gcc-15.2.0-1/bin/../lib/gcc/riscv-none-elf/15.2.0/../../../../riscv-none-elf/lib\libm_nano.a(libm_a-ef_sqrt.o)

.srodata.one    0x000103a8        0x4
 .srodata.one   0x000103a8        0x4 C:/Users/ROG/Documents/xpack-riscv-none-elf-gcc-15.2.0-1/bin/../lib/gcc/riscv-none-elf/15.2.0/../../../../riscv-none-elf/lib\libm_nano.a(libm_a-ef_sqrt.o)

.srodata.cst8   0x000103b0       0x50
 .srodata.cst8  0x000103b0       0x50 C:/Users/ROG/Documents/xpack-riscv-none-elf-gcc-15.2.0-1/bin/../lib/gcc/riscv-none-elf/15.2.0/../../../../riscv-none-elf/lib\libc_nano.a(libc_a-nano-vfprintf_float.o)
                                  0x8 (size before relaxing)
 .srodata.cst8  0x00010400        0x0 C:/Users/ROG/Documents/xpack-riscv-none-elf-gcc-15.2.0-1/bin/../lib/gcc/riscv-none-elf/15.2.0/../../../../riscv-none-elf/lib\libc_nano.a(libc_a-dtoa.o)
                                 0x48 (size before relaxing)

.rela.dyn       0x00010400        0x0
 .rela.init     0x00010400        0x0 build/tracker/sdk/Startup/startup_CH592.o
 .rela.vectors  0x00010400        0x0 build/tracker/sdk/Startup/startup_CH592.o
 .rela.text._vfprintf_r
                0x00010400        0x0 build/tracker/sdk/Startup/startup_CH592.o
 .rela.text._sbrk
                0x00010400        0x0 build/tracker/sdk/Startup/startup_CH592.o

.init_array     0x00010400        0x0
                [!provide]                        PROVIDE (__init_array_start = .)
 *(SORT_BY_NAME(.init_array.*))
 *(.init_array*)
                [!provide]                        PROVIDE (__init_array_end = .)
                0x00010400                        . = ALIGN (0x4)
                0x00010c00                        PROVIDE (__global_pointer$ = (. + 0x800))
                0x00010400                        _sidata = LOADADDR (.data)

.data           0x200003f8      0x1dc load address 0x00010400
                0x200003f8                        . = ALIGN (0x4)
                0x200003f8                        _sdata = .
 *(.data)
 .data          0x200003f8       0x10 C:\Users\ROG\AppData\Local\Temp\ccCG7Kag.ltrans0.ltrans.o
 *(.data.*)
 .data.__global_locale
                0x20000408      0x16c C:/Users/ROG/Documents/xpack-riscv-none-elf-gcc-15.2.0-1/bin/../lib/gcc/riscv-none-elf/15.2.0/../../../../riscv-none-elf/lib\libc_nano.a(libc_a-locale.o)
                0x20000408                __global_locale
 .data._impure_data
                0x20000574       0x4c C:/Users/ROG/Documents/xpack-riscv-none-elf-gcc-15.2.0-1/bin/../lib/gcc/riscv-none-elf/15.2.0/../../../../riscv-none-elf/lib\libc_nano.a(libc_a-impure.o)
                0x20000574                _impure_data
 .data.__sglue  0x200005c0        0xc C:/Users/ROG/Documents/xpack-riscv-none-elf-gcc-15.2.0-1/bin/../lib/gcc/riscv-none-elf/15.2.0/../../../../riscv-none-elf/lib\libc_nano.a(libc_a-findfp.o)
                0x200005c0                __sglue
 *(.gnu.linkonce.d.*)
 *(.sdata)
 .sdata         0x200005cc        0x3 C:\Users\ROG\AppData\Local\Temp\ccCG7Kag.ltrans0.ltrans.o
 *(.sdata.*)
 *fill*         0x200005cf        0x1 
 .sdata._impure_ptr
                0x200005d0        0x4 C:/Users/ROG/Documents/xpack-riscv-none-elf-gcc-15.2.0-1/bin/../lib/gcc/riscv-none-elf/15.2.0/../../../../riscv-none-elf/lib\libc_nano.a(libc_a-impure.o)
                0x200005d0                _impure_ptr
                0x200005d4                        . = ALIGN (0x4)
                0x200005d4                        _edata = .

.retained       0x200005d4       0x50 load address 0x000105dc
 .retained      0x200005d4       0x50 C:\Users\ROG\AppData\Local\Temp\ccCG7Kag.ltrans0.ltrans.o

.bss            0x20000624     0x17c0 load address 0x0001062c
                0x20000624                        . = ALIGN (0x4)
                0x20000624                        _sbss = .
 *(.bss)
 .bss           0x20000624     0x15d8 C:\Users\ROG\AppData\Local\Temp\ccCG7Kag.ltrans0.ltrans.o
 *(.bss.*)
 .bss.__sf      0x20001bfc      0x138 C:/Users/ROG/Documents/xpack-riscv-none-elf-gcc-15.2.0-1/bin/../lib/gcc/riscv-none-elf/15.2.0/../../../../riscv-none-elf/lib\libc_nano.a(libc_a-findfp.o)
                0x20001bfc                __sf
 *(.gnu.linkonce.b.*)
 *(.sbss)
 .sbss          0x20001d34       0x91 C:\Users\ROG\AppData\Local\Temp\ccCG7Kag.ltrans0.ltrans.o
 *(.sbss.*)
 *fill*         0x20001dc5        0x3 
 .sbss.__malloc_sbrk_start
                0x20001dc8        0x4 C:/Users/ROG/Documents/xpack-riscv-none-elf-gcc-15.2.0-1/bin/../lib/gcc/riscv-none-elf/15.2.0/../../../../riscv-none-elf/lib\libc_nano.a(libc_a-mallocr.o)
                0x20001dc8                __malloc_sbrk_start
 .sbss.__malloc_free_list
                0x20001dcc        0x4 C:/Users/ROG/Documents/xpack-riscv-none-elf-gcc-15.2.0-1/bin/../lib/gcc/riscv-none-elf/15.2.0/../../../../riscv-none-elf/lib\libc_nano.a(libc_a-mallocr.o)
                0x20001dcc                __malloc_free_list
 .sbss.__lock___malloc_recursive_mutex
                0x20001dd0        0x1 C:/Users/ROG/Documents/xpack-riscv-none-elf-gcc-15.2.0-1/bin/../lib/gcc/riscv-none-elf/15.2.0/../../../../riscv-none-elf/lib\libc_nano.a(libc_a-lock.o)
                0x20001dd0                __lock___malloc_recursive_mutex
 *fill*         0x20001dd1        0x3 
 .sbss.__lock___sfp_recursive_mutex
                0x20001dd4        0x1 C:/Users/ROG/Documents/xpack-riscv-none-elf-gcc-15.2.0-1/bin/../lib/gcc/riscv-none-elf/15.2.0/../../../../riscv-none-elf/lib\libc_nano.a(libc_a-lock.o)
                0x20001dd4                __lock___sfp_recursive_mutex
 *fill*         0x20001dd5        0x3 
 .sbss.errno    0x20001dd8        0x4 C:/Users/ROG/Documents/xpack-riscv-none-elf-gcc-15.2.0-1/bin/../lib/gcc/riscv-none-elf/15.2.0/../../../../riscv-none-elf/lib\libc_nano.a(libc_a-reent.o)
                0x20001dd8                errno
 .sbss.__stdio_exit_handler
                0x20001ddc        0x4 C:/Users/ROG/Documents/xpack-riscv-none-elf-gcc-15.2.0-1/bin/../lib/gcc/riscv-none-elf/15.2.0/../../../../riscv-none-elf/lib\libc_nano.a(libc_a-findfp.o)
                0x20001ddc                __stdio_exit_handler
 .sbss.heap_end.0
                0x20001de0        0x4 C:/Users/ROG/Documents/xpack-riscv-none-elf-gcc-15.2.0-1/bin/../lib/gcc/riscv-none-elf/15.2.0/../../../../riscv-none-elf/lib\libnosys.a(sbrk.o)
 *(COMMON)
                0x20001de4                        . = ALIGN (0x4)
                0x20001de4                        _ebss = .
                0x20001de4                        PROVIDE (end = .)
                [!provide]                        PROVIDE (_end = .)
                [!provide]                        PROVIDE (__end = .)

.heap           0x20001de4      0x200 load address 0x0001062c
                0x20001de4                        . = ALIGN (0x4)
                [!provide]                        PROVIDE (_heap_start = .)
                0x20001fe4                        . = (. + _Min_Heap_Size)
 *fill*         0x20001de4      0x200 
                [!provide]                        PROVIDE (_heap_end = .)

.stack          0x20001fe4      0x404 load address 0x0001062c
                0x20001fe8                        . = ALIGN (0x8)
 *fill*         0x20001fe4        0x4 
                0x200023e8                        . = (. + _Min_Stack_Size)
 *fill*         0x20001fe8      0x400 
                0x200023e8                        PROVIDE (_stack = .)
                0x00000001                        ASSERT ((_stack <= _estack), RAM overflow!)
                0x000023e8                        _ram_used = (_stack - ORIGIN (RAM))
                0x00004418                        _ram_free = (LENGTH (RAM) - _ram_used)

/DISCARD/
 *(.ARM.exidx*)
 *(.ARM.extab*)
 *(.eh_frame*)
 *(.comment)
 *(.note.*)
OUTPUT(build/tracker/slimevr_tracker.elf elf32-littleriscv)

.riscv.attributes
                0x00000000       0x67
 .riscv.attributes
                0x00000000       0x67 C:\Users\ROG\AppData\Local\Temp\ccCG7Kag.ltrans0.ltrans.o
 .riscv.attributes
                0x00000067       0x61 build/tracker/sdk/Startup/startup_CH592.o
 .riscv.attributes
                0x000000c8       0x4e C:/Users/ROG/Documents/xpack-riscv-none-elf-gcc-15.2.0-1/bin/../lib/gcc/riscv-none-elf/15.2.0/../../../../riscv-none-elf/lib\libm_nano.a(libm_a-wf_atan2.o)
 .riscv.attributes
                0x00000116       0x4e C:/Users/ROG/Documents/xpack-riscv-none-elf-gcc-15.2.0-1/bin/../lib/gcc/riscv-none-elf/15.2.0/../../../../riscv-none-elf/lib\libm_nano.a(libm_a-wf_sqrt.o)
 .riscv.attributes
                0x00000164       0x4e C:/Users/ROG/Documents/xpack-riscv-none-elf-gcc-15.2.0-1/bin/../lib/gcc/riscv-none-elf/15.2.0/../../../../riscv-none-elf/lib\libm_nano.a(libm_a-sf_cos.o)
 .riscv.attributes
                0x000001b2       0x4e C:/Users/ROG/Documents/xpack-riscv-none-elf-gcc-15.2.0-1/bin/../lib/gcc/riscv-none-elf/15.2.0/../../../../riscv-none-elf/lib\libm_nano.a(libm_a-sf_sin.o)
 .riscv.attributes
                0x00000200       0x4e C:/Users/ROG/Documents/xpack-riscv-none-elf-gcc-15.2.0-1/bin/../lib/gcc/riscv-none-elf/15.2.0/../../../../riscv-none-elf/lib\libm_nano.a(libm_a-ef_sqrt.o)
 .riscv.attributes
                0x0000024e       0x4e C:/Users/ROG/Documents/xpack-riscv-none-elf-gcc-15.2.0-1/bin/../lib/gcc/riscv-none-elf/15.2.0/../../../../riscv-none-elf/lib\libm_nano.a(libm_a-sf_fabs.o)
 .riscv.attributes
                0x0000029c       0x4e C:/Users/ROG/Documents/xpack-riscv-none-elf-gcc-15.2.0-1/bin/../lib/gcc/riscv-none-elf/15.2.0/../../../../riscv-none-elf/lib\libm_nano.a(libm_a-kf_cos.o)
 .riscv.attributes
                0x000002ea       0x4e C:/Users/ROG/Documents/xpack-riscv-none-elf-gcc-15.2.0-1/bin/../lib/gcc/riscv-none-elf/15.2.0/../../../../riscv-none-elf/lib\libm_nano.a(libm_a-kf_sin.o)
 .riscv.attributes
                0x00000338       0x4e C:/Users/ROG/Documents/xpack-riscv-none-elf-gcc-15.2.0-1/bin/../lib/gcc/riscv-none-elf/15.2.0/../../../../riscv-none-elf/lib\libm_nano.a(libm_a-ef_atan2.o)
 .riscv.attributes
                0x00000386       0x4e C:/Users/ROG/Documents/xpack-riscv-none-elf-gcc-15.2.0-1/bin/../lib/gcc/riscv-none-elf/15.2.0/../../../../riscv-none-elf/lib\libm_nano.a(libm_a-ef_rem_pio2.o)
 .riscv.attributes
                0x000003d4       0x4e C:/Users/ROG/Documents/xpack-riscv-none-elf-gcc-15.2.0-1/bin/../lib/gcc/riscv-none-elf/15.2.0/../../../../riscv-none-elf/lib\libm_nano.a(libm_a-sf_atan.o)
 .riscv.attributes
                0x00000422       0x4e C:/Users/ROG/Documents/xpack-riscv-none-elf-gcc-15.2.0-1/bin/../lib/gcc/riscv-none-elf/15.2.0/../../../../riscv-none-elf/lib\libm_nano.a(libm_a-kf_rem_pio2.o)
 .riscv.attributes
                0x00000470       0x4e C:/Users/ROG/Documents/xpack-riscv-none-elf-gcc-15.2.0-1/bin/../lib/gcc/riscv-none-elf/15.2.0/../../../../riscv-none-elf/lib\libm_nano.a(libm_a-sf_floor.o)
 .riscv.attributes
                0x000004be       0x4e C:/Users/ROG/Documents/xpack-riscv-none-elf-gcc-15.2.0-1/bin/../lib/gcc/riscv-none-elf/15.2.0/../../../../riscv-none-elf/lib\libm_nano.a(libm_a-sf_scalbn.o)
 .riscv.attributes
                0x0000050c       0x4e C:/Users/ROG/Documents/xpack-riscv-none-elf-gcc-15.2.0-1/bin/../lib/gcc/riscv-none-elf/15.2.0\libgcc.a(addsf3.o)
 .riscv.attributes
                0x0000055a       0x4e C:/Users/ROG/Documents/xpack-riscv-none-elf-gcc-15.2.0-1/bin/../lib/gcc/riscv-none-elf/15.2.0\libgcc.a(divsf3.o)
 .riscv.attributes
                0x000005a8       0x4e C:/Users/ROG/Documents/xpack-riscv-none-elf-gcc-15.2.0-1/bin/../lib/gcc/riscv-none-elf/15.2.0\libgcc.a(eqsf2.o)
 .riscv.attributes
                0x000005f6       0x4e C:/Users/ROG/Documents/xpack-riscv-none-elf-gcc-15.2.0-1/bin/../lib/gcc/riscv-none-elf/15.2.0\libgcc.a(gesf2.o)
 .riscv.attributes
                0x00000644       0x4e C:/Users/ROG/Documents/xpack-riscv-none-elf-gcc-15.2.0-1/bin/../lib/gcc/riscv-none-elf/15.2.0\libgcc.a(lesf2.o)
 .riscv.attributes
                0x00000692       0x4e C:/Users/ROG/Documents/xpack-riscv-none-elf-gcc-15.2.0-1/bin/../lib/gcc/riscv-none-elf/15.2.0\libgcc.a(mulsf3.o)
 .riscv.attributes
                0x000006e0       0x4e C:/Users/ROG/Documents/xpack-riscv-none-elf-gcc-15.2.0-1/bin/../lib/gcc/riscv-none-elf/15.2.0\libgcc.a(subsf3.o)
 .riscv.attributes
                0x0000072e       0x4e C:/Users/ROG/Documents/xpack-riscv-none-elf-gcc-15.2.0-1/bin/../lib/gcc/riscv-none-elf/15.2.0\libgcc.a(unordsf2.o)
 .riscv.attributes
                0x0000077c       0x4e C:/Users/ROG/Documents/xpack-riscv-none-elf-gcc-15.2.0-1/bin/../lib/gcc/riscv-none-elf/15.2.0\libgcc.a(fixsfsi.o)
 .riscv.attributes
                0x000007ca       0x4e C:/Users/ROG/Documents/xpack-riscv-none-elf-gcc-15.2.0-1/bin/../lib/gcc/riscv-none-elf/15.2.0\libgcc.a(floatsisf.o)
 .riscv.attributes
                0x00000818       0x4e C:/Users/ROG/Documents/xpack-riscv-none-elf-gcc-15.2.0-1/bin/../lib/gcc/riscv-none-elf/15.2.0\libgcc.a(_clzsi2.o)
 .riscv.attributes
                0x00000866       0x4e C:/Users/ROG/Documents/xpack-riscv-none-elf-gcc-15.2.0-1/bin/../lib/gcc/riscv-none-elf/15.2.0\libgcc.a(_clz.o)
 .riscv.attributes
                0x000008b4       0x4e C:/Users/ROG/Documents/xpack-riscv-none-elf-gcc-15.2.0-1/bin/../lib/gcc/riscv-none-elf/15.2.0\libgcc.a(_divdi3.o)
 .riscv.attributes
                0x00000902       0x4e C:/Users/ROG/Documents/xpack-riscv-none-elf-gcc-15.2.0-1/bin/../lib/gcc/riscv-none-elf/15.2.0\libgcc.a(fixunssfsi.o)
 .riscv.attributes
                0x00000950       0x4e C:/Users/ROG/Documents/xpack-riscv-none-elf-gcc-15.2.0-1/bin/../lib/gcc/riscv-none-elf/15.2.0\libgcc.a(floatunsisf.o)
 .riscv.attributes
                0x0000099e       0x4e C:/Users/ROG/Documents/xpack-riscv-none-elf-gcc-15.2.0-1/bin/../lib/gcc/riscv-none-elf/15.2.0/../../../../riscv-none-elf/lib\libc_nano.a(libc_a-nano-vfprintf_float.o)
 .riscv.attributes
                0x000009ec       0x4e C:/Users/ROG/Documents/xpack-riscv-none-elf-gcc-15.2.0-1/bin/../lib/gcc/riscv-none-elf/15.2.0/../../../../riscv-none-elf/lib\libc_nano.a(libc_a-nano-vfprintf_i.o)
 .riscv.attributes
                0x00000a3a       0x4e C:/Users/ROG/Documents/xpack-riscv-none-elf-gcc-15.2.0-1/bin/../lib/gcc/riscv-none-elf/15.2.0/../../../../riscv-none-elf/lib\libc_nano.a(libc_a-memchr.o)
 .riscv.attributes
                0x00000a88       0x4e C:/Users/ROG/Documents/xpack-riscv-none-elf-gcc-15.2.0-1/bin/../lib/gcc/riscv-none-elf/15.2.0/../../../../riscv-none-elf/lib\libc_nano.a(libc_a-localeconv.o)
 .riscv.attributes
                0x00000ad6       0x4e C:/Users/ROG/Documents/xpack-riscv-none-elf-gcc-15.2.0-1/bin/../lib/gcc/riscv-none-elf/15.2.0/../../../../riscv-none-elf/lib\libc_nano.a(libc_a-errno.o)
 .riscv.attributes
                0x00000b24       0x4e C:/Users/ROG/Documents/xpack-riscv-none-elf-gcc-15.2.0-1/bin/../lib/gcc/riscv-none-elf/15.2.0/../../../../riscv-none-elf/lib\libc_nano.a(libc_a-strlen.o)
 .riscv.attributes
                0x00000b72       0x4e C:/Users/ROG/Documents/xpack-riscv-none-elf-gcc-15.2.0-1/bin/../lib/gcc/riscv-none-elf/15.2.0/../../../../riscv-none-elf/lib\libc_nano.a(libc_a-dtoa.o)
 .riscv.attributes
                0x00000bc0       0x4e C:/Users/ROG/Documents/xpack-riscv-none-elf-gcc-15.2.0-1/bin/../lib/gcc/riscv-none-elf/15.2.0/../../../../riscv-none-elf/lib\libc_nano.a(libc_a-malloc.o)
 .riscv.attributes
                0x00000c0e       0x4e C:/Users/ROG/Documents/xpack-riscv-none-elf-gcc-15.2.0-1/bin/../lib/gcc/riscv-none-elf/15.2.0/../../../../riscv-none-elf/lib\libc_nano.a(libc_a-mallocr.o)
 .riscv.attributes
                0x00000c5c       0x4e C:/Users/ROG/Documents/xpack-riscv-none-elf-gcc-15.2.0-1/bin/../lib/gcc/riscv-none-elf/15.2.0/../../../../riscv-none-elf/lib\libc_nano.a(libc_a-mlock.o)
 .riscv.attributes
                0x00000caa       0x4e C:/Users/ROG/Documents/xpack-riscv-none-elf-gcc-15.2.0-1/bin/../lib/gcc/riscv-none-elf/15.2.0/../../../../riscv-none-elf/lib\libc_nano.a(libc_a-mprec.o)
 .riscv.attributes
                0x00000cf8       0x4e C:/Users/ROG/Documents/xpack-riscv-none-elf-gcc-15.2.0-1/bin/../lib/gcc/riscv-none-elf/15.2.0/../../../../riscv-none-elf/lib\libc_nano.a(libc_a-locale.o)
 .riscv.attributes
                0x00000d46       0x4e C:/Users/ROG/Documents/xpack-riscv-none-elf-gcc-15.2.0-1/bin/../lib/gcc/riscv-none-elf/15.2.0/../../../../riscv-none-elf/lib\libc_nano.a(libc_a-impure.o)
 .riscv.attributes
                0x00000d94       0x4e C:/Users/ROG/Documents/xpack-riscv-none-elf-gcc-15.2.0-1/bin/../lib/gcc/riscv-none-elf/15.2.0/../../../../riscv-none-elf/lib\libc_nano.a(libc_a-sbrkr.o)
 .riscv.attributes
                0x00000de2       0x4e C:/Users/ROG/Documents/xpack-riscv-none-elf-gcc-15.2.0-1/bin/../lib/gcc/riscv-none-elf/15.2.0/../../../../riscv-none-elf/lib\libc_nano.a(libc_a-lock.o)
 .riscv.attributes
                0x00000e30       0x4c C:/Users/ROG/Documents/xpack-riscv-none-elf-gcc-15.2.0-1/bin/../lib/gcc/riscv-none-elf/15.2.0/../../../../riscv-none-elf/lib\libc_nano.a(libc_a-memcpy-asm.o)
 .riscv.attributes
                0x00000e7c       0x4e C:/Users/ROG/Documents/xpack-riscv-none-elf-gcc-15.2.0-1/bin/../lib/gcc/riscv-none-elf/15.2.0/../../../../riscv-none-elf/lib\libc_nano.a(libc_a-assert.o)
 .riscv.attributes
                0x00000eca       0x4e C:/Users/ROG/Documents/xpack-riscv-none-elf-gcc-15.2.0-1/bin/../lib/gcc/riscv-none-elf/15.2.0/../../../../riscv-none-elf/lib\libc_nano.a(libc_a-callocr.o)
 .riscv.attributes
                0x00000f18       0x4e C:/Users/ROG/Documents/xpack-riscv-none-elf-gcc-15.2.0-1/bin/../lib/gcc/riscv-none-elf/15.2.0/../../../../riscv-none-elf/lib\libc_nano.a(libc_a-freer.o)
 .riscv.attributes
                0x00000f66       0x4e C:/Users/ROG/Documents/xpack-riscv-none-elf-gcc-15.2.0-1/bin/../lib/gcc/riscv-none-elf/15.2.0/../../../../riscv-none-elf/lib\libc_nano.a(libc_a-mbtowc_r.o)
 .riscv.attributes
                0x00000fb4       0x4e C:/Users/ROG/Documents/xpack-riscv-none-elf-gcc-15.2.0-1/bin/../lib/gcc/riscv-none-elf/15.2.0/../../../../riscv-none-elf/lib\libc_nano.a(libc_a-wctomb_r.o)
 .riscv.attributes
                0x00001002       0x4e C:/Users/ROG/Documents/xpack-riscv-none-elf-gcc-15.2.0-1/bin/../lib/gcc/riscv-none-elf/15.2.0/../../../../riscv-none-elf/lib\libc_nano.a(libc_a-ctype_.o)
 .riscv.attributes
                0x00001050       0x4e C:/Users/ROG/Documents/xpack-riscv-none-elf-gcc-15.2.0-1/bin/../lib/gcc/riscv-none-elf/15.2.0/../../../../riscv-none-elf/lib\libc_nano.a(libc_a-fprintf.o)
 .riscv.attributes
                0x0000109e       0x4e C:/Users/ROG/Documents/xpack-riscv-none-elf-gcc-15.2.0-1/bin/../lib/gcc/riscv-none-elf/15.2.0/../../../../riscv-none-elf/lib\libc_nano.a(libc_a-reent.o)
 .riscv.attributes
                0x000010ec       0x4c C:/Users/ROG/Documents/xpack-riscv-none-elf-gcc-15.2.0-1/bin/../lib/gcc/riscv-none-elf/15.2.0/../../../../riscv-none-elf/lib\libc_nano.a(libc_a-memset.o)
 .riscv.attributes
                0x00001138       0x4e C:/Users/ROG/Documents/xpack-riscv-none-elf-gcc-15.2.0-1/bin/../lib/gcc/riscv-none-elf/15.2.0/../../../../riscv-none-elf/lib\libc_nano.a(libc_a-abort.o)
 .riscv.attributes
                0x00001186       0x4e C:/Users/ROG/Documents/xpack-riscv-none-elf-gcc-15.2.0-1/bin/../lib/gcc/riscv-none-elf/15.2.0/../../../../riscv-none-elf/lib\libc_nano.a(libc_a-nano-vfprintf.o)
 .riscv.attributes
                0x000011d4       0x4e C:/Users/ROG/Documents/xpack-riscv-none-elf-gcc-15.2.0-1/bin/../lib/gcc/riscv-none-elf/15.2.0/../../../../riscv-none-elf/lib\libc_nano.a(libc_a-findfp.o)
 .riscv.attributes
                0x00001222       0x4e C:/Users/ROG/Documents/xpack-riscv-none-elf-gcc-15.2.0-1/bin/../lib/gcc/riscv-none-elf/15.2.0/../../../../riscv-none-elf/lib\libc_nano.a(libc_a-fwalk.o)
 .riscv.attributes
                0x00001270       0x4e C:/Users/ROG/Documents/xpack-riscv-none-elf-gcc-15.2.0-1/bin/../lib/gcc/riscv-none-elf/15.2.0/../../../../riscv-none-elf/lib\libc_nano.a(libc_a-stdio.o)
 .riscv.attributes
                0x000012be       0x4e C:/Users/ROG/Documents/xpack-riscv-none-elf-gcc-15.2.0-1/bin/../lib/gcc/riscv-none-elf/15.2.0/../../../../riscv-none-elf/lib\libc_nano.a(libc_a-wbuf.o)
 .riscv.attributes
                0x0000130c       0x4e C:/Users/ROG/Documents/xpack-riscv-none-elf-gcc-15.2.0-1/bin/../lib/gcc/riscv-none-elf/15.2.0/../../../../riscv-none-elf/lib\libc_nano.a(libc_a-wsetup.o)
 .riscv.attributes
                0x0000135a       0x4e C:/Users/ROG/Documents/xpack-riscv-none-elf-gcc-15.2.0-1/bin/../lib/gcc/riscv-none-elf/15.2.0/../../../../riscv-none-elf/lib\libc_nano.a(libc_a-signal.o)
 .riscv.attributes
                0x000013a8       0x4e C:/Users/ROG/Documents/xpack-riscv-none-elf-gcc-15.2.0-1/bin/../lib/gcc/riscv-none-elf/15.2.0/../../../../riscv-none-elf/lib\libc_nano.a(libc_a-closer.o)
 .riscv.attributes
                0x000013f6       0x4e C:/Users/ROG/Documents/xpack-riscv-none-elf-gcc-15.2.0-1/bin/../lib/gcc/riscv-none-elf/15.2.0/../../../../riscv-none-elf/lib\libc_nano.a(libc_a-lseekr.o)
 .riscv.attributes
                0x00001444       0x4e C:/Users/ROG/Documents/xpack-riscv-none-elf-gcc-15.2.0-1/bin/../lib/gcc/riscv-none-elf/15.2.0/../../../../riscv-none-elf/lib\libc_nano.a(libc_a-readr.o)
 .riscv.attributes
                0x00001492       0x4e C:/Users/ROG/Documents/xpack-riscv-none-elf-gcc-15.2.0-1/bin/../lib/gcc/riscv-none-elf/15.2.0/../../../../riscv-none-elf/lib\libc_nano.a(libc_a-signalr.o)
 .riscv.attributes
                0x000014e0       0x4e C:/Users/ROG/Documents/xpack-riscv-none-elf-gcc-15.2.0-1/bin/../lib/gcc/riscv-none-elf/15.2.0/../../../../riscv-none-elf/lib\libc_nano.a(libc_a-writer.o)
 .riscv.attributes
                0x0000152e       0x4e C:/Users/ROG/Documents/xpack-riscv-none-elf-gcc-15.2.0-1/bin/../lib/gcc/riscv-none-elf/15.2.0/../../../../riscv-none-elf/lib\libc_nano.a(libc_a-fflush.o)
 .riscv.attributes
                0x0000157c       0x4e C:/Users/ROG/Documents/xpack-riscv-none-elf-gcc-15.2.0-1/bin/../lib/gcc/riscv-none-elf/15.2.0/../../../../riscv-none-elf/lib\libc_nano.a(libc_a-makebuf.o)
 .riscv.attributes
                0x000015ca       0x4e C:/Users/ROG/Documents/xpack-riscv-none-elf-gcc-15.2.0-1/bin/../lib/gcc/riscv-none-elf/15.2.0/../../../../riscv-none-elf/lib\libc_nano.a(libc_a-fstatr.o)
 .riscv.attributes
                0x00001618       0x4e C:/Users/ROG/Documents/xpack-riscv-none-elf-gcc-15.2.0-1/bin/../lib/gcc/riscv-none-elf/15.2.0/../../../../riscv-none-elf/lib\libc_nano.a(libc_a-isattyr.o)
 .riscv.attributes
                0x00001666       0x4e C:/Users/ROG/Documents/xpack-riscv-none-elf-gcc-15.2.0-1/bin/../lib/gcc/riscv-none-elf/15.2.0/../../../../riscv-none-elf/lib\libc_nano.a(libc_a-memcmp.o)
 .riscv.attributes
                0x000016b4       0x4e C:/Users/ROG/Documents/xpack-riscv-none-elf-gcc-15.2.0-1/bin/../lib/gcc/riscv-none-elf/15.2.0\libgcc.a(adddf3.o)
 .riscv.attributes
                0x00001702       0x4e C:/Users/ROG/Documents/xpack-riscv-none-elf-gcc-15.2.0-1/bin/../lib/gcc/riscv-none-elf/15.2.0\libgcc.a(divdf3.o)
 .riscv.attributes
                0x00001750       0x4e C:/Users/ROG/Documents/xpack-riscv-none-elf-gcc-15.2.0-1/bin/../lib/gcc/riscv-none-elf/15.2.0\libgcc.a(eqdf2.o)
 .riscv.attributes
                0x0000179e       0x4e C:/Users/ROG/Documents/xpack-riscv-none-elf-gcc-15.2.0-1/bin/../lib/gcc/riscv-none-elf/15.2.0\libgcc.a(gedf2.o)
 .riscv.attributes
                0x000017ec       0x4e C:/Users/ROG/Documents/xpack-riscv-none-elf-gcc-15.2.0-1/bin/../lib/gcc/riscv-none-elf/15.2.0\libgcc.a(ledf2.o)
 .riscv.attributes
                0x0000183a       0x4e C:/Users/ROG/Documents/xpack-riscv-none-elf-gcc-15.2.0-1/bin/../lib/gcc/riscv-none-elf/15.2.0\libgcc.a(muldf3.o)
 .riscv.attributes
                0x00001888       0x4e C:/Users/ROG/Documents/xpack-riscv-none-elf-gcc-15.2.0-1/bin/../lib/gcc/riscv-none-elf/15.2.0\libgcc.a(subdf3.o)
 .riscv.attributes
                0x000018d6       0x4e C:/Users/ROG/Documents/xpack-riscv-none-elf-gcc-15.2.0-1/bin/../lib/gcc/riscv-none-elf/15.2.0\libgcc.a(unorddf2.o)
 .riscv.attributes
                0x00001924       0x4e C:/Users/ROG/Documents/xpack-riscv-none-elf-gcc-15.2.0-1/bin/../lib/gcc/riscv-none-elf/15.2.0\libgcc.a(fixdfsi.o)
 .riscv.attributes
                0x00001972       0x4e C:/Users/ROG/Documents/xpack-riscv-none-elf-gcc-15.2.0-1/bin/../lib/gcc/riscv-none-elf/15.2.0\libgcc.a(floatsidf.o)
 .riscv.attributes
                0x000019c0       0x4e C:/Users/ROG/Documents/xpack-riscv-none-elf-gcc-15.2.0-1/bin/../lib/gcc/riscv-none-elf/15.2.0\libgcc.a(floatunsidf.o)
 .riscv.attributes
                0x00001a0e       0x4e C:/Users/ROG/Documents/xpack-riscv-none-elf-gcc-15.2.0-1/bin/../lib/gcc/riscv-none-elf/15.2.0\libgcc.a(trunctfdf2.o)
 .riscv.attributes
                0x00001a5c       0x4e C:/Users/ROG/Documents/xpack-riscv-none-elf-gcc-15.2.0-1/bin/../lib/gcc/riscv-none-elf/15.2.0/../../../../riscv-none-elf/lib\libnosys.a(close.o)
 .riscv.attributes
                0x00001aaa       0x4e C:/Users/ROG/Documents/xpack-riscv-none-elf-gcc-15.2.0-1/bin/../lib/gcc/riscv-none-elf/15.2.0/../../../../riscv-none-elf/lib\libnosys.a(fstat.o)
 .riscv.attributes
                0x00001af8       0x4e C:/Users/ROG/Documents/xpack-riscv-none-elf-gcc-15.2.0-1/bin/../lib/gcc/riscv-none-elf/15.2.0/../../../../riscv-none-elf/lib\libnosys.a(getpid.o)
 .riscv.attributes
                0x00001b46       0x4e C:/Users/ROG/Documents/xpack-riscv-none-elf-gcc-15.2.0-1/bin/../lib/gcc/riscv-none-elf/15.2.0/../../../../riscv-none-elf/lib\libnosys.a(isatty.o)
 .riscv.attributes
                0x00001b94       0x4e C:/Users/ROG/Documents/xpack-riscv-none-elf-gcc-15.2.0-1/bin/../lib/gcc/riscv-none-elf/15.2.0/../../../../riscv-none-elf/lib\libnosys.a(kill.o)
 .riscv.attributes
                0x00001be2       0x4e C:/Users/ROG/Documents/xpack-riscv-none-elf-gcc-15.2.0-1/bin/../lib/gcc/riscv-none-elf/15.2.0/../../../../riscv-none-elf/lib\libnosys.a(lseek.o)
 .riscv.attributes
                0x00001c30       0x4e C:/Users/ROG/Documents/xpack-riscv-none-elf-gcc-15.2.0-1/bin/../lib/gcc/riscv-none-elf/15.2.0/../../../../riscv-none-elf/lib\libnosys.a(read.o)
 .riscv.attributes
                0x00001c7e       0x4e C:/Users/ROG/Documents/xpack-riscv-none-elf-gcc-15.2.0-1/bin/../lib/gcc/riscv-none-elf/15.2.0/../../../../riscv-none-elf/lib\libnosys.a(sbrk.o)
 .riscv.attributes
                0x00001ccc       0x4e C:/Users/ROG/Documents/xpack-riscv-none-elf-gcc-15.2.0-1/bin/../lib/gcc/riscv-none-elf/15.2.0/../../../../riscv-none-elf/lib\libnosys.a(write.o)
 .riscv.attributes
                0x00001d1a       0x4e C:/Users/ROG/Documents/xpack-riscv-none-elf-gcc-15.2.0-1/bin/../lib/gcc/riscv-none-elf/15.2.0/../../../../riscv-none-elf/lib\libnosys.a(_exit.o)

.debug_info     0x00000000     0x5859
 .debug_info    0x00000000      0x343 C:/Users/ROG/Documents/xpack-riscv-none-elf-gcc-15.2.0-1/bin/../lib/gcc/riscv-none-elf/15.2.0\libgcc.a(addsf3.o)
 .debug_info    0x00000343      0x3dd C:/Users/ROG/Documents/xpack-riscv-none-elf-gcc-15.2.0-1/bin/../lib/gcc/riscv-none-elf/15.2.0\libgcc.a(divsf3.o)
 .debug_info    0x00000720      0x215 C:/Users/ROG/Documents/xpack-riscv-none-elf-gcc-15.2.0-1/bin/../lib/gcc/riscv-none-elf/15.2.0\libgcc.a(eqsf2.o)
 .debug_info    0x00000935      0x221 C:/Users/ROG/Documents/xpack-riscv-none-elf-gcc-15.2.0-1/bin/../lib/gcc/riscv-none-elf/15.2.0\libgcc.a(gesf2.o)
 .debug_info    0x00000b56      0x221 C:/Users/ROG/Documents/xpack-riscv-none-elf-gcc-15.2.0-1/bin/../lib/gcc/riscv-none-elf/15.2.0\libgcc.a(lesf2.o)
 .debug_info    0x00000d77      0x3c5 C:/Users/ROG/Documents/xpack-riscv-none-elf-gcc-15.2.0-1/bin/../lib/gcc/riscv-none-elf/15.2.0\libgcc.a(mulsf3.o)
 .debug_info    0x0000113c      0x343 C:/Users/ROG/Documents/xpack-riscv-none-elf-gcc-15.2.0-1/bin/../lib/gcc/riscv-none-elf/15.2.0\libgcc.a(subsf3.o)
 .debug_info    0x0000147f      0x202 C:/Users/ROG/Documents/xpack-riscv-none-elf-gcc-15.2.0-1/bin/../lib/gcc/riscv-none-elf/15.2.0\libgcc.a(unordsf2.o)
 .debug_info    0x00001681      0x1ca C:/Users/ROG/Documents/xpack-riscv-none-elf-gcc-15.2.0-1/bin/../lib/gcc/riscv-none-elf/15.2.0\libgcc.a(fixsfsi.o)
 .debug_info    0x0000184b      0x23c C:/Users/ROG/Documents/xpack-riscv-none-elf-gcc-15.2.0-1/bin/../lib/gcc/riscv-none-elf/15.2.0\libgcc.a(floatsisf.o)
 .debug_info    0x00001a87      0x168 C:/Users/ROG/Documents/xpack-riscv-none-elf-gcc-15.2.0-1/bin/../lib/gcc/riscv-none-elf/15.2.0\libgcc.a(_clzsi2.o)
 .debug_info    0x00001bef       0xf2 C:/Users/ROG/Documents/xpack-riscv-none-elf-gcc-15.2.0-1/bin/../lib/gcc/riscv-none-elf/15.2.0\libgcc.a(_clz.o)
 .debug_info    0x00001ce1      0x890 C:/Users/ROG/Documents/xpack-riscv-none-elf-gcc-15.2.0-1/bin/../lib/gcc/riscv-none-elf/15.2.0\libgcc.a(_divdi3.o)
 .debug_info    0x00002571      0x1b8 C:/Users/ROG/Documents/xpack-riscv-none-elf-gcc-15.2.0-1/bin/../lib/gcc/riscv-none-elf/15.2.0\libgcc.a(fixunssfsi.o)
 .debug_info    0x00002729      0x231 C:/Users/ROG/Documents/xpack-riscv-none-elf-gcc-15.2.0-1/bin/../lib/gcc/riscv-none-elf/15.2.0\libgcc.a(floatunsisf.o)
 .debug_info    0x0000295a      0x562 C:/Users/ROG/Documents/xpack-riscv-none-elf-gcc-15.2.0-1/bin/../lib/gcc/riscv-none-elf/15.2.0\libgcc.a(adddf3.o)
 .debug_info    0x00002ebc      0x79a C:/Users/ROG/Documents/xpack-riscv-none-elf-gcc-15.2.0-1/bin/../lib/gcc/riscv-none-elf/15.2.0\libgcc.a(divdf3.o)
 .debug_info    0x00003656      0x250 C:/Users/ROG/Documents/xpack-riscv-none-elf-gcc-15.2.0-1/bin/../lib/gcc/riscv-none-elf/15.2.0\libgcc.a(eqdf2.o)
 .debug_info    0x000038a6      0x25e C:/Users/ROG/Documents/xpack-riscv-none-elf-gcc-15.2.0-1/bin/../lib/gcc/riscv-none-elf/15.2.0\libgcc.a(gedf2.o)
 .debug_info    0x00003b04      0x25e C:/Users/ROG/Documents/xpack-riscv-none-elf-gcc-15.2.0-1/bin/../lib/gcc/riscv-none-elf/15.2.0\libgcc.a(ledf2.o)
 .debug_info    0x00003d62      0x7ab C:/Users/ROG/Documents/xpack-riscv-none-elf-gcc-15.2.0-1/bin/../lib/gcc/riscv-none-elf/15.2.0\libgcc.a(muldf3.o)
 .debug_info    0x0000450d      0x562 C:/Users/ROG/Documents/xpack-riscv-none-elf-gcc-15.2.0-1/bin/../lib/gcc/riscv-none-elf/15.2.0\libgcc.a(subdf3.o)
 .debug_info    0x00004a6f      0x231 C:/Users/ROG/Documents/xpack-riscv-none-elf-gcc-15.2.0-1/bin/../lib/gcc/riscv-none-elf/15.2.0\libgcc.a(unorddf2.o)
 .debug_info    0x00004ca0      0x1e7 C:/Users/ROG/Documents/xpack-riscv-none-elf-gcc-15.2.0-1/bin/../lib/gcc/riscv-none-elf/15.2.0\libgcc.a(fixdfsi.o)
 .debug_info    0x00004e87      0x289 C:/Users/ROG/Documents/xpack-riscv-none-elf-gcc-15.2.0-1/bin/../lib/gcc/riscv-none-elf/15.2.0\libgcc.a(floatsidf.o)
 .debug_info    0x00005110      0x27e C:/Users/ROG/Documents/xpack-riscv-none-elf-gcc-15.2.0-1/bin/../lib/gcc/riscv-none-elf/15.2.0\libgcc.a(floatunsidf.o)
 .debug_info    0x0000538e      0x4cb C:/Users/ROG/Documents/xpack-riscv-none-elf-gcc-15.2.0-1/bin/../lib/gcc/riscv-none-elf/15.2.0\libgcc.a(trunctfdf2.o)

.debug_abbrev   0x00000000     0x2569
 .debug_abbrev  0x00000000      0x173 C:/Users/ROG/Documents/xpack-riscv-none-elf-gcc-15.2.0-1/bin/../lib/gcc/riscv-none-elf/15.2.0\libgcc.a(addsf3.o)
 .debug_abbrev  0x00000173      0x150 C:/Users/ROG/Documents/xpack-riscv-none-elf-gcc-15.2.0-1/bin/../lib/gcc/riscv-none-elf/15.2.0\libgcc.a(divsf3.o)
 .debug_abbrev  0x000002c3      0x14b C:/Users/ROG/Documents/xpack-riscv-none-elf-gcc-15.2.0-1/bin/../lib/gcc/riscv-none-elf/15.2.0\libgcc.a(eqsf2.o)
 .debug_abbrev  0x0000040e      0x164 C:/Users/ROG/Documents/xpack-riscv-none-elf-gcc-15.2.0-1/bin/../lib/gcc/riscv-none-elf/15.2.0\libgcc.a(gesf2.o)
 .debug_abbrev  0x00000572      0x164 C:/Users/ROG/Documents/xpack-riscv-none-elf-gcc-15.2.0-1/bin/../lib/gcc/riscv-none-elf/15.2.0\libgcc.a(lesf2.o)
 .debug_abbrev  0x000006d6      0x15f C:/Users/ROG/Documents/xpack-riscv-none-elf-gcc-15.2.0-1/bin/../lib/gcc/riscv-none-elf/15.2.0\libgcc.a(mulsf3.o)
 .debug_abbrev  0x00000835      0x173 C:/Users/ROG/Documents/xpack-riscv-none-elf-gcc-15.2.0-1/bin/../lib/gcc/riscv-none-elf/15.2.0\libgcc.a(subsf3.o)
 .debug_abbrev  0x000009a8      0x153 C:/Users/ROG/Documents/xpack-riscv-none-elf-gcc-15.2.0-1/bin/../lib/gcc/riscv-none-elf/15.2.0\libgcc.a(unordsf2.o)
 .debug_abbrev  0x00000afb      0x159 C:/Users/ROG/Documents/xpack-riscv-none-elf-gcc-15.2.0-1/bin/../lib/gcc/riscv-none-elf/15.2.0\libgcc.a(fixsfsi.o)
 .debug_abbrev  0x00000c54      0x17c C:/Users/ROG/Documents/xpack-riscv-none-elf-gcc-15.2.0-1/bin/../lib/gcc/riscv-none-elf/15.2.0\libgcc.a(floatsisf.o)
 .debug_abbrev  0x00000dd0       0xd9 C:/Users/ROG/Documents/xpack-riscv-none-elf-gcc-15.2.0-1/bin/../lib/gcc/riscv-none-elf/15.2.0\libgcc.a(_clzsi2.o)
 .debug_abbrev  0x00000ea9       0x76 C:/Users/ROG/Documents/xpack-riscv-none-elf-gcc-15.2.0-1/bin/../lib/gcc/riscv-none-elf/15.2.0\libgcc.a(_clz.o)
 .debug_abbrev  0x00000f1f      0x1c0 C:/Users/ROG/Documents/xpack-riscv-none-elf-gcc-15.2.0-1/bin/../lib/gcc/riscv-none-elf/15.2.0\libgcc.a(_divdi3.o)
 .debug_abbrev  0x000010df      0x15c C:/Users/ROG/Documents/xpack-riscv-none-elf-gcc-15.2.0-1/bin/../lib/gcc/riscv-none-elf/15.2.0\libgcc.a(fixunssfsi.o)
 .debug_abbrev  0x0000123b      0x17b C:/Users/ROG/Documents/xpack-riscv-none-elf-gcc-15.2.0-1/bin/../lib/gcc/riscv-none-elf/15.2.0\libgcc.a(floatunsisf.o)
 .debug_abbrev  0x000013b6      0x195 C:/Users/ROG/Documents/xpack-riscv-none-elf-gcc-15.2.0-1/bin/../lib/gcc/riscv-none-elf/15.2.0\libgcc.a(adddf3.o)
 .debug_abbrev  0x0000154b      0x182 C:/Users/ROG/Documents/xpack-riscv-none-elf-gcc-15.2.0-1/bin/../lib/gcc/riscv-none-elf/15.2.0\libgcc.a(divdf3.o)
 .debug_abbrev  0x000016cd      0x170 C:/Users/ROG/Documents/xpack-riscv-none-elf-gcc-15.2.0-1/bin/../lib/gcc/riscv-none-elf/15.2.0\libgcc.a(eqdf2.o)
 .debug_abbrev  0x0000183d      0x172 C:/Users/ROG/Documents/xpack-riscv-none-elf-gcc-15.2.0-1/bin/../lib/gcc/riscv-none-elf/15.2.0\libgcc.a(gedf2.o)
 .debug_abbrev  0x000019af      0x172 C:/Users/ROG/Documents/xpack-riscv-none-elf-gcc-15.2.0-1/bin/../lib/gcc/riscv-none-elf/15.2.0\libgcc.a(ledf2.o)
 .debug_abbrev  0x00001b21      0x194 C:/Users/ROG/Documents/xpack-riscv-none-elf-gcc-15.2.0-1/bin/../lib/gcc/riscv-none-elf/15.2.0\libgcc.a(muldf3.o)
 .debug_abbrev  0x00001cb5      0x195 C:/Users/ROG/Documents/xpack-riscv-none-elf-gcc-15.2.0-1/bin/../lib/gcc/riscv-none-elf/15.2.0\libgcc.a(subdf3.o)
 .debug_abbrev  0x00001e4a      0x15e C:/Users/ROG/Documents/xpack-riscv-none-elf-gcc-15.2.0-1/bin/../lib/gcc/riscv-none-elf/15.2.0\libgcc.a(unorddf2.o)
 .debug_abbrev  0x00001fa8      0x159 C:/Users/ROG/Documents/xpack-riscv-none-elf-gcc-15.2.0-1/bin/../lib/gcc/riscv-none-elf/15.2.0\libgcc.a(fixdfsi.o)
 .debug_abbrev  0x00002101      0x173 C:/Users/ROG/Documents/xpack-riscv-none-elf-gcc-15.2.0-1/bin/../lib/gcc/riscv-none-elf/15.2.0\libgcc.a(floatsidf.o)
 .debug_abbrev  0x00002274      0x172 C:/Users/ROG/Documents/xpack-riscv-none-elf-gcc-15.2.0-1/bin/../lib/gcc/riscv-none-elf/15.2.0\libgcc.a(floatunsidf.o)
 .debug_abbrev  0x000023e6      0x183 C:/Users/ROG/Documents/xpack-riscv-none-elf-gcc-15.2.0-1/bin/../lib/gcc/riscv-none-elf/15.2.0\libgcc.a(trunctfdf2.o)

.debug_loclists
                0x00000000     0xcbb7
 .debug_loclists
                0x00000000     0x1340 C:/Users/ROG/Documents/xpack-riscv-none-elf-gcc-15.2.0-1/bin/../lib/gcc/riscv-none-elf/15.2.0\libgcc.a(addsf3.o)
 .debug_loclists
                0x00001340      0x876 C:/Users/ROG/Documents/xpack-riscv-none-elf-gcc-15.2.0-1/bin/../lib/gcc/riscv-none-elf/15.2.0\libgcc.a(divsf3.o)
 .debug_loclists
                0x00001bb6       0x9b C:/Users/ROG/Documents/xpack-riscv-none-elf-gcc-15.2.0-1/bin/../lib/gcc/riscv-none-elf/15.2.0\libgcc.a(eqsf2.o)
 .debug_loclists
                0x00001c51       0xe0 C:/Users/ROG/Documents/xpack-riscv-none-elf-gcc-15.2.0-1/bin/../lib/gcc/riscv-none-elf/15.2.0\libgcc.a(gesf2.o)
 .debug_loclists
                0x00001d31       0xc7 C:/Users/ROG/Documents/xpack-riscv-none-elf-gcc-15.2.0-1/bin/../lib/gcc/riscv-none-elf/15.2.0\libgcc.a(lesf2.o)
 .debug_loclists
                0x00001df8      0x8b7 C:/Users/ROG/Documents/xpack-riscv-none-elf-gcc-15.2.0-1/bin/../lib/gcc/riscv-none-elf/15.2.0\libgcc.a(mulsf3.o)
 .debug_loclists
                0x000026af     0x1133 C:/Users/ROG/Documents/xpack-riscv-none-elf-gcc-15.2.0-1/bin/../lib/gcc/riscv-none-elf/15.2.0\libgcc.a(subsf3.o)
 .debug_loclists
                0x000037e2       0x4c C:/Users/ROG/Documents/xpack-riscv-none-elf-gcc-15.2.0-1/bin/../lib/gcc/riscv-none-elf/15.2.0\libgcc.a(unordsf2.o)
 .debug_loclists
                0x0000382e      0x11c C:/Users/ROG/Documents/xpack-riscv-none-elf-gcc-15.2.0-1/bin/../lib/gcc/riscv-none-elf/15.2.0\libgcc.a(fixsfsi.o)
 .debug_loclists
                0x0000394a      0x231 C:/Users/ROG/Documents/xpack-riscv-none-elf-gcc-15.2.0-1/bin/../lib/gcc/riscv-none-elf/15.2.0\libgcc.a(floatsisf.o)
 .debug_loclists
                0x00003b7b       0xe1 C:/Users/ROG/Documents/xpack-riscv-none-elf-gcc-15.2.0-1/bin/../lib/gcc/riscv-none-elf/15.2.0\libgcc.a(_clzsi2.o)
 .debug_loclists
                0x00003c5c      0xc52 C:/Users/ROG/Documents/xpack-riscv-none-elf-gcc-15.2.0-1/bin/../lib/gcc/riscv-none-elf/15.2.0\libgcc.a(_divdi3.o)
 .debug_loclists
                0x000048ae       0x9c C:/Users/ROG/Documents/xpack-riscv-none-elf-gcc-15.2.0-1/bin/../lib/gcc/riscv-none-elf/15.2.0\libgcc.a(fixunssfsi.o)
 .debug_loclists
                0x0000494a      0x218 C:/Users/ROG/Documents/xpack-riscv-none-elf-gcc-15.2.0-1/bin/../lib/gcc/riscv-none-elf/15.2.0\libgcc.a(floatunsisf.o)
 .debug_loclists
                0x00004b62     0x2219 C:/Users/ROG/Documents/xpack-riscv-none-elf-gcc-15.2.0-1/bin/../lib/gcc/riscv-none-elf/15.2.0\libgcc.a(adddf3.o)
 .debug_loclists
                0x00006d7b     0x1990 C:/Users/ROG/Documents/xpack-riscv-none-elf-gcc-15.2.0-1/bin/../lib/gcc/riscv-none-elf/15.2.0\libgcc.a(divdf3.o)
 .debug_loclists
                0x0000870b       0xd7 C:/Users/ROG/Documents/xpack-riscv-none-elf-gcc-15.2.0-1/bin/../lib/gcc/riscv-none-elf/15.2.0\libgcc.a(eqdf2.o)
 .debug_loclists
                0x000087e2      0x1ca C:/Users/ROG/Documents/xpack-riscv-none-elf-gcc-15.2.0-1/bin/../lib/gcc/riscv-none-elf/15.2.0\libgcc.a(gedf2.o)
 .debug_loclists
                0x000089ac      0x1cf C:/Users/ROG/Documents/xpack-riscv-none-elf-gcc-15.2.0-1/bin/../lib/gcc/riscv-none-elf/15.2.0\libgcc.a(ledf2.o)
 .debug_loclists
                0x00008b7b     0x11bd C:/Users/ROG/Documents/xpack-riscv-none-elf-gcc-15.2.0-1/bin/../lib/gcc/riscv-none-elf/15.2.0\libgcc.a(muldf3.o)
 .debug_loclists
                0x00009d38     0x225d C:/Users/ROG/Documents/xpack-riscv-none-elf-gcc-15.2.0-1/bin/../lib/gcc/riscv-none-elf/15.2.0\libgcc.a(subdf3.o)
 .debug_loclists
                0x0000bf95       0x9d C:/Users/ROG/Documents/xpack-riscv-none-elf-gcc-15.2.0-1/bin/../lib/gcc/riscv-none-elf/15.2.0\libgcc.a(unorddf2.o)
 .debug_loclists
                0x0000c032      0x133 C:/Users/ROG/Documents/xpack-riscv-none-elf-gcc-15.2.0-1/bin/../lib/gcc/riscv-none-elf/15.2.0\libgcc.a(fixdfsi.o)
 .debug_loclists
                0x0000c165      0x193 C:/Users/ROG/Documents/xpack-riscv-none-elf-gcc-15.2.0-1/bin/../lib/gcc/riscv-none-elf/15.2.0\libgcc.a(floatsidf.o)
 .debug_loclists
                0x0000c2f8      0x163 C:/Users/ROG/Documents/xpack-riscv-none-elf-gcc-15.2.0-1/bin/../lib/gcc/riscv-none-elf/15.2.0\libgcc.a(floatunsidf.o)
 .debug_loclists
                0x0000c45b      0x75c C:/Users/ROG/Documents/xpack-riscv-none-elf-gcc-15.2.0-1/bin/../lib/gcc/riscv-none-elf/15.2.0\libgcc.a(trunctfdf2.o)

.debug_aranges  0x00000000      0x358
 .debug_aranges
                0x00000000       0x20 C:/Users/ROG/Documents/xpack-riscv-none-elf-gcc-15.2.0-1/bin/../lib/gcc/riscv-none-elf/15.2.0\libgcc.a(addsf3.o)
 .debug_aranges
                0x00000020       0x20 C:/Users/ROG/Documents/xpack-riscv-none-elf-gcc-15.2.0-1/bin/../lib/gcc/riscv-none-elf/15.2.0\libgcc.a(divsf3.o)
 .debug_aranges
                0x00000040       0x20 C:/Users/ROG/Documents/xpack-riscv-none-elf-gcc-15.2.0-1/bin/../lib/gcc/riscv-none-elf/15.2.0\libgcc.a(eqsf2.o)
 .debug_aranges
                0x00000060       0x20 C:/Users/ROG/Documents/xpack-riscv-none-elf-gcc-15.2.0-1/bin/../lib/gcc/riscv-none-elf/15.2.0\libgcc.a(gesf2.o)
 .debug_aranges
                0x00000080       0x20 C:/Users/ROG/Documents/xpack-riscv-none-elf-gcc-15.2.0-1/bin/../lib/gcc/riscv-none-elf/15.2.0\libgcc.a(lesf2.o)
 .debug_aranges
                0x000000a0       0x20 C:/Users/ROG/Documents/xpack-riscv-none-elf-gcc-15.2.0-1/bin/../lib/gcc/riscv-none-elf/15.2.0\libgcc.a(mulsf3.o)
 .debug_aranges
                0x000000c0       0x20 C:/Users/ROG/Documents/xpack-riscv-none-elf-gcc-15.2.0-1/bin/../lib/gcc/riscv-none-elf/15.2.0\libgcc.a(subsf3.o)
 .debug_aranges
                0x000000e0       0x20 C:/Users/ROG/Documents/xpack-riscv-none-elf-gcc-15.2.0-1/bin/../lib/gcc/riscv-none-elf/15.2.0\libgcc.a(unordsf2.o)
 .debug_aranges
                0x00000100       0x20 C:/Users/ROG/Documents/xpack-riscv-none-elf-gcc-15.2.0-1/bin/../lib/gcc/riscv-none-elf/15.2.0\libgcc.a(fixsfsi.o)
 .debug_aranges
                0x00000120       0x20 C:/Users/ROG/Documents/xpack-riscv-none-elf-gcc-15.2.0-1/bin/../lib/gcc/riscv-none-elf/15.2.0\libgcc.a(floatsisf.o)
 .debug_aranges
                0x00000140       0x20 C:/Users/ROG/Documents/xpack-riscv-none-elf-gcc-15.2.0-1/bin/../lib/gcc/riscv-none-elf/15.2.0\libgcc.a(_clzsi2.o)
 .debug_aranges
                0x00000160       0x18 C:/Users/ROG/Documents/xpack-riscv-none-elf-gcc-15.2.0-1/bin/../lib/gcc/riscv-none-elf/15.2.0\libgcc.a(_clz.o)
 .debug_aranges
                0x00000178       0x20 C:/Users/ROG/Documents/xpack-riscv-none-elf-gcc-15.2.0-1/bin/../lib/gcc/riscv-none-elf/15.2.0\libgcc.a(_divdi3.o)
 .debug_aranges
                0x00000198       0x20 C:/Users/ROG/Documents/xpack-riscv-none-elf-gcc-15.2.0-1/bin/../lib/gcc/riscv-none-elf/15.2.0\libgcc.a(fixunssfsi.o)
 .debug_aranges
                0x000001b8       0x20 C:/Users/ROG/Documents/xpack-riscv-none-elf-gcc-15.2.0-1/bin/../lib/gcc/riscv-none-elf/15.2.0\libgcc.a(floatunsisf.o)
 .debug_aranges
                0x000001d8       0x20 C:/Users/ROG/Documents/xpack-riscv-none-elf-gcc-15.2.0-1/bin/../lib/gcc/riscv-none-elf/15.2.0\libgcc.a(adddf3.o)
 .debug_aranges
                0x000001f8       0x20 C:/Users/ROG/Documents/xpack-riscv-none-elf-gcc-15.2.0-1/bin/../lib/gcc/riscv-none-elf/15.2.0\libgcc.a(divdf3.o)
 .debug_aranges
                0x00000218       0x20 C:/Users/ROG/Documents/xpack-riscv-none-elf-gcc-15.2.0-1/bin/../lib/gcc/riscv-none-elf/15.2.0\libgcc.a(eqdf2.o)
 .debug_aranges
                0x00000238       0x20 C:/Users/ROG/Documents/xpack-riscv-none-elf-gcc-15.2.0-1/bin/../lib/gcc/riscv-none-elf/15.2.0\libgcc.a(gedf2.o)
 .debug_aranges
                0x00000258       0x20 C:/Users/ROG/Documents/xpack-riscv-none-elf-gcc-15.2.0-1/bin/../lib/gcc/riscv-none-elf/15.2.0\libgcc.a(ledf2.o)
 .debug_aranges
                0x00000278       0x20 C:/Users/ROG/Documents/xpack-riscv-none-elf-gcc-15.2.0-1/bin/../lib/gcc/riscv-none-elf/15.2.0\libgcc.a(muldf3.o)
 .debug_aranges
                0x00000298       0x20 C:/Users/ROG/Documents/xpack-riscv-none-elf-gcc-15.2.0-1/bin/../lib/gcc/riscv-none-elf/15.2.0\libgcc.a(subdf3.o)
 .debug_aranges
                0x000002b8       0x20 C:/Users/ROG/Documents/xpack-riscv-none-elf-gcc-15.2.0-1/bin/../lib/gcc/riscv-none-elf/15.2.0\libgcc.a(unorddf2.o)
 .debug_aranges
                0x000002d8       0x20 C:/Users/ROG/Documents/xpack-riscv-none-elf-gcc-15.2.0-1/bin/../lib/gcc/riscv-none-elf/15.2.0\libgcc.a(fixdfsi.o)
 .debug_aranges
                0x000002f8       0x20 C:/Users/ROG/Documents/xpack-riscv-none-elf-gcc-15.2.0-1/bin/../lib/gcc/riscv-none-elf/15.2.0\libgcc.a(floatsidf.o)
 .debug_aranges
                0x00000318       0x20 C:/Users/ROG/Documents/xpack-riscv-none-elf-gcc-15.2.0-1/bin/../lib/gcc/riscv-none-elf/15.2.0\libgcc.a(floatunsidf.o)
 .debug_aranges
                0x00000338       0x20 C:/Users/ROG/Documents/xpack-riscv-none-elf-gcc-15.2.0-1/bin/../lib/gcc/riscv-none-elf/15.2.0\libgcc.a(trunctfdf2.o)

.debug_rnglists
                0x00000000     0x1781
 .debug_rnglists
                0x00000000      0x26f C:/Users/ROG/Documents/xpack-riscv-none-elf-gcc-15.2.0-1/bin/../lib/gcc/riscv-none-elf/15.2.0\libgcc.a(addsf3.o)
 .debug_rnglists
                0x0000026f       0xcb C:/Users/ROG/Documents/xpack-riscv-none-elf-gcc-15.2.0-1/bin/../lib/gcc/riscv-none-elf/15.2.0\libgcc.a(divsf3.o)
 .debug_rnglists
                0x0000033a       0x2b C:/Users/ROG/Documents/xpack-riscv-none-elf-gcc-15.2.0-1/bin/../lib/gcc/riscv-none-elf/15.2.0\libgcc.a(eqsf2.o)
 .debug_rnglists
                0x00000365       0x38 C:/Users/ROG/Documents/xpack-riscv-none-elf-gcc-15.2.0-1/bin/../lib/gcc/riscv-none-elf/15.2.0\libgcc.a(gesf2.o)
 .debug_rnglists
                0x0000039d       0x38 C:/Users/ROG/Documents/xpack-riscv-none-elf-gcc-15.2.0-1/bin/../lib/gcc/riscv-none-elf/15.2.0\libgcc.a(lesf2.o)
 .debug_rnglists
                0x000003d5       0xc8 C:/Users/ROG/Documents/xpack-riscv-none-elf-gcc-15.2.0-1/bin/../lib/gcc/riscv-none-elf/15.2.0\libgcc.a(mulsf3.o)
 .debug_rnglists
                0x0000049d      0x25d C:/Users/ROG/Documents/xpack-riscv-none-elf-gcc-15.2.0-1/bin/../lib/gcc/riscv-none-elf/15.2.0\libgcc.a(subsf3.o)
 .debug_rnglists
                0x000006fa       0x22 C:/Users/ROG/Documents/xpack-riscv-none-elf-gcc-15.2.0-1/bin/../lib/gcc/riscv-none-elf/15.2.0\libgcc.a(unordsf2.o)
 .debug_rnglists
                0x0000071c       0x2b C:/Users/ROG/Documents/xpack-riscv-none-elf-gcc-15.2.0-1/bin/../lib/gcc/riscv-none-elf/15.2.0\libgcc.a(fixsfsi.o)
 .debug_rnglists
                0x00000747       0x82 C:/Users/ROG/Documents/xpack-riscv-none-elf-gcc-15.2.0-1/bin/../lib/gcc/riscv-none-elf/15.2.0\libgcc.a(floatsisf.o)
 .debug_rnglists
                0x000007c9       0x28 C:/Users/ROG/Documents/xpack-riscv-none-elf-gcc-15.2.0-1/bin/../lib/gcc/riscv-none-elf/15.2.0\libgcc.a(_clzsi2.o)
 .debug_rnglists
                0x000007f1      0x10c C:/Users/ROG/Documents/xpack-riscv-none-elf-gcc-15.2.0-1/bin/../lib/gcc/riscv-none-elf/15.2.0\libgcc.a(_divdi3.o)
 .debug_rnglists
                0x000008fd       0x1f C:/Users/ROG/Documents/xpack-riscv-none-elf-gcc-15.2.0-1/bin/../lib/gcc/riscv-none-elf/15.2.0\libgcc.a(fixunssfsi.o)
 .debug_rnglists
                0x0000091c       0x74 C:/Users/ROG/Documents/xpack-riscv-none-elf-gcc-15.2.0-1/bin/../lib/gcc/riscv-none-elf/15.2.0\libgcc.a(floatunsisf.o)
 .debug_rnglists
                0x00000990      0x3a7 C:/Users/ROG/Documents/xpack-riscv-none-elf-gcc-15.2.0-1/bin/../lib/gcc/riscv-none-elf/15.2.0\libgcc.a(adddf3.o)
 .debug_rnglists
                0x00000d37      0x1a9 C:/Users/ROG/Documents/xpack-riscv-none-elf-gcc-15.2.0-1/bin/../lib/gcc/riscv-none-elf/15.2.0\libgcc.a(divdf3.o)