Archive member included to satisfy reference by file (symbol)

C:/Users/ROG/Documents/xpack-riscv-none-elf-gcc-15.2.0-1/bin/../lib/gcc/riscv-none-elf/15.2.0/../../../../riscv-none-elf/lib\libc_nano.a(libc_a-nano-vfprintf_float.o)
                              (_printf_float)
C:/Users/ROG/Documents/xpack-riscv-none-elf-gcc-15.2.0-1/bin/../lib/gcc/riscv-none-elf/15.2.0/../../../../riscv-none-elf/lib\libc_nano.a(libc_a-nano-vfprintf_i.o)
                              C:/Users/ROG/Documents/xpack-riscv-none-elf-gcc-15.2.0-1/bin/../lib/gcc/riscv-none-elf/15.2.0/../../../../riscv-none-elf/lib\libc_nano.a(libc_a-nano-vfprintf_float.o) (_printf_common)
C:/Users/ROG/Documents/xpack-riscv-none-elf-gcc-15.2.0-1/bin/../lib/gcc/riscv-none-elf/15.2.0/../../../../riscv-none-elf/lib\libc_nano.a(libc_a-memchr.o)
                              C:/Users/ROG/Documents/xpack-riscv-none-elf-gcc-15.2.0-1/bin/../lib/gcc/riscv-none-elf/15.2.0/../../../../riscv-none-elf/lib\libc_nano.a(libc_a-nano-vfprintf_i.o) (memchr)
C:/Users/ROG/Documents/xpack-riscv-none-elf-gcc-15.2.0-1/bin/../lib/gcc/riscv-none-elf/15.2.0/../../../../riscv-none-elf/lib\libc_nano.a(libc_a-localeconv.o)
                              C:/Users/ROG/Documents/xpack-riscv-none-elf-gcc-15.2.0-1/bin/../lib/gcc/riscv-none-elf/15.2.0/../../../../riscv-none-elf/lib\libc_nano.a(libc_a-nano-vfprintf_float.o) (_localeconv_r)
C:/Users/ROG/Documents/xpack-riscv-none-elf-gcc-15.2.0-1/bin/../lib/gcc/riscv-none-elf/15.2.0/../../../../riscv-none-elf/lib\libc_nano.a(libc_a-strlen.o)
                              C:/Users/ROG/Documents/xpack-riscv-none-elf-gcc-15.2.0-1/bin/../lib/gcc/riscv-none-elf/15.2.0/../../../../riscv-none-elf/lib\libc_nano.a(libc_a-nano-vfprintf_float.o) (strlen)
C:/Users/ROG/Documents/xpack-riscv-none-elf-gcc-15.2.0-1/bin/../lib/gcc/riscv-none-elf/15.2.0/../../../../riscv-none-elf/lib\libc_nano.a(libc_a-dtoa.o)
                              C:/Users/ROG/Documents/xpack-riscv-none-elf-gcc-15.2.0-1/bin/../lib/gcc/riscv-none-elf/15.2.0/../../../../riscv-none-elf/lib\libc_nano.a(libc_a-nano-vfprintf_float.o) (_dtoa_r)
C:/Users/ROG/Documents/xpack-riscv-none-elf-gcc-15.2.0-1/bin/../lib/gcc/riscv-none-elf/15.2.0/../../../../riscv-none-elf/lib\libc_nano.a(libc_a-malloc.o)
                              C:/Users/ROG/Documents/xpack-riscv-none-elf-gcc-15.2.0-1/bin/../lib/gcc/riscv-none-elf/15.2.0/../../../../riscv-none-elf/lib\libc_nano.a(libc_a-dtoa.o) (malloc)
C:/Users/ROG/Documents/xpack-riscv-none-elf-gcc-15.2.0-1/bin/../lib/gcc/riscv-none-elf/15.2.0/../../../../riscv-none-elf/lib\libc_nano.a(libc_a-mallocr.o)
                              C:/Users/ROG/Documents/xpack-riscv-none-elf-gcc-15.2.0-1/bin/../lib/gcc/riscv-none-elf/15.2.0/../../../../riscv-none-elf/lib\libc_nano.a(libc_a-malloc.o) (_malloc_r)
C:/Users/ROG/Documents/xpack-riscv-none-elf-gcc-15.2.0-1/bin/../lib/gcc/riscv-none-elf/15.2.0/../../../../riscv-none-elf/lib\libc_nano.a(libc_a-mlock.o)
                              C:/Users/ROG/Documents/xpack-riscv-none-elf-gcc-15.2.0-1/bin/../lib/gcc/riscv-none-elf/15.2.0/../../../../riscv-none-elf/lib\libc_nano.a(libc_a-mallocr.o) (__malloc_lock)
C:/Users/ROG/Documents/xpack-riscv-none-elf-gcc-15.2.0-1/bin/../lib/gcc/riscv-none-elf/15.2.0/../../../../riscv-none-elf/lib\libc_nano.a(libc_a-mprec.o)
                              C:/Users/ROG/Documents/xpack-riscv-none-elf-gcc-15.2.0-1/bin/../lib/gcc/riscv-none-elf/15.2.0/../../../../riscv-none-elf/lib\libc_nano.a(libc_a-dtoa.o) (_Balloc)
C:/Users/ROG/Documents/xpack-riscv-none-elf-gcc-15.2.0-1/bin/../lib/gcc/riscv-none-elf/15.2.0/../../../../riscv-none-elf/lib\libc_nano.a(libc_a-locale.o)
                              C:/Users/ROG/Documents/xpack-riscv-none-elf-gcc-15.2.0-1/bin/../lib/gcc/riscv-none-elf/15.2.0/../../../../riscv-none-elf/lib\libc_nano.a(libc_a-localeconv.o) (__global_locale)
C:/Users/ROG/Documents/xpack-riscv-none-elf-gcc-15.2.0-1/bin/../lib/gcc/riscv-none-elf/15.2.0/../../../../riscv-none-elf/lib\libc_nano.a(libc_a-impure.o)
                              C:/Users/ROG/Documents/xpack-riscv-none-elf-gcc-15.2.0-1/bin/../lib/gcc/riscv-none-elf/15.2.0/../../../../riscv-none-elf/lib\libc_nano.a(libc_a-malloc.o) (_impure_ptr)
C:/Users/ROG/Documents/xpack-riscv-none-elf-gcc-15.2.0-1/bin/../lib/gcc/riscv-none-elf/15.2.0/../../../../riscv-none-elf/lib\libc_nano.a(libc_a-sbrkr.o)
                              C:/Users/ROG/Documents/xpack-riscv-none-elf-gcc-15.2.0-1/bin/../lib/gcc/riscv-none-elf/15.2.0/../../../../riscv-none-elf/lib\libc_nano.a(libc_a-mallocr.o) (_sbrk_r)
C:/Users/ROG/Documents/xpack-riscv-none-elf-gcc-15.2.0-1/bin/../lib/gcc/riscv-none-elf/15.2.0/../../../../riscv-none-elf/lib\libc_nano.a(libc_a-lock.o)
                              C:/Users/ROG/Documents/xpack-riscv-none-elf-gcc-15.2.0-1/bin/../lib/gcc/riscv-none-elf/15.2.0/../../../../riscv-none-elf/lib\libc_nano.a(libc_a-mlock.o) (__retarget_lock_acquire_recursive)
[...]
Memory Configuration

Name             Origin             Length             Attributes
BOOT             0x00000000         0x00001000         xr
FLASH            0x00001000         0x0006f000         xr
RAM              0x20000000         0x00006800         xrw
*default*        0x00000000         0xffffffff

Linker script and memory map

LOAD C:/Users/ROG/Documents/xpack-riscv-none-elf-gcc-15.2.0-1/bin/../lib/gcc/riscv-none-elf/15.2.0/../../../../riscv-none-elf/lib\libm_nano.a
LOAD build/receiver/src/main_receiver.o
LOAD C:\Users\ROG\AppData\Local\Temp\cczujgFN.ltrans0.ltrans.o
LOAD build/receiver/src/rf/rf_receiver.o
LOAD build/receiver/src/rf/rf_protocol_enhanced.o
LOAD build/receiver/src/usb/usb_hid_slime.o
LOAD build/receiver/src/usb/usb_bootloader.o
LOAD build/receiver/src/usb/usb_msc.o
LOAD build/receiver/src/usb/slime_packet.o
LOAD build/receiver/src/usb/usb_debug.o
LOAD build/receiver/src/hal/hal_i2c.o
LOAD build/receiver/src/hal/hal_spi.o
LOAD build/receiver/src/hal/hal_gpio.o
LOAD build/receiver/src/hal/hal_timer.o
LOAD build/receiver/src/hal/hal_storage.o
LOAD build/receiver/src/hal/hal_watchdog.o
LOAD build/receiver/src/hal/hal_power.o
LOAD build/receiver/src/hal/hal_dma.o
LOAD build/receiver/src/hal/hal_charging.o
LOAD build/receiver/src/hal/event_logger.o
LOAD build/receiver/src/hal/diagnostics.o
LOAD build/receiver/src/hal/retained_state.o
LOAD build/receiver/src/hal/power_optimizer.o
LOAD build/receiver/src/rf/rf_hw.o
LOAD build/receiver/src/rf/rf_common.o
LOAD build/receiver/src/rf/rf_ultra.o
LOAD build/receiver/src/rf/channel_manager.o
LOAD build/receiver/src/rf/rf_recovery.o
LOAD build/receiver/src/rf/rf_slot_optimizer.o
LOAD build/receiver/src/rf/rf_timing_opt.o
LOAD build/receiver/sdk/StdPeriphDriver/CH59x_gpio.o
LOAD build/receiver/sdk/StdPeriphDriver/CH59x_clk.o
LOAD build/receiver/sdk/StdPeriphDriver/CH59x_timer.o
LOAD build/receiver/sdk/StdPeriphDriver/CH59x_spi.o
LOAD build/receiver/sdk/StdPeriphDriver/CH59x_i2c.o
LOAD build/receiver/sdk/StdPeriphDriver/CH59x_flash.o
LOAD build/receiver/sdk/StdPeriphDriver/CH59x_usbdev.o
LOAD build/receiver/sdk/StdPeriphDriver/CH59x_pwr.o
LOAD build/receiver/sdk/StdPeriphDriver/CH59x_adc.o
LOAD build/receiver/sdk/RVMSIS/core_riscv.o
LOAD build/receiver/sdk/Startup/startup_CH592.o
LOAD C:/Users/ROG/Documents/xpack-riscv-none-elf-gcc-15.2.0-1/bin/../lib/gcc/riscv-none-elf/15.2.0/../../../../riscv-none-elf/lib\libm_nano.a
LOAD C:/Users/ROG/Documents/xpack-riscv-none-elf-gcc-15.2.0-1/bin/../lib/gcc/riscv-none-elf/15.2.0\libgcc.a
LOAD C:/Users/ROG/Documents/xpack-riscv-none-elf-gcc-15.2.0-1/bin/../lib/gcc/riscv-none-elf/15.2.0/../../../../riscv-none-elf/lib\libc_nano.a
LOAD C:/Users/ROG/Documents/xpack-riscv-none-elf-gcc-15.2.0-1/bin/../lib/gcc/riscv-none-elf/15.2.0\libgcc.a
START GROUP
LOAD C:/Users/ROG/Documents/xpack-riscv-none-elf-gcc-15.2.0-1/bin/../lib/gcc/riscv-none-elf/15.2.0\libgcc.a
LOAD C:/Users/ROG/Documents/xpack-riscv-none-elf-gcc-15.2.0-1/bin/../lib/gcc/riscv-none-elf/15.2.0/../../../../riscv-none-elf/lib\libc_nano.a
LOAD C:/Users/ROG/Documents/xpack-riscv-none-elf-gcc-15.2.0-1/bin/../lib/gcc/riscv-none-elf/15.2.0/../../../../riscv-none-elf/lib\libnosys.a
END GROUP
START GROUP
LOAD C:/Users/ROG/Documents/xpack-riscv-none-elf-gcc-15.2.0-1/bin/../lib/gcc/riscv-none-elf/15.2.0\libgcc.a
LOAD C:/Users/ROG/Documents/xpack-riscv-none-elf-gcc-15.2.0-1/bin/../lib/gcc/riscv-none-elf/15.2.0/../../../../riscv-none-elf/lib\libc_nano.a
LOAD C:/Users/ROG/Documents/xpack-riscv-none-elf-gcc-15.2.0-1/bin/../lib/gcc/riscv-none-elf/15.2.0/../../../../riscv-none-elf/lib\libnosys.a
END GROUP
                0x20006800                        _estack = (ORIGIN (RAM) + LENGTH (RAM))
                0x00000200                        _Min_Heap_Size = 0x200
                0x00000400                        _Min_Stack_Size = 0x400

.vectors        0x00001000       0x90
                0x00001000                        . = ALIGN (0x4)
 *(.vectors)
 .vectors       0x00001000       0x90 build/receiver/sdk/Startup/startup_CH592.o
                0x00001000                _vectors
                0x00001090                        . = ALIGN (0x4)

.init           0x00001090       0x74
                0x00001090                        . = ALIGN (0x4)
 *(.init)
 .init          0x00001090       0x72 build/receiver/sdk/Startup/startup_CH592.o
                0x00001090                _start
                0x00001104                        . = ALIGN (0x4)
 *fill*         0x00001102        0x2 

.highcode       0x20000000      0x324 load address 0x00001104
                0x20000000                        . = ALIGN (0x4)
                0x20000000                        _highcode_start = .
 *(.highcode)
 .highcode      0x20000000      0x324 C:\Users\ROG\AppData\Local\Temp\cczujgFN.ltrans0.ltrans.o
                0x20000000                GPIOA_IRQHandler
                0x2000001c                GPIOB_IRQHandler
                0x2000003c                TMR0_IRQHandler
                0x20000160                TMR1_IRQHandler
                0x20000190                TMR2_IRQHandler
                0x200001f6                BLE_IRQHandler
 *(.highcode.*)
 *(.text.GPIOA_IRQHandler)
 *(.text.TMR2_IRQHandler)
                0x20000324                        . = ALIGN (0x4)
                0x20000324                        _highcode_end = .
                0x00001104                        _highcode_lma = LOADADDR (.highcode)
                0x20000000                        _highcode_vma_start = ADDR (.highcode)
                0x20000324                        _highcode_vma_end = (_highcode_vma_start + SIZEOF (.highcode))

.text           0x00001428     0x8438
                0x00001428                        . = ALIGN (0x4)
 *(.text)
 .text          0x00001428     0x1b90 C:\Users\ROG\AppData\Local\Temp\cczujgFN.ltrans0.ltrans.o
                0x0000279c                SPI0_IRQHandler
                0x0000279e                USB_IRQHandler
                0x00002f18                HardFault_Handler
                0x00002f94                SW_Handler
 .text          0x00002fb8       0x16 C:/Users/ROG/Documents/xpack-riscv-none-elf-gcc-15.2.0-1/bin/../lib/gcc/riscv-none-elf/15.2.0/../../../../riscv-none-elf/lib\libc_nano.a(libc_a-memcpy-asm.o)
                0x00002fb8                memcpy
 .text          0x00002fce       0x10 C:/Users/ROG/Documents/xpack-riscv-none-elf-gcc-15.2.0-1/bin/../lib/gcc/riscv-none-elf/15.2.0/../../../../riscv-none-elf/lib\libc_nano.a(libc_a-memset.o)
                0x00002fce                memset
 *(.text.*)
 .text.startup  0x00002fde      0xbb6 C:\Users\ROG\AppData\Local\Temp\cczujgFN.ltrans0.ltrans.o
                0x00002fde                main
 .text.Default_Handler
                0x00003b94        0x2 build/receiver/sdk/Startup/startup_CH592.o
                0x00003b94                SysTick_Handler
                0x00003b94                NMI_Handler
                0x00003b94                UART1_IRQHandler
                0x00003b94                UART0_IRQHandler
                0x00003b94                SPI1_IRQHandler
                0x00003b94                RTC_IRQHandler
                0x00003b94                LCD_IRQHandler
                0x00003b94                UART2_IRQHandler
                0x00003b94                Default_Handler
                0x00003b94                ADC_IRQHandler
                0x00003b94                I2C_IRQHandler
                0x00003b94                TMR3_IRQHandler
                0x00003b94                PWM_IRQHandler
                0x00003b94                WDOG_IRQHandler
                0x00003b94                UART3_IRQHandler
 .text.SystemInit
                0x00003b96        0x2 build/receiver/sdk/Startup/startup_CH592.o
                0x00003b96                SystemInit
 .text.__libc_init_array
                0x00003b98        0x2 build/receiver/sdk/Startup/startup_CH592.o
                0x00003b98                __libc_init_array
 .text.__cvt    0x00003b9a       0xfe C:/Users/ROG/Documents/xpack-riscv-none-elf-gcc-15.2.0-1/bin/../lib/gcc/riscv-none-elf/15.2.0/../../../../riscv-none-elf/lib\libc_nano.a(libc_a-nano-vfprintf_float.o)
                0x00003b9a                __cvt
 .text.__exponent
                0x00003c98       0x9c C:/Users/ROG/Documents/xpack-riscv-none-elf-gcc-15.2.0-1/bin/../lib/gcc/riscv-none-elf/15.2.0/../../../../riscv-none-elf/lib\libc_nano.a(libc_a-nano-vfprintf_float.o)
                0x00003c98                __exponent
 .text._printf_float
                0x00003d34      0x4b6 C:/Users/ROG/Documents/xpack-riscv-none-elf-gcc-15.2.0-1/bin/../lib/gcc/riscv-none-elf/15.2.0/../../../../riscv-none-elf/lib\libc_nano.a(libc_a-nano-vfprintf_float.o)
                0x00003d34                _printf_float
 .text._printf_common
                0x000041ea      0x112 C:/Users/ROG/Documents/xpack-riscv-none-elf-gcc-15.2.0-1/bin/../lib/gcc/riscv-none-elf/15.2.0/../../../../riscv-none-elf/lib\libc_nano.a(libc_a-nano-vfprintf_i.o)
                0x000041ea                _printf_common
 .text._printf_i
                0x000042fc      0x266 C:/Users/ROG/Documents/xpack-riscv-none-elf-gcc-15.2.0-1/bin/../lib/gcc/riscv-none-elf/15.2.0/../../../../riscv-none-elf/lib\libc_nano.a(libc_a-nano-vfprintf_i.o)
                0x000042fc                _printf_i
 .text.memchr   0x00004562       0x1a C:/Users/ROG/Documents/xpack-riscv-none-elf-gcc-15.2.0-1/bin/../lib/gcc/riscv-none-elf/15.2.0/../../../../riscv-none-elf/lib\libc_nano.a(libc_a-memchr.o)
                0x00004562                memchr
 .text._localeconv_r
                0x0000457c        0xa C:/Users/ROG/Documents/xpack-riscv-none-elf-gcc-15.2.0-1/bin/../lib/gcc/riscv-none-elf/15.2.0/../../../../riscv-none-elf/lib\libc_nano.a(libc_a-localeconv.o)
                0x0000457c                _localeconv_r
 .text.strlen   0x00004586       0x12 C:/Users/ROG/Documents/xpack-riscv-none-elf-gcc-15.2.0-1/bin/../lib/gcc/riscv-none-elf/15.2.0/../../../../riscv-none-elf/lib\libc_nano.a(libc_a-strlen.o)
                0x00004586                strlen
 .text.quorem   0x00004598      0x136 C:/Users/ROG/Documents/xpack-riscv-none-elf-gcc-15.2.0-1/bin/../lib/gcc/riscv-none-elf/15.2.0/../../../../riscv-none-elf/lib\libc_nano.a(libc_a-dtoa.o)
 .text._dtoa_r  0x000046ce      0xbf2 C:/Users/ROG/Documents/xpack-riscv-none-elf-gcc-15.2.0-1/bin/../lib/gcc/riscv-none-elf/15.2.0/../../../../riscv-none-elf/lib\libc_nano.a(libc_a-dtoa.o)
                0x000046ce                _dtoa_r
 .text.malloc   0x000052c0        0xc C:/Users/ROG/Documents/xpack-riscv-none-elf-gcc-15.2.0-1/bin/../lib/gcc/riscv-none-elf/15.2.0/../../../../riscv-none-elf/lib\libc_nano.a(libc_a-malloc.o)
                0x000052c0                malloc
 .text.sbrk_aligned
                0x000052cc       0x5a C:/Users/ROG/Documents/xpack-riscv-none-elf-gcc-15.2.0-1/bin/../lib/gcc/riscv-none-elf/15.2.0/../../../../riscv-none-elf/lib\libc_nano.a(libc_a-mallocr.o)
 .text._malloc_r
                0x00005326      0x120 C:/Users/ROG/Documents/xpack-riscv-none-elf-gcc-15.2.0-1/bin/../lib/gcc/riscv-none-elf/15.2.0/../../../../riscv-none-elf/lib\libc_nano.a(libc_a-mallocr.o)
                0x00005326                _malloc_r
 .text.__malloc_lock
                0x00005446        0xc C:/Users/ROG/Documents/xpack-riscv-none-elf-gcc-15.2.0-1/bin/../lib/gcc/riscv-none-elf/15.2.0/../../../../riscv-none-elf/lib\libc_nano.a(libc_a-mlock.o)
                0x00005446                __malloc_lock
 .text.__malloc_unlock
                0x00005452        0xc C:/Users/ROG/Documents/xpack-riscv-none-elf-gcc-15.2.0-1/bin/../lib/gcc/riscv-none-elf/15.2.0/../../../../riscv-none-elf/lib\libc_nano.a(libc_a-mlock.o)
                0x00005452                __malloc_unlock
 .text._Balloc  0x0000545e       0xa0 C:/Users/ROG/Documents/xpack-riscv-none-elf-gcc-15.2.0-1/bin/../lib/gcc/riscv-none-elf/15.2.0/../../../../riscv-none-elf/lib\libc_nano.a(libc_a-mprec.o)
                0x0000545e                _Balloc
 .text._Bfree   0x000054fe       0x5c C:/Users/ROG/Documents/xpack-riscv-none-elf-gcc-15.2.0-1/bin/../lib/gcc/riscv-none-elf/15.2.0/../../../../riscv-none-elf/lib\libc_nano.a(libc_a-mprec.o)
                0x000054fe                _Bfree
 .text.__multadd
                0x0000555a       0xb2 C:/Users/ROG/Documents/xpack-riscv-none-elf-gcc-15.2.0-1/bin/../lib/gcc/riscv-none-elf/15.2.0/../../../../riscv-none-elf/lib\libc_nano.a(libc_a-mprec.o)
                0x0000555a                __multadd
 .text.__hi0bits
                0x0000560c       0x48 C:/Users/ROG/Documents/xpack-riscv-none-elf-gcc-15.2.0-1/bin/../lib/gcc/riscv-none-elf/15.2.0/../../../../riscv-none-elf/lib\libc_nano.a(libc_a-mprec.o)
                0x0000560c                __hi0bits
 .text.__lo0bits
                0x00005654       0x68 C:/Users/ROG/Documents/xpack-riscv-none-elf-gcc-15.2.0-1/bin/../lib/gcc/riscv-none-elf/15.2.0/../../../../riscv-none-elf/lib\libc_nano.a(libc_a-mprec.o)
                0x00005654                __lo0bits
 .text.__i2b    0x000056bc       0x36 C:/Users/ROG/Documents/xpack-riscv-none-elf-gcc-15.2.0-1/bin/../lib/gcc/riscv-none-elf/15.2.0/../../../../riscv-none-elf/lib\libc_nano.a(libc_a-mprec.o)
                0x000056bc                __i2b
 .text.__multiply
                0x000056f2      0x186 C:/Users/ROG/Documents/xpack-riscv-none-elf-gcc-15.2.0-1/bin/../lib/gcc/riscv-none-elf/15.2.0/../../../../riscv-none-elf/lib\libc_nano.a(libc_a-mprec.o)
                0x000056f2                __multiply
 .text.__pow5mult
                0x00005878       0xe0 C:/Users/ROG/Documents/xpack-riscv-none-elf-gcc-15.2.0-1/bin/../lib/gcc/riscv-none-elf/15.2.0/../../../../riscv-none-elf/lib\libc_nano.a(libc_a-mprec.o)
                0x00005878                __pow5mult
 .text.__lshift
                0x00005958       0xf8 C:/Users/ROG/Documents/xpack-riscv-none-elf-gcc-15.2.0-1/bin/../lib/gcc/riscv-none-elf/15.2.0/../../../../riscv-none-elf/lib\libc_nano.a(libc_a-mprec.o)
                0x00005958                __lshift
 .text.__mcmp   0x00005a50       0x36 C:/Users/ROG/Documents/xpack-riscv-none-elf-gcc-15.2.0-1/bin/../lib/gcc/riscv-none-elf/15.2.0/../../../../riscv-none-elf/lib\libc_nano.a(libc_a-mprec.o)
                0x00005a50                __mcmp
 .text.__mdiff  0x00005a86      0x160 C:/Users/ROG/Documents/xpack-riscv-none-elf-gcc-15.2.0-1/bin/../lib/gcc/riscv-none-elf/15.2.0/../../../../riscv-none-elf/lib\libc_nano.a(libc_a-mprec.o)
                0x00005a86                __mdiff
 .text.__d2b    0x00005be6       0xe0 C:/Users/ROG/Documents/xpack-riscv-none-elf-gcc-15.2.0-1/bin/../lib/gcc/riscv-none-elf/15.2.0/../../../../riscv-none-elf/lib\libc_nano.a(libc_a-mprec.o)
                0x00005be6                __d2b
 .text._sbrk_r  0x00005cc6       0x30 C:/Users/ROG/Documents/xpack-riscv-none-elf-gcc-15.2.0-1/bin/../lib/gcc/riscv-none-elf/15.2.0/../../../../riscv-none-elf/lib\libc_nano.a(libc_a-sbrkr.o)
                0x00005cc6                _sbrk_r
 .text.__retarget_lock_init_recursive
                0x00005cf6        0x2 C:/Users/ROG/Documents/xpack-riscv-none-elf-gcc-15.2.0-1/bin/../lib/gcc/riscv-none-elf/15.2.0/../../../../riscv-none-elf/lib\libc_nano.a(libc_a-lock.o)
                0x00005cf6                __retarget_lock_init_recursive
 .text.__retarget_lock_acquire_recursive
                0x00005cf8        0x2 C:/Users/ROG/Documents/xpack-riscv-none-elf-gcc-15.2.0-1/bin/../lib/gcc/riscv-none-elf/15.2.0/../../../../riscv-none-elf/lib\libc_nano.a(libc_a-lock.o)
                0x00005cf8                __retarget_lock_acquire_recursive
 .text.__retarget_lock_release_recursive
                0x00005cfa        0x2 C:/Users/ROG/Documents/xpack-riscv-none-elf-gcc-15.2.0-1/bin/../lib/gcc/riscv-none-elf/15.2.0/../../../../riscv-none-elf/lib\libc_nano.a(libc_a-lock.o)
                0x00005cfa                __retarget_lock_release_recursive
 .text.__assert_func
                0x00005cfc       0x3a C:/Users/ROG/Documents/xpack-riscv-none-elf-gcc-15.2.0-1/bin/../lib/gcc/riscv-none-elf/15.2.0/../../../../riscv-none-elf/lib\libc_nano.a(libc_a-assert.o)
                0x00005cfc                __assert_func
 .text._calloc_r
                0x00005d36       0x36 C:/Users/ROG/Documents/xpack-riscv-none-elf-gcc-15.2.0-1/bin/../lib/gcc/riscv-none-elf/15.2.0/../../../../riscv-none-elf/lib\libc_nano.a(libc_a-callocr.o)
                0x00005d36                _calloc_r
 .text._free_r  0x00005d6c       0xa6 C:/Users/ROG/Documents/xpack-riscv-none-elf-gcc-15.2.0-1/bin/../lib/gcc/riscv-none-elf/15.2.0/../../../../riscv-none-elf/lib\libc_nano.a(libc_a-freer.o)
                0x00005d6c                _free_r
 .text.__ascii_mbtowc
                0x00005e12       0x3a C:/Users/ROG/Documents/xpack-riscv-none-elf-gcc-15.2.0-1/bin/../lib/gcc/riscv-none-elf/15.2.0/../../../../riscv-none-elf/lib\libc_nano.a(libc_a-mbtowc_r.o)
                0x00005e12                __ascii_mbtowc
 .text.__ascii_wctomb
                0x00005e4c       0x20 C:/Users/ROG/Documents/xpack-riscv-none-elf-gcc-15.2.0-1/bin/../lib/gcc/riscv-none-elf/15.2.0/../../../../riscv-none-elf/lib\libc_nano.a(libc_a-wctomb_r.o)
                0x00005e4c                __ascii_wctomb
 .text.fprintf  0x00005e6c       0x28 C:/Users/ROG/Documents/xpack-riscv-none-elf-gcc-15.2.0-1/bin/../lib/gcc/riscv-none-elf/15.2.0/../../../../riscv-none-elf/lib\libc_nano.a(libc_a-fprintf.o)
                0x00005e6c                fiprintf
                0x00005e6c                fprintf
 .text.abort    0x00005e94       0x10 C:/Users/ROG/Documents/xpack-riscv-none-elf-gcc-15.2.0-1/bin/../lib/gcc/riscv-none-elf/15.2.0/../../../../riscv-none-elf/lib\libc_nano.a(libc_a-abort.o)
                0x00005e94                abort
 .text.__sfputc_r
                0x00005ea4       0x28 C:/Users/ROG/Documents/xpack-riscv-none-elf-gcc-15.2.0-1/bin/../lib/gcc/riscv-none-elf/15.2.0/../../../../riscv-none-elf/lib\libc_nano.a(libc_a-nano-vfprintf.o)
 .text.__sfputs_r
                0x00005ecc       0x42 C:/Users/ROG/Documents/xpack-riscv-none-elf-gcc-15.2.0-1/bin/../lib/gcc/riscv-none-elf/15.2.0/../../../../riscv-none-elf/lib\libc_nano.a(libc_a-nano-vfprintf.o)
                0x00005ecc                __sfputs_r
 .text._vfprintf_r
                0x00005f0e      0x2ac C:/Users/ROG/Documents/xpack-riscv-none-elf-gcc-15.2.0-1/bin/../lib/gcc/riscv-none-elf/15.2.0/../../../../riscv-none-elf/lib\libc_nano.a(libc_a-nano-vfprintf.o)
                0x00005f0e                _vfprintf_r
                0x00005f0e                _vfiprintf_r
 .text.std      0x000061ba       0xa8 C:/Users/ROG/Documents/xpack-riscv-none-elf-gcc-15.2.0-1/bin/../lib/gcc/riscv-none-elf/15.2.0/../../../../riscv-none-elf/lib\libc_nano.a(libc_a-findfp.o)
 .text.stdio_exit_handler
                0x00006262       0x1a C:/Users/ROG/Documents/xpack-riscv-none-elf-gcc-15.2.0-1/bin/../lib/gcc/riscv-none-elf/15.2.0/../../../../riscv-none-elf/lib\libc_nano.a(libc_a-findfp.o)
 .text.cleanup_stdio
                0x0000627c       0x4a C:/Users/ROG/Documents/xpack-riscv-none-elf-gcc-15.2.0-1/bin/../lib/gcc/riscv-none-elf/15.2.0/../../../../riscv-none-elf/lib\libc_nano.a(libc_a-findfp.o)
 .text.global_stdio_init.part.0
                0x000062c6       0x44 C:/Users/ROG/Documents/xpack-riscv-none-elf-gcc-15.2.0-1/bin/../lib/gcc/riscv-none-elf/15.2.0/../../../../riscv-none-elf/lib\libc_nano.a(libc_a-findfp.o)
 .text.__sfp_lock_acquire
                0x0000630a        0xc C:/Users/ROG/Documents/xpack-riscv-none-elf-gcc-15.2.0-1/bin/../lib/gcc/riscv-none-elf/15.2.0/../../../../riscv-none-elf/lib\libc_nano.a(libc_a-findfp.o)
                0x0000630a                __sfp_lock_acquire
 .text.__sfp_lock_release
                0x00006316        0xc C:/Users/ROG/Documents/xpack-riscv-none-elf-gcc-15.2.0-1/bin/../lib/gcc/riscv-none-elf/15.2.0/../../../../riscv-none-elf/lib\libc_nano.a(libc_a-findfp.o)
                0x00006316                __sfp_lock_release
 .text.__sinit  0x00006322       0x2c C:/Users/ROG/Documents/xpack-riscv-none-elf-gcc-15.2.0-1/bin/../lib/gcc/riscv-none-elf/15.2.0/../../../../riscv-none-elf/lib\libc_nano.a(libc_a-findfp.o)
                0x00006322                __sinit
 .text._fwalk_sglue
                0x0000634e       0x60 C:/Users/ROG/Documents/xpack-riscv-none-elf-gcc-15.2.0-1/bin/../lib/gcc/riscv-none-elf/15.2.0/../../../../riscv-none-elf/lib\libc_nano.a(libc_a-fwalk.o)
                0x0000634e                _fwalk_sglue
 .text.__sread  0x000063ae       0x30 C:/Users/ROG/Documents/xpack-riscv-none-elf-gcc-15.2.0-1/bin/../lib/gcc/riscv-none-elf/15.2.0/../../../../riscv-none-elf/lib\libc_nano.a(libc_a-stdio.o)
                0x000063ae                __sread
 .text.__swrite
                0x000063de       0x4e C:/Users/ROG/Documents/xpack-riscv-none-elf-gcc-15.2.0-1/bin/../lib/gcc/riscv-none-elf/15.2.0/../../../../riscv-none-elf/lib\libc_nano.a(libc_a-stdio.o)
                0x000063de                __swrite
 .text.__sseek  0x0000642c       0x3a C:/Users/ROG/Documents/xpack-riscv-none-elf-gcc-15.2.0-1/bin/../lib/gcc/riscv-none-elf/15.2.0/../../../../riscv-none-elf/lib\libc_nano.a(libc_a-stdio.o)
                0x0000642c                __sseek
 .text.__sclose
                0x00006466        0x6 C:/Users/ROG/Documents/xpack-riscv-none-elf-gcc-15.2.0-1/bin/../lib/gcc/riscv-none-elf/15.2.0/../../../../riscv-none-elf/lib\libc_nano.a(libc_a-stdio.o)
                0x00006466                __sclose
 .text.__swbuf_r
                0x0000646c       0x90 C:/Users/ROG/Documents/xpack-riscv-none-elf-gcc-15.2.0-1/bin/../lib/gcc/riscv-none-elf/15.2.0/../../../../riscv-none-elf/lib\libc_nano.a(libc_a-wbuf.o)
                0x0000646c                __swbuf_r
 .text.__swsetup_r
                0x000064fc       0xc4 C:/Users/ROG/Documents/xpack-riscv-none-elf-gcc-15.2.0-1/bin/../lib/gcc/riscv-none-elf/15.2.0/../../../../riscv-none-elf/lib\libc_nano.a(libc_a-wsetup.o)
                0x000064fc                __swsetup_r
 .text._raise_r
                0x000065c0       0x5e C:/Users/ROG/Documents/xpack-riscv-none-elf-gcc-15.2.0-1/bin/../lib/gcc/riscv-none-elf/15.2.0/../../../../riscv-none-elf/lib\libc_nano.a(libc_a-signal.o)
                0x000065c0                _raise_r
 .text.raise    0x0000661e        0xc C:/Users/ROG/Documents/xpack-riscv-none-elf-gcc-15.2.0-1/bin/../lib/gcc/riscv-none-elf/15.2.0/../../../../riscv-none-elf/lib\libc_nano.a(libc_a-signal.o)
                0x0000661e                raise
 .text._close_r
                0x0000662a       0x30 C:/Users/ROG/Documents/xpack-riscv-none-elf-gcc-15.2.0-1/bin/../lib/gcc/riscv-none-elf/15.2.0/../../../../riscv-none-elf/lib\libc_nano.a(libc_a-closer.o)
                0x0000662a                _close_r
 .text._lseek_r
                0x0000665a       0x34 C:/Users/ROG/Documents/xpack-riscv-none-elf-gcc-15.2.0-1/bin/../lib/gcc/riscv-none-elf/15.2.0/../../../../riscv-none-elf/lib\libc_nano.a(libc_a-lseekr.o)
                0x0000665a                _lseek_r
 .text._read_r  0x0000668e       0x34 C:/Users/ROG/Documents/xpack-riscv-none-elf-gcc-15.2.0-1/bin/../lib/gcc/riscv-none-elf/15.2.0/../../../../riscv-none-elf/lib\libc_nano.a(libc_a-readr.o)
                0x0000668e                _read_r
 .text._kill_r  0x000066c2       0x32 C:/Users/ROG/Documents/xpack-riscv-none-elf-gcc-15.2.0-1/bin/../lib/gcc/riscv-none-elf/15.2.0/../../../../riscv-none-elf/lib\libc_nano.a(libc_a-signalr.o)
                0x000066c2                _kill_r
 .text._getpid_r
                0x000066f4        0x4 C:/Users/ROG/Documents/xpack-riscv-none-elf-gcc-15.2.0-1/bin/../lib/gcc/riscv-none-elf/15.2.0/../../../../riscv-none-elf/lib\libc_nano.a(libc_a-signalr.o)
                0x000066f4                _getpid_r
 .text._write_r
                0x000066f8       0x34 C:/Users/ROG/Documents/xpack-riscv-none-elf-gcc-15.2.0-1/bin/../lib/gcc/riscv-none-elf/15.2.0/../../../../riscv-none-elf/lib\libc_nano.a(libc_a-writer.o)
                0x000066f8                _write_r
 .text.__sflush_r
                0x0000672c      0x126 C:/Users/ROG/Documents/xpack-riscv-none-elf-gcc-15.2.0-1/bin/../lib/gcc/riscv-none-elf/15.2.0/../../../../riscv-none-elf/lib\libc_nano.a(libc_a-fflush.o)
                0x0000672c                __sflush_r
 .text._fflush_r
                0x00006852       0x62 C:/Users/ROG/Documents/xpack-riscv-none-elf-gcc-15.2.0-1/bin/../lib/gcc/riscv-none-elf/15.2.0/../../../../riscv-none-elf/lib\libc_nano.a(libc_a-fflush.o)
                0x00006852                _fflush_r
 .text.__swhatbuf_r
                0x000068b4       0x56 C:/Users/ROG/Documents/xpack-riscv-none-elf-gcc-15.2.0-1/bin/../lib/gcc/riscv-none-elf/15.2.0/../../../../riscv-none-elf/lib\libc_nano.a(libc_a-makebuf.o)
                0x000068b4                __swhatbuf_r
 .text.__smakebuf_r
                0x0000690a       0x80 C:/Users/ROG/Documents/xpack-riscv-none-elf-gcc-15.2.0-1/bin/../lib/gcc/riscv-none-elf/15.2.0/../../../../riscv-none-elf/lib\libc_nano.a(libc_a-makebuf.o)
                0x0000690a                __smakebuf_r
 .text._fstat_r
                0x0000698a       0x32 C:/Users/ROG/Documents/xpack-riscv-none-elf-gcc-15.2.0-1/bin/../lib/gcc/riscv-none-elf/15.2.0/../../../../riscv-none-elf/lib\libc_nano.a(libc_a-fstatr.o)
                0x0000698a                _fstat_r
 .text._isatty_r
                0x000069bc       0x30 C:/Users/ROG/Documents/xpack-riscv-none-elf-gcc-15.2.0-1/bin/../lib/gcc/riscv-none-elf/15.2.0/../../../../riscv-none-elf/lib\libc_nano.a(libc_a-isattyr.o)
                0x000069bc                _isatty_r
 .text.memcmp   0x000069ec       0x26 C:/Users/ROG/Documents/xpack-riscv-none-elf-gcc-15.2.0-1/bin/../lib/gcc/riscv-none-elf/15.2.0/../../../../riscv-none-elf/lib\libc_nano.a(libc_a-memcmp.o)
                0x000069ec                memcmp
 .text.__adddf3
                0x00006a12      0x900 C:/Users/ROG/Documents/xpack-riscv-none-elf-gcc-15.2.0-1/bin/../lib/gcc/riscv-none-elf/15.2.0\libgcc.a(adddf3.o)
                0x00006a12                __adddf3
 .text.__divdf3
                0x00007312      0x692 C:/Users/ROG/Documents/xpack-riscv-none-elf-gcc-15.2.0-1/bin/../lib/gcc/riscv-none-elf/15.2.0\libgcc.a(divdf3.o)
                0x00007312                __divdf3
 .text.__eqdf2  0x000079a4       0x72 C:/Users/ROG/Documents/xpack-riscv-none-elf-gcc-15.2.0-1/bin/../lib/gcc/riscv-none-elf/15.2.0\libgcc.a(eqdf2.o)
                0x000079a4                __nedf2
                0x000079a4                __eqdf2
 .text.__gedf2  0x00007a16       0xd8 C:/Users/ROG/Documents/xpack-riscv-none-elf-gcc-15.2.0-1/bin/../lib/gcc/riscv-none-elf/15.2.0\libgcc.a(gedf2.o)
                0x00007a16                __gedf2
                0x00007a16                __gtdf2
 .text.__ledf2  0x00007aee       0xde C:/Users/ROG/Documents/xpack-riscv-none-elf-gcc-15.2.0-1/bin/../lib/gcc/riscv-none-elf/15.2.0\libgcc.a(ledf2.o)
                0x00007aee                __ledf2
                0x00007aee                __ltdf2
 .text.__muldf3
                0x00007bcc      0x5a4 C:/Users/ROG/Documents/xpack-riscv-none-elf-gcc-15.2.0-1/bin/../lib/gcc/riscv-none-elf/15.2.0\libgcc.a(muldf3.o)
                0x00007bcc                __muldf3
 .text.__subdf3
                0x00008170      0x92c C:/Users/ROG/Documents/xpack-riscv-none-elf-gcc-15.2.0-1/bin/../lib/gcc/riscv-none-elf/15.2.0\libgcc.a(subdf3.o)
                0x00008170                __subdf3
 .text.__unorddf2
                0x00008a9c       0x3c C:/Users/ROG/Documents/xpack-riscv-none-elf-gcc-15.2.0-1/bin/../lib/gcc/riscv-none-elf/15.2.0\libgcc.a(unorddf2.o)
                0x00008a9c                __unorddf2
 .text.__fixdfsi
                0x00008ad8       0x62 C:/Users/ROG/Documents/xpack-riscv-none-elf-gcc-15.2.0-1/bin/../lib/gcc/riscv-none-elf/15.2.0\libgcc.a(fixdfsi.o)
                0x00008ad8                __fixdfsi
 .text.__floatsidf
                0x00008b3a       0x88 C:/Users/ROG/Documents/xpack-riscv-none-elf-gcc-15.2.0-1/bin/../lib/gcc/riscv-none-elf/15.2.0\libgcc.a(floatsidf.o)
                0x00008b3a                __floatsidf
 .text.__floatunsidf
                0x00008bc2       0x64 C:/Users/ROG/Documents/xpack-riscv-none-elf-gcc-15.2.0-1/bin/../lib/gcc/riscv-none-elf/15.2.0\libgcc.a(floatunsidf.o)
                0x00008bc2                __floatunsidf
 .text.__trunctfdf2
                0x00008c26      0x2b2 C:/Users/ROG/Documents/xpack-riscv-none-elf-gcc-15.2.0-1/bin/../lib/gcc/riscv-none-elf/15.2.0\libgcc.a(trunctfdf2.o)
                0x00008c26                __trunctfdf2
 .text.__clzsi2
                0x00008ed8       0x6e C:/Users/ROG/Documents/xpack-riscv-none-elf-gcc-15.2.0-1/bin/../lib/gcc/riscv-none-elf/15.2.0\libgcc.a(_clzsi2.o)
                0x00008ed8                __clzsi2
 .text._close   0x00008f46       0x10 C:/Users/ROG/Documents/xpack-riscv-none-elf-gcc-15.2.0-1/bin/../lib/gcc/riscv-none-elf/15.2.0/../../../../riscv-none-elf/lib\libnosys.a(close.o)
                0x00008f46                _close
 .text._fstat   0x00008f56       0x10 C:/Users/ROG/Documents/xpack-riscv-none-elf-gcc-15.2.0-1/bin/../lib/gcc/riscv-none-elf/15.2.0/../../../../riscv-none-elf/lib\libnosys.a(fstat.o)
                0x00008f56                _fstat
 .text._getpid  0x00008f66       0x10 C:/Users/ROG/Documents/xpack-riscv-none-elf-gcc-15.2.0-1/bin/../lib/gcc/riscv-none-elf/15.2.0/../../../../riscv-none-elf/lib\libnosys.a(getpid.o)
                0x00008f66                _getpid
 .text._isatty  0x00008f76       0x10 C:/Users/ROG/Documents/xpack-riscv-none-elf-gcc-15.2.0-1/bin/../lib/gcc/riscv-none-elf/15.2.0/../../../../riscv-none-elf/lib\libnosys.a(isatty.o)
                0x00008f76                _isatty
 .text._kill    0x00008f86       0x10 C:/Users/ROG/Documents/xpack-riscv-none-elf-gcc-15.2.0-1/bin/../lib/gcc/riscv-none-elf/15.2.0/../../../../riscv-none-elf/lib\libnosys.a(kill.o)
                0x00008f86                _kill
 .text._lseek   0x00008f96       0x10 C:/Users/ROG/Documents/xpack-riscv-none-elf-gcc-15.2.0-1/bin/../lib/gcc/riscv-none-elf/15.2.0/../../../../riscv-none-elf/lib\libnosys.a(lseek.o)
                0x00008f96                _lseek
 .text._read    0x00008fa6       0x10 C:/Users/ROG/Documents/xpack-riscv-none-elf-gcc-15.2.0-1/bin/../lib/gcc/riscv-none-elf/15.2.0/../../../../riscv-none-elf/lib\libnosys.a(read.o)
                0x00008fa6                _read
 .text._sbrk    0x00008fb6       0x2e C:/Users/ROG/Documents/xpack-riscv-none-elf-gcc-15.2.0-1/bin/../lib/gcc/riscv-none-elf/15.2.0/../../../../riscv-none-elf/lib\libnosys.a(sbrk.o)
                0x00008fb6                _sbrk
 .text._write   0x00008fe4       0x10 C:/Users/ROG/Documents/xpack-riscv-none-elf-gcc-15.2.0-1/bin/../lib/gcc/riscv-none-elf/15.2.0/../../../../riscv-none-elf/lib\libnosys.a(write.o)
                0x00008fe4                _write
 .text._exit    0x00008ff4        0x2 C:/Users/ROG/Documents/xpack-riscv-none-elf-gcc-15.2.0-1/bin/../lib/gcc/riscv-none-elf/15.2.0/../../../../riscv-none-elf/lib\libnosys.a(_exit.o)
                0x00008ff4                _exit
 .text.__divsf3
                0x00008ff6      0x2ee C:/Users/ROG/Documents/xpack-riscv-none-elf-gcc-15.2.0-1/bin/../lib/gcc/riscv-none-elf/15.2.0\libgcc.a(divsf3.o)
                0x00008ff6                __divsf3
 .text.__gesf2  0x000092e4       0x88 C:/Users/ROG/Documents/xpack-riscv-none-elf-gcc-15.2.0-1/bin/../lib/gcc/riscv-none-elf/15.2.0\libgcc.a(gesf2.o)
                0x000092e4                __gesf2
                0x000092e4                __gtsf2
 .text.__lesf2  0x0000936c       0x8a C:/Users/ROG/Documents/xpack-riscv-none-elf-gcc-15.2.0-1/bin/../lib/gcc/riscv-none-elf/15.2.0\libgcc.a(lesf2.o)
                0x0000936c                __ltsf2
                0x0000936c                __lesf2
 .text.__mulsf3
                0x000093f6      0x32e C:/Users/ROG/Documents/xpack-riscv-none-elf-gcc-15.2.0-1/bin/../lib/gcc/riscv-none-elf/15.2.0\libgcc.a(mulsf3.o)
                0x000093f6                __mulsf3
 .text.__fixsfsi
                0x00009724       0x60 C:/Users/ROG/Documents/xpack-riscv-none-elf-gcc-15.2.0-1/bin/../lib/gcc/riscv-none-elf/15.2.0\libgcc.a(fixsfsi.o)
                0x00009724                __fixsfsi
 .text.__floatsisf
                0x00009784       0xdc C:/Users/ROG/Documents/xpack-riscv-none-elf-gcc-15.2.0-1/bin/../lib/gcc/riscv-none-elf/15.2.0\libgcc.a(floatsisf.o)
                0x00009784                __floatsisf
 *(.gnu.linkonce.t.*)
                0x00009860                        . = ALIGN (0x4)
                0x00009860                        _etext = .

.rodata         0x00009860      0xb80
                0x00009860                        . = ALIGN (0x4)
 *(.rodata)
 .rodata        0x00009860      0x4d0 C:\Users\ROG\AppData\Local\Temp\cczujgFN.ltrans0.ltrans.o
 *(.rodata.*)
 .rodata.str1.4
                0x00009d30        0x0 C:\Users\ROG\AppData\Local\Temp\cczujgFN.ltrans0.ltrans.o
                                 0x47 (size before relaxing)
 .rodata._printf_float.str1.4
                0x00009d30      0x29b C:/Users/ROG/Documents/xpack-riscv-none-elf-gcc-15.2.0-1/bin/../lib/gcc/riscv-none-elf/15.2.0/../../../../riscv-none-elf/lib\libc_nano.a(libc_a-nano-vfprintf_float.o)
                                 0x12 (size before relaxing)
 .rodata._printf_i.str1.4
                0x00009fcb        0x0 C:/Users/ROG/Documents/xpack-riscv-none-elf-gcc-15.2.0-1/bin/../lib/gcc/riscv-none-elf/15.2.0/../../../../riscv-none-elf/lib\libc_nano.a(libc_a-nano-vfprintf_i.o)
                                 0x25 (size before relaxing)
 *fill*         0x00009fcb        0x1 
 .rodata._printf_i
                0x00009fcc       0x58 C:/Users/ROG/Documents/xpack-riscv-none-elf-gcc-15.2.0-1/bin/../lib/gcc/riscv-none-elf/15.2.0/../../../../riscv-none-elf/lib\libc_nano.a(libc_a-nano-vfprintf_i.o)
 .rodata._dtoa_r.str1.4
                0x0000a024        0x0 C:/Users/ROG/Documents/xpack-riscv-none-elf-gcc-15.2.0-1/bin/../lib/gcc/riscv-none-elf/15.2.0/../../../../riscv-none-elf/lib\libc_nano.a(libc_a-dtoa.o)
                                 0xf9 (size before relaxing)
 .rodata._Balloc.str1.4
                0x0000a024        0x0 C:/Users/ROG/Documents/xpack-riscv-none-elf-gcc-15.2.0-1/bin/../lib/gcc/riscv-none-elf/15.2.0/../../../../riscv-none-elf/lib\libc_nano.a(libc_a-mprec.o)
                                 0xd2 (size before relaxing)
 .rodata.__multadd.str1.4
                0x0000a024        0x0 C:/Users/ROG/Documents/xpack-riscv-none-elf-gcc-15.2.0-1/bin/../lib/gcc/riscv-none-elf/15.2.0/../../../../riscv-none-elf/lib\libc_nano.a(libc_a-mprec.o)
                                 0x11 (size before relaxing)
 .rodata.p05.0  0x0000a024        0xc C:/Users/ROG/Documents/xpack-riscv-none-elf-gcc-15.2.0-1/bin/../lib/gcc/riscv-none-elf/15.2.0/../../../../riscv-none-elf/lib\libc_nano.a(libc_a-mprec.o)
 .rodata.__mprec_bigtens
                0x0000a030       0x28 C:/Users/ROG/Documents/xpack-riscv-none-elf-gcc-15.2.0-1/bin/../lib/gcc/riscv-none-elf/15.2.0/../../../../riscv-none-elf/lib\libc_nano.a(libc_a-mprec.o)
                0x0000a030                __mprec_bigtens
 .rodata.__mprec_tens
                0x0000a058       0xc8 C:/Users/ROG/Documents/xpack-riscv-none-elf-gcc-15.2.0-1/bin/../lib/gcc/riscv-none-elf/15.2.0/../../../../riscv-none-elf/lib\libc_nano.a(libc_a-mprec.o)
                0x0000a058                __mprec_tens
 .rodata._setlocale_r.str1.4
                0x0000a120        0x0 C:/Users/ROG/Documents/xpack-riscv-none-elf-gcc-15.2.0-1/bin/../lib/gcc/riscv-none-elf/15.2.0/../../../../riscv-none-elf/lib\libc_nano.a(libc_a-locale.o)
                                  0xd (size before relaxing)
 .rodata.str1.4
                0x0000a120        0x0 C:/Users/ROG/Documents/xpack-riscv-none-elf-gcc-15.2.0-1/bin/../lib/gcc/riscv-none-elf/15.2.0/../../../../riscv-none-elf/lib\libc_nano.a(libc_a-locale.o)
                                  0x2 (size before relaxing)
 .rodata.__assert_func.str1.4
                0x0000a120        0x0 C:/Users/ROG/Documents/xpack-riscv-none-elf-gcc-15.2.0-1/bin/../lib/gcc/riscv-none-elf/15.2.0/../../../../riscv-none-elf/lib\libc_nano.a(libc_a-assert.o)
                                 0x43 (size before relaxing)
 .rodata._ctype_
                0x0000a120      0x101 C:/Users/ROG/Documents/xpack-riscv-none-elf-gcc-15.2.0-1/bin/../lib/gcc/riscv-none-elf/15.2.0/../../../../riscv-none-elf/lib\libc_nano.a(libc_a-ctype_.o)
                0x0000a120                _ctype_
 .rodata._vfprintf_r.str1.4
                0x0000a221        0x0 C:/Users/ROG/Documents/xpack-riscv-none-elf-gcc-15.2.0-1/bin/../lib/gcc/riscv-none-elf/15.2.0/../../../../riscv-none-elf/lib\libc_nano.a(libc_a-nano-vfprintf.o)
                                 0x13 (size before relaxing)
 *fill*         0x0000a221        0x3 
 .rodata.__divdf3
                0x0000a224       0x40 C:/Users/ROG/Documents/xpack-riscv-none-elf-gcc-15.2.0-1/bin/../lib/gcc/riscv-none-elf/15.2.0\libgcc.a(divdf3.o)
 .rodata.__clz_tab
                0x0000a264      0x100 C:/Users/ROG/Documents/xpack-riscv-none-elf-gcc-15.2.0-1/bin/../lib/gcc/riscv-none-elf/15.2.0\libgcc.a(_clz.o)
                0x0000a264                __clz_tab
 .rodata.__divsf3
                0x0000a364       0x7c C:/Users/ROG/Documents/xpack-riscv-none-elf-gcc-15.2.0-1/bin/../lib/gcc/riscv-none-elf/15.2.0\libgcc.a(divsf3.o)
 *(.gnu.linkonce.r.*)
                0x0000a3e0                        . = ALIGN (0x4)

.srodata.cst4   0x0000a3e0       0x18
 .srodata.cst4  0x0000a3e0       0x18 C:\Users\ROG\AppData\Local\Temp\cczujgFN.ltrans0.ltrans.o

.srodata        0x0000a3f8        0x8
 .srodata       0x0000a3f8        0x8 C:\Users\ROG\AppData\Local\Temp\cczujgFN.ltrans0.ltrans.o

.srodata.cst8   0x0000a400       0x50
 .srodata.cst8  0x0000a400       0x50 C:/Users/ROG/Documents/xpack-riscv-none-elf-gcc-15.2.0-1/bin/../lib/gcc/riscv-none-elf/15.2.0/../../../../riscv-none-elf/lib\libc_nano.a(libc_a-nano-vfprintf_float.o)
                                  0x8 (size before relaxing)
 .srodata.cst8  0x0000a450        0x0 C:/Users/ROG/Documents/xpack-riscv-none-elf-gcc-15.2.0-1/bin/../lib/gcc/riscv-none-elf/15.2.0/../../../../riscv-none-elf/lib\libc_nano.a(libc_a-dtoa.o)
                                 0x48 (size before relaxing)

.rela.dyn       0x0000a450        0x0
 .rela.init     0x0000a450        0x0 build/receiver/sdk/Startup/startup_CH592.o
 .rela.vectors  0x0000a450        0x0 build/receiver/sdk/Startup/startup_CH592.o
 .rela.text._vfprintf_r
                0x0000a450        0x0 build/receiver/sdk/Startup/startup_CH592.o
 .rela.text._sbrk
                0x0000a450        0x0 build/receiver/sdk/Startup/startup_CH592.o

.init_array     0x0000a450        0x0
                [!provide]                        PROVIDE (__init_array_start = .)
 *(SORT_BY_NAME(.init_array.*))
 *(.init_array*)
                [!provide]                        PROVIDE (__init_array_end = .)
                0x0000a450                        . = ALIGN (0x4)
                0x0000ac50                        PROVIDE (__global_pointer$ = (. + 0x800))
                0x0000a450                        _sidata = LOADADDR (.data)

.data           0x20000324      0x1d4 load address 0x0000a450
                0x20000324                        . = ALIGN (0x4)
                0x20000324                        _sdata = .
 *(.data)
 *(.data.*)
 .data.__global_locale
                0x20000324      0x16c C:/Users/ROG/Documents/xpack-riscv-none-elf-gcc-15.2.0-1/bin/../lib/gcc/riscv-none-elf/15.2.0/../../../../riscv-none-elf/lib\libc_nano.a(libc_a-locale.o)
                0x20000324                __global_locale
 .data._impure_data
                0x20000490       0x4c C:/Users/ROG/Documents/xpack-riscv-none-elf-gcc-15.2.0-1/bin/../lib/gcc/riscv-none-elf/15.2.0/../../../../riscv-none-elf/lib\libc_nano.a(libc_a-impure.o)
                0x20000490                _impure_data
 .data.__sglue  0x200004dc        0xc C:/Users/ROG/Documents/xpack-riscv-none-elf-gcc-15.2.0-1/bin/../lib/gcc/riscv-none-elf/15.2.0/../../../../riscv-none-elf/lib\libc_nano.a(libc_a-findfp.o)
                0x200004dc                __sglue
 *(.gnu.linkonce.d.*)
 *(.sdata)
 .sdata         0x200004e8        0x9 C:\Users\ROG\AppData\Local\Temp\cczujgFN.ltrans0.ltrans.o
 *(.sdata.*)
 *fill*         0x200004f1        0x3 
 .sdata._impure_ptr
                0x200004f4        0x4 C:/Users/ROG/Documents/xpack-riscv-none-elf-gcc-15.2.0-1/bin/../lib/gcc/riscv-none-elf/15.2.0/../../../../riscv-none-elf/lib\libc_nano.a(libc_a-impure.o)
                0x200004f4                _impure_ptr
                0x200004f8                        . = ALIGN (0x4)
                0x200004f8                        _edata = .

.retained       0x200004f8       0x50 load address 0x0000a624
 .retained      0x200004f8       0x50 C:\Users\ROG\AppData\Local\Temp\cczujgFN.ltrans0.ltrans.o

.bss            0x20000548     0x11a4 load address 0x0000a674
                0x20000548                        . = ALIGN (0x4)
                0x20000548                        _sbss = .
 *(.bss)
 .bss           0x20000548      0xfc8 C:\Users\ROG\AppData\Local\Temp\cczujgFN.ltrans0.ltrans.o
 *(.bss.*)
 .bss.__sf      0x20001510      0x138 C:/Users/ROG/Documents/xpack-riscv-none-elf-gcc-15.2.0-1/bin/../lib/gcc/riscv-none-elf/15.2.0/../../../../riscv-none-elf/lib\libc_nano.a(libc_a-findfp.o)
                0x20001510                __sf
 *(.gnu.linkonce.b.*)
 *(.sbss)
 .sbss          0x20001648       0x86 C:\Users\ROG\AppData\Local\Temp\cczujgFN.ltrans0.ltrans.o
 *(.sbss.*)
 *fill*         0x200016ce        0x2 
 .sbss.__malloc_sbrk_start
                0x200016d0        0x4 C:/Users/ROG/Documents/xpack-riscv-none-elf-gcc-15.2.0-1/bin/../lib/gcc/riscv-none-elf/15.2.0/../../../../riscv-none-elf/lib\libc_nano.a(libc_a-mallocr.o)
                0x200016d0                __malloc_sbrk_start
 .sbss.__malloc_free_list
                0x200016d4        0x4 C:/Users/ROG/Documents/xpack-riscv-none-elf-gcc-15.2.0-1/bin/../lib/gcc/riscv-none-elf/15.2.0/../../../../riscv-none-elf/lib\libc_nano.a(libc_a-mallocr.o)
                0x200016d4                __malloc_free_list
 .sbss.__lock___malloc_recursive_mutex
                0x200016d8        0x1 C:/Users/ROG/Documents/xpack-riscv-none-elf-gcc-15.2.0-1/bin/../lib/gcc/riscv-none-elf/15.2.0/../../../../riscv-none-elf/lib\libc_nano.a(libc_a-lock.o)
                0x200016d8                __lock___malloc_recursive_mutex
 *fill*         0x200016d9        0x3 
 .sbss.__lock___sfp_recursive_mutex
                0x200016dc        0x1 C:/Users/ROG/Documents/xpack-riscv-none-elf-gcc-15.2.0-1/bin/../lib/gcc/riscv-none-elf/15.2.0/../../../../riscv-none-elf/lib\libc_nano.a(libc_a-lock.o)
                0x200016dc                __lock___sfp_recursive_mutex
 *fill*         0x200016dd        0x3 
 .sbss.errno    0x200016e0        0x4 C:/Users/ROG/Documents/xpack-riscv-none-elf-gcc-15.2.0-1/bin/../lib/gcc/riscv-none-elf/15.2.0/../../../../riscv-none-elf/lib\libc_nano.a(libc_a-reent.o)
                0x200016e0                errno
 .sbss.__stdio_exit_handler
                0x200016e4        0x4 C:/Users/ROG/Documents/xpack-riscv-none-elf-gcc-15.2.0-1/bin/../lib/gcc/riscv-none-elf/15.2.0/../../../../riscv-none-elf/lib\libc_nano.a(libc_a-findfp.o)
                0x200016e4                __stdio_exit_handler
 .sbss.heap_end.0
                0x200016e8        0x4 C:/Users/ROG/Documents/xpack-riscv-none-elf-gcc-15.2.0-1/bin/../lib/gcc/riscv-none-elf/15.2.0/../../../../riscv-none-elf/lib\libnosys.a(sbrk.o)
 *(COMMON)
                0x200016ec                        . = ALIGN (0x4)
                0x200016ec                        _ebss = .
                0x200016ec                        PROVIDE (end = .)
                [!provide]                        PROVIDE (_end = .)
                [!provide]                        PROVIDE (__end = .)

.heap           0x200016ec      0x200 load address 0x0000a674
                0x200016ec                        . = ALIGN (0x4)
                [!provide]                        PROVIDE (_heap_start = .)
                0x200018ec                        . = (. + _Min_Heap_Size)
 *fill*         0x200016ec      0x200 
                [!provide]                        PROVIDE (_heap_end = .)

.stack          0x200018ec      0x404 load address 0x0000a674
                0x200018f0                        . = ALIGN (0x8)
 *fill*         0x200018ec        0x4 
                0x20001cf0                        . = (. + _Min_Stack_Size)
 *fill*         0x200018f0      0x400 
                0x20001cf0                        PROVIDE (_stack = .)
                0x00000001                        ASSERT ((_stack <= _estack), RAM overflow!)
                0x00001cf0                        _ram_used = (_stack - ORIGIN (RAM))
                0x00004b10                        _ram_free = (LENGTH (RAM) - _ram_used)

/DISCARD/
 *(.ARM.exidx*)
 *(.ARM.extab*)
 *(.eh_frame*)
 *(.comment)
 *(.note.*)
OUTPUT(build/receiver/slimevr_receiver.elf elf32-littleriscv)

.riscv.attributes
                0x00000000       0x67
 .riscv.attributes
                0x00000000       0x67 C:\Users\ROG\AppData\Local\Temp\cczujgFN.ltrans0.ltrans.o
 .riscv.attributes
                0x00000067       0x61 build/receiver/sdk/Startup/startup_CH592.o
 .riscv.attributes
                0x000000c8       0x4e C:/Users/ROG/Documents/xpack-riscv-none-elf-gcc-15.2.0-1/bin/../lib/gcc/riscv-none-elf/15.2.0/../../../../riscv-none-elf/lib\libc_nano.a(libc_a-nano-vfprintf_float.o)
 .riscv.attributes
                0x00000116       0x4e C:/Users/ROG/Documents/xpack-riscv-none-elf-gcc-15.2.0-1/bin/../lib/gcc/riscv-none-elf/15.2.0/../../../../riscv-none-elf/lib\libc_nano.a(libc_a-nano-vfprintf_i.o)
 .riscv.attributes
                0x00000164       0x4e C:/Users/ROG/Documents/xpack-riscv-none-elf-gcc-15.2.0-1/bin/../lib/gcc/riscv-none-elf/15.2.0/../../../../riscv-none-elf/lib\libc_nano.a(libc_a-memchr.o)
 .riscv.attributes
                0x000001b2       0x4e C:/Users/ROG/Documents/xpack-riscv-none-elf-gcc-15.2.0-1/bin/../lib/gcc/riscv-none-elf/15.2.0/../../../../riscv-none-elf/lib\libc_nano.a(libc_a-localeconv.o)
 .riscv.attributes
                0x00000200       0x4e C:/Users/ROG/Documents/xpack-riscv-none-elf-gcc-15.2.0-1/bin/../lib/gcc/riscv-none-elf/15.2.0/../../../../riscv-none-elf/lib\libc_nano.a(libc_a-strlen.o)
 .riscv.attributes
                0x0000024e       0x4e C:/Users/ROG/Documents/xpack-riscv-none-elf-gcc-15.2.0-1/bin/../lib/gcc/riscv-none-elf/15.2.0/../../../../riscv-none-elf/lib\libc_nano.a(libc_a-dtoa.o)
 .riscv.attributes
                0x0000029c       0x4e C:/Users/ROG/Documents/xpack-riscv-none-elf-gcc-15.2.0-1/bin/../lib/gcc/riscv-none-elf/15.2.0/../../../../riscv-none-elf/lib\libc_nano.a(libc_a-malloc.o)
 .riscv.attributes
                0x000002ea       0x4e C:/Users/ROG/Documents/xpack-riscv-none-elf-gcc-15.2.0-1/bin/../lib/gcc/riscv-none-elf/15.2.0/../../../../riscv-none-elf/lib\libc_nano.a(libc_a-mallocr.o)
 .riscv.attributes
                0x00000338       0x4e C:/Users/ROG/Documents/xpack-riscv-none-elf-gcc-15.2.0-1/bin/../lib/gcc/riscv-none-elf/15.2.0/../../../../riscv-none-elf/lib\libc_nano.a(libc_a-mlock.o)
 .riscv.attributes
                0x00000386       0x4e C:/Users/ROG/Documents/xpack-riscv-none-elf-gcc-15.2.0-1/bin/../lib/gcc/riscv-none-elf/15.2.0/../../../../riscv-none-elf/lib\libc_nano.a(libc_a-mprec.o)
 .riscv.attributes
                0x000003d4       0x4e C:/Users/ROG/Documents/xpack-riscv-none-elf-gcc-15.2.0-1/bin/../lib/gcc/riscv-none-elf/15.2.0/../../../../riscv-none-elf/lib\libc_nano.a(libc_a-locale.o)
 .riscv.attributes
                0x00000422       0x4e C:/Users/ROG/Documents/xpack-riscv-none-elf-gcc-15.2.0-1/bin/../lib/gcc/riscv-none-elf/15.2.0/../../../../riscv-none-elf/lib\libc_nano.a(libc_a-impure.o)
 .riscv.attributes
                0x00000470       0x4e C:/Users/ROG/Documents/xpack-riscv-none-elf-gcc-15.2.0-1/bin/../lib/gcc/riscv-none-elf/15.2.0/../../../../riscv-none-elf/lib\libc_nano.a(libc_a-sbrkr.o)
 .riscv.attributes
                0x000004be       0x4e C:/Users/ROG/Documents/xpack-riscv-none-elf-gcc-15.2.0-1/bin/../lib/gcc/riscv-none-elf/15.2.0/../../../../riscv-none-elf/lib\libc_nano.a(libc_a-lock.o)
 .riscv.attributes
                0x0000050c       0x4c C:/Users/ROG/Documents/xpack-riscv-none-elf-gcc-15.2.0-1/bin/../lib/gcc/riscv-none-elf/15.2.0/../../../../riscv-none-elf/lib\libc_nano.a(libc_a-memcpy-asm.o)
 .riscv.attributes
                0x00000558       0x4e C:/Users/ROG/Documents/xpack-riscv-none-elf-gcc-15.2.0-1/bin/../lib/gcc/riscv-none-elf/15.2.0/../../../../riscv-none-elf/lib\libc_nano.a(libc_a-assert.o)
 .riscv.attributes
                0x000005a6       0x4e C:/Users/ROG/Documents/xpack-riscv-none-elf-gcc-15.2.0-1/bin/../lib/gcc/riscv-none-elf/15.2.0/../../../../riscv-none-elf/lib\libc_nano.a(libc_a-callocr.o)
 .riscv.attributes
                0x000005f4       0x4e C:/Users/ROG/Documents/xpack-riscv-none-elf-gcc-15.2.0-1/bin/../lib/gcc/riscv-none-elf/15.2.0/../../../../riscv-none-elf/lib\libc_nano.a(libc_a-freer.o)
 .riscv.attributes
                0x00000642       0x4e C:/Users/ROG/Documents/xpack-riscv-none-elf-gcc-15.2.0-1/bin/../lib/gcc/riscv-none-elf/15.2.0/../../../../riscv-none-elf/lib\libc_nano.a(libc_a-mbtowc_r.o)
 .riscv.attributes
                0x00000690       0x4e C:/Users/ROG/Documents/xpack-riscv-none-elf-gcc-15.2.0-1/bin/../lib/gcc/riscv-none-elf/15.2.0/../../../../riscv-none-elf/lib\libc_nano.a(libc_a-wctomb_r.o)
 .riscv.attributes
                0x000006de       0x4e C:/Users/ROG/Documents/xpack-riscv-none-elf-gcc-15.2.0-1/bin/../lib/gcc/riscv-none-elf/15.2.0/../../../../riscv-none-elf/lib\libc_nano.a(libc_a-ctype_.o)
 .riscv.attributes
                0x0000072c       0x4e C:/Users/ROG/Documents/xpack-riscv-none-elf-gcc-15.2.0-1/bin/../lib/gcc/riscv-none-elf/15.2.0/../../../../riscv-none-elf/lib\libc_nano.a(libc_a-fprintf.o)
 .riscv.attributes
                0x0000077a       0x4e C:/Users/ROG/Documents/xpack-riscv-none-elf-gcc-15.2.0-1/bin/../lib/gcc/riscv-none-elf/15.2.0/../../../../riscv-none-elf/lib\libc_nano.a(libc_a-reent.o)
 .riscv.attributes
                0x000007c8       0x4c C:/Users/ROG/Documents/xpack-riscv-none-elf-gcc-15.2.0-1/bin/../lib/gcc/riscv-none-elf/15.2.0/../../../../riscv-none-elf/lib\libc_nano.a(libc_a-memset.o)
 .riscv.attributes
                0x00000814       0x4e C:/Users/ROG/Documents/xpack-riscv-none-elf-gcc-15.2.0-1/bin/../lib/gcc/riscv-none-elf/15.2.0/../../../../riscv-none-elf/lib\libc_nano.a(libc_a-abort.o)
 .riscv.attributes
                0x00000862       0x4e C:/Users/ROG/Documents/xpack-riscv-none-elf-gcc-15.2.0-1/bin/../lib/gcc/riscv-none-elf/15.2.0/../../../../riscv-none-elf/lib\libc_nano.a(libc_a-nano-vfprintf.o)
 .riscv.attributes
                0x000008b0       0x4e C:/Users/ROG/Documents/xpack-riscv-none-elf-gcc-15.2.0-1/bin/../lib/gcc/riscv-none-elf/15.2.0/../../../../riscv-none-elf/lib\libc_nano.a(libc_a-findfp.o)
 .riscv.attributes
                0x000008fe       0x4e C:/Users/ROG/Documents/xpack-riscv-none-elf-gcc-15.2.0-1/bin/../lib/gcc/riscv-none-elf/15.2.0/../../../../riscv-none-elf/lib\libc_nano.a(libc_a-fwalk.o)
 .riscv.attributes
                0x0000094c       0x4e C:/Users/ROG/Documents/xpack-riscv-none-elf-gcc-15.2.0-1/bin/../lib/gcc/riscv-none-elf/15.2.0/../../../../riscv-none-elf/lib\libc_nano.a(libc_a-stdio.o)
 .riscv.attributes
                0x0000099a       0x4e C:/Users/ROG/Documents/xpack-riscv-none-elf-gcc-15.2.0-1/bin/../lib/gcc/riscv-none-elf/15.2.0/../../../../riscv-none-elf/lib\libc_nano.a(libc_a-wbuf.o)
 .riscv.attributes
                0x000009e8       0x4e C:/Users/ROG/Documents/xpack-riscv-none-elf-gcc-15.2.0-1/bin/../lib/gcc/riscv-none-elf/15.2.0/../../../../riscv-none-elf/lib\libc_nano.a(libc_a-wsetup.o)
 .riscv.attributes
                0x00000a36       0x4e C:/Users/ROG/Documents/xpack-riscv-none-elf-gcc-15.2.0-1/bin/../lib/gcc/riscv-none-elf/15.2.0/../../../../riscv-none-elf/lib\libc_nano.a(libc_a-signal.o)
 .riscv.attributes
                0x00000a84       0x4e C:/Users/ROG/Documents/xpack-riscv-none-elf-gcc-15.2.0-1/bin/../lib/gcc/riscv-none-elf/15.2.0/../../../../riscv-none-elf/lib\libc_nano.a(libc_a-closer.o)
 .riscv.attributes
                0x00000ad2       0x4e C:/Users/ROG/Documents/xpack-riscv-none-elf-gcc-15.2.0-1/bin/../lib/gcc/riscv-none-elf/15.2.0/../../../../riscv-none-elf/lib\libc_nano.a(libc_a-lseekr.o)
 .riscv.attributes
                0x00000b20       0x4e C:/Users/ROG/Documents/xpack-riscv-none-elf-gcc-15.2.0-1/bin/../lib/gcc/riscv-none-elf/15.2.0/../../../../riscv-none-elf/lib\libc_nano.a(libc_a-readr.o)
 .riscv.attributes
                0x00000b6e       0x4e C:/Users/ROG/Documents/xpack-riscv-none-elf-gcc-15.2.0-1/bin/../lib/gcc/riscv-none-elf/15.2.0/../../../../riscv-none-elf/lib\libc_nano.a(libc_a-signalr.o)
 .riscv.attributes
                0x00000bbc       0x4e C:/Users/ROG/Documents/xpack-riscv-none-elf-gcc-15.2.0-1/bin/../lib/gcc/riscv-none-elf/15.2.0/../../../../riscv-none-elf/lib\libc_nano.a(libc_a-writer.o)
 .riscv.attributes
                0x00000c0a       0x4e C:/Users/ROG/Documents/xpack-riscv-none-elf-gcc-15.2.0-1/bin/../lib/gcc/riscv-none-elf/15.2.0/../../../../riscv-none-elf/lib\libc_nano.a(libc_a-fflush.o)
 .riscv.attributes
                0x00000c58       0x4e C:/Users/ROG/Documents/xpack-riscv-none-elf-gcc-15.2.0-1/bin/../lib/gcc/riscv-none-elf/15.2.0/../../../../riscv-none-elf/lib\libc_nano.a(libc_a-makebuf.o)
 .riscv.attributes
                0x00000ca6       0x4e C:/Users/ROG/Documents/xpack-riscv-none-elf-gcc-15.2.0-1/bin/../lib/gcc/riscv-none-elf/15.2.0/../../../../riscv-none-elf/lib\libc_nano.a(libc_a-fstatr.o)
 .riscv.attributes
                0x00000cf4       0x4e C:/Users/ROG/Documents/xpack-riscv-none-elf-gcc-15.2.0-1/bin/../lib/gcc/riscv-none-elf/15.2.0/../../../../riscv-none-elf/lib\libc_nano.a(libc_a-isattyr.o)
 .riscv.attributes
                0x00000d42       0x4e C:/Users/ROG/Documents/xpack-riscv-none-elf-gcc-15.2.0-1/bin/../lib/gcc/riscv-none-elf/15.2.0/../../../../riscv-none-elf/lib\libc_nano.a(libc_a-memcmp.o)
 .riscv.attributes
                0x00000d90       0x4e C:/Users/ROG/Documents/xpack-riscv-none-elf-gcc-15.2.0-1/bin/../lib/gcc/riscv-none-elf/15.2.0\libgcc.a(adddf3.o)
 .riscv.attributes
                0x00000dde       0x4e C:/Users/ROG/Documents/xpack-riscv-none-elf-gcc-15.2.0-1/bin/../lib/gcc/riscv-none-elf/15.2.0\libgcc.a(divdf3.o)
 .riscv.attributes
                0x00000e2c       0x4e C:/Users/ROG/Documents/xpack-riscv-none-elf-gcc-15.2.0-1/bin/../lib/gcc/riscv-none-elf/15.2.0\libgcc.a(eqdf2.o)
 .riscv.attributes
                0x00000e7a       0x4e C:/Users/ROG/Documents/xpack-riscv-none-elf-gcc-15.2.0-1/bin/../lib/gcc/riscv-none-elf/15.2.0\libgcc.a(gedf2.o)
 .riscv.attributes
                0x00000ec8       0x4e C:/Users/ROG/Documents/xpack-riscv-none-elf-gcc-15.2.0-1/bin/../lib/gcc/riscv-none-elf/15.2.0\libgcc.a(ledf2.o)
 .riscv.attributes
                0x00000f16       0x4e C:/Users/ROG/Documents/xpack-riscv-none-elf-gcc-15.2.0-1/bin/../lib/gcc/riscv-none-elf/15.2.0\libgcc.a(muldf3.o)
 .riscv.attributes
                0x00000f64       0x4e C:/Users/ROG/Documents/xpack-riscv-none-elf-gcc-15.2.0-1/bin/../lib/gcc/riscv-none-elf/15.2.0\libgcc.a(subdf3.o)
 .riscv.attributes
                0x00000fb2       0x4e C:/Users/ROG/Documents/xpack-riscv-none-elf-gcc-15.2.0-1/bin/../lib/gcc/riscv-none-elf/15.2.0\libgcc.a(unorddf2.o)
 .riscv.attributes
                0x00001000       0x4e C:/Users/ROG/Documents/xpack-riscv-none-elf-gcc-15.2.0-1/bin/../lib/gcc/riscv-none-elf/15.2.0\libgcc.a(fixdfsi.o)
 .riscv.attributes
                0x0000104e       0x4e C:/Users/ROG/Documents/xpack-riscv-none-elf-gcc-15.2.0-1/bin/../lib/gcc/riscv-none-elf/15.2.0\libgcc.a(floatsidf.o)
 .riscv.attributes
                0x0000109c       0x4e C:/Users/ROG/Documents/xpack-riscv-none-elf-gcc-15.2.0-1/bin/../lib/gcc/riscv-none-elf/15.2.0\libgcc.a(floatunsidf.o)
 .riscv.attributes
                0x000010ea       0x4e C:/Users/ROG/Documents/xpack-riscv-none-elf-gcc-15.2.0-1/bin/../lib/gcc/riscv-none-elf/15.2.0\libgcc.a(trunctfdf2.o)
 .riscv.attributes
                0x00001138       0x4e C:/Users/ROG/Documents/xpack-riscv-none-elf-gcc-15.2.0-1/bin/../lib/gcc/riscv-none-elf/15.2.0\libgcc.a(_clzsi2.o)
 .riscv.attributes
                0x00001186       0x4e C:/Users/ROG/Documents/xpack-riscv-none-elf-gcc-15.2.0-1/bin/../lib/gcc/riscv-none-elf/15.2.0\libgcc.a(_clz.o)
 .riscv.attributes
                0x000011d4       0x4e C:/Users/ROG/Documents/xpack-riscv-none-elf-gcc-15.2.0-1/bin/../lib/gcc/riscv-none-elf/15.2.0/../../../../riscv-none-elf/lib\libnosys.a(close.o)
 .riscv.attributes
                0x00001222       0x4e C:/Users/ROG/Documents/xpack-riscv-none-elf-gcc-15.2.0-1/bin/../lib/gcc/riscv-none-elf/15.2.0/../../../../riscv-none-elf/lib\libnosys.a(fstat.o)
 .riscv.attributes
                0x00001270       0x4e C:/Users/ROG/Documents/xpack-riscv-none-elf-gcc-15.2.0-1/bin/../lib/gcc/riscv-none-elf/15.2.0/../../../../riscv-none-elf/lib\libnosys.a(getpid.o)
 .riscv.attributes
                0x000012be       0x4e C:/Users/ROG/Documents/xpack-riscv-none-elf-gcc-15.2.0-1/bin/../lib/gcc/riscv-none-elf/15.2.0/../../../../riscv-none-elf/lib\libnosys.a(isatty.o)
 .riscv.attributes
                0x0000130c       0x4e C:/Users/ROG/Documents/xpack-riscv-none-elf-gcc-15.2.0-1/bin/../lib/gcc/riscv-none-elf/15.2.0/../../../../riscv-none-elf/lib\libnosys.a(kill.o)
 .riscv.attributes
                0x0000135a       0x4e C:/Users/ROG/Documents/xpack-riscv-none-elf-gcc-15.2.0-1/bin/../lib/gcc/riscv-none-elf/15.2.0/../../../../riscv-none-elf/lib\libnosys.a(lseek.o)
 .riscv.attributes
                0x000013a8       0x4e C:/Users/ROG/Documents/xpack-riscv-none-elf-gcc-15.2.0-1/bin/../lib/gcc/riscv-none-elf/15.2.0/../../../../riscv-none-elf/lib\libnosys.a(read.o)
 .riscv.attributes
                0x000013f6       0x4e C:/Users/ROG/Documents/xpack-riscv-none-elf-gcc-15.2.0-1/bin/../lib/gcc/riscv-none-elf/15.2.0/../../../../riscv-none-elf/lib\libnosys.a(sbrk.o)
 .riscv.attributes
                0x00001444       0x4e C:/Users/ROG/Documents/xpack-riscv-none-elf-gcc-15.2.0-1/bin/../lib/gcc/riscv-none-elf/15.2.0/../../../../riscv-none-elf/lib\libnosys.a(write.o)
 .riscv.attributes
                0x00001492       0x4e C:/Users/ROG/Documents/xpack-riscv-none-elf-gcc-15.2.0-1/bin/../lib/gcc/riscv-none-elf/15.2.0/../../../../riscv-none-elf/lib\libnosys.a(_exit.o)
 .riscv.attributes
                0x000014e0       0x4e C:/Users/ROG/Documents/xpack-riscv-none-elf-gcc-15.2.0-1/bin/../lib/gcc/riscv-none-elf/15.2.0\libgcc.a(divsf3.o)
 .riscv.attributes
                0x0000152e       0x4e C:/Users/ROG/Documents/xpack-riscv-none-elf-gcc-15.2.0-1/bin/../lib/gcc/riscv-none-elf/15.2.0\libgcc.a(gesf2.o)
 .riscv.attributes
                0x0000157c       0x4e C:/Users/ROG/Documents/xpack-riscv-none-elf-gcc-15.2.0-1/bin/../lib/gcc/riscv-none-elf/15.2.0\libgcc.a(lesf2.o)
 .riscv.attributes
                0x000015ca       0x4e C:/Users/ROG/Documents/xpack-riscv-none-elf-gcc-15.2.0-1/bin/../lib/gcc/riscv-none-elf/15.2.0\libgcc.a(mulsf3.o)
 .riscv.attributes
                0x00001618       0x4e C:/Users/ROG/Documents/xpack-riscv-none-elf-gcc-15.2.0-1/bin/../lib/gcc/riscv-none-elf/15.2.0\libgcc.a(fixsfsi.o)
 .riscv.attributes
                0x00001666       0x4e C:/Users/ROG/Documents/xpack-riscv-none-elf-gcc-15.2.0-1/bin/../lib/gcc/riscv-none-elf/15.2.0\libgcc.a(floatsisf.o)

.debug_info     0x00000000     0x4143
 .debug_info    0x00000000      0x562 C:/Users/ROG/Documents/xpack-riscv-none-elf-gcc-15.2.0-1/bin/../lib/gcc/riscv-none-elf/15.2.0\libgcc.a(adddf3.o)
 .debug_info    0x00000562      0x79a C:/Users/ROG/Documents/xpack-riscv-none-elf-gcc-15.2.0-1/bin/../lib/gcc/riscv-none-elf/15.2.0\libgcc.a(divdf3.o)
 .debug_info    0x00000cfc      0x250 C:/Users/ROG/Documents/xpack-riscv-none-elf-gcc-15.2.0-1/bin/../lib/gcc/riscv-none-elf/15.2.0\libgcc.a(eqdf2.o)
 .debug_info    0x00000f4c      0x25e C:/Users/ROG/Documents/xpack-riscv-none-elf-gcc-15.2.0-1/bin/../lib/gcc/riscv-none-elf/15.2.0\libgcc.a(gedf2.o)
 .debug_info    0x000011aa      0x25e C:/Users/ROG/Documents/xpack-riscv-none-elf-gcc-15.2.0-1/bin/../lib/gcc/riscv-none-elf/15.2.0\libgcc.a(ledf2.o)
 .debug_info    0x00001408      0x7ab C:/Users/ROG/Documents/xpack-riscv-none-elf-gcc-15.2.0-1/bin/../lib/gcc/riscv-none-elf/15.2.0\libgcc.a(muldf3.o)
 .debug_info    0x00001bb3      0x562 C:/Users/ROG/Documents/xpack-riscv-none-elf-gcc-15.2.0-1/bin/../lib/gcc/riscv-none-elf/15.2.0\libgcc.a(subdf3.o)
 .debug_info    0x00002115      0x231 C:/Users/ROG/Documents/xpack-riscv-none-elf-gcc-15.2.0-1/bin/../lib/gcc/riscv-none-elf/15.2.0\libgcc.a(unorddf2.o)
 .debug_info    0x00002346      0x1e7 C:/Users/ROG/Documents/xpack-riscv-none-elf-gcc-15.2.0-1/bin/../lib/gcc/riscv-none-elf/15.2.0\libgcc.a(fixdfsi.o)
 .debug_info    0x0000252d      0x289 C:/Users/ROG/Documents/xpack-riscv-none-elf-gcc-15.2.0-1/bin/../lib/gcc/riscv-none-elf/15.2.0\libgcc.a(floatsidf.o)
 .debug_info    0x000027b6      0x27e C:/Users/ROG/Documents/xpack-riscv-none-elf-gcc-15.2.0-1/bin/../lib/gcc/riscv-none-elf/15.2.0\libgcc.a(floatunsidf.o)
 .debug_info    0x00002a34      0x4cb C:/Users/ROG/Documents/xpack-riscv-none-elf-gcc-15.2.0-1/bin/../lib/gcc/riscv-none-elf/15.2.0\libgcc.a(trunctfdf2.o)
 .debug_info    0x00002eff      0x168 C:/Users/ROG/Documents/xpack-riscv-none-elf-gcc-15.2.0-1/bin/../lib/gcc/riscv-none-elf/15.2.0\libgcc.a(_clzsi2.o)
 .debug_info    0x00003067       0xf2 C:/Users/ROG/Documents/xpack-riscv-none-elf-gcc-15.2.0-1/bin/../lib/gcc/riscv-none-elf/15.2.0\libgcc.a(_clz.o)
 .debug_info    0x00003159      0x3dd C:/Users/ROG/Documents/xpack-riscv-none-elf-gcc-15.2.0-1/bin/../lib/gcc/riscv-none-elf/15.2.0\libgcc.a(divsf3.o)
 .debug_info    0x00003536      0x221 C:/Users/ROG/Documents/xpack-riscv-none-elf-gcc-15.2.0-1/bin/../lib/gcc/riscv-none-elf/15.2.0\libgcc.a(gesf2.o)
 .debug_info    0x00003757      0x221 C:/Users/ROG/Documents/xpack-riscv-none-elf-gcc-15.2.0-1/bin/../lib/gcc/riscv-none-elf/15.2.0\libgcc.a(lesf2.o)
 .debug_info    0x00003978      0x3c5 C:/Users/ROG/Documents/xpack-riscv-none-elf-gcc-15.2.0-1/bin/../lib/gcc/riscv-none-elf/15.2.0\libgcc.a(mulsf3.o)
 .debug_info    0x00003d3d      0x1ca C:/Users/ROG/Documents/xpack-riscv-none-elf-gcc-15.2.0-1/bin/../lib/gcc/riscv-none-elf/15.2.0\libgcc.a(fixsfsi.o)
 .debug_info    0x00003f07      0x23c C:/Users/ROG/Documents/xpack-riscv-none-elf-gcc-15.2.0-1/bin/../lib/gcc/riscv-none-elf/15.2.0\libgcc.a(floatsisf.o)

.debug_abbrev   0x00000000     0x1b4e
 .debug_abbrev  0x00000000      0x195 C:/Users/ROG/Documents/xpack-riscv-none-elf-gcc-15.2.0-1/bin/../lib/gcc/riscv-none-elf/15.2.0\libgcc.a(adddf3.o)
 .debug_abbrev  0x00000195      0x182 C:/Users/ROG/Documents/xpack-riscv-none-elf-gcc-15.2.0-1/bin/../lib/gcc/riscv-none-elf/15.2.0\libgcc.a(divdf3.o)
 .debug_abbrev  0x00000317      0x170 C:/Users/ROG/Documents/xpack-riscv-none-elf-gcc-15.2.0-1/bin/../lib/gcc/riscv-none-elf/15.2.0\libgcc.a(eqdf2.o)
 .debug_abbrev  0x00000487      0x172 C:/Users/ROG/Documents/xpack-riscv-none-elf-gcc-15.2.0-1/bin/../lib/gcc/riscv-none-elf/15.2.0\libgcc.a(gedf2.o)
 .debug_abbrev  0x000005f9      0x172 C:/Users/ROG/Documents/xpack-riscv-none-elf-gcc-15.2.0-1/bin/../lib/gcc/riscv-none-elf/15.2.0\libgcc.a(ledf2.o)
 .debug_abbrev  0x0000076b      0x194 C:/Users/ROG/Documents/xpack-riscv-none-elf-gcc-15.2.0-1/bin/../lib/gcc/riscv-none-elf/15.2.0\libgcc.a(muldf3.o)
 .debug_abbrev  0x000008ff      0x195 C:/Users/ROG/Documents/xpack-riscv-none-elf-gcc-15.2.0-1/bin/../lib/gcc/riscv-none-elf/15.2.0\libgcc.a(subdf3.o)
 .debug_abbrev  0x00000a94      0x15e C:/Users/ROG/Documents/xpack-riscv-none-elf-gcc-15.2.0-1/bin/../lib/gcc/riscv-none-elf/15.2.0\libgcc.a(unorddf2.o)
 .debug_abbrev  0x00000bf2      0x159 C:/Users/ROG/Documents/xpack-riscv-none-elf-gcc-15.2.0-1/bin/../lib/gcc/riscv-none-elf/15.2.0\libgcc.a(fixdfsi.o)
 .debug_abbrev  0x00000d4b      0x173 C:/Users/ROG/Documents/xpack-riscv-none-elf-gcc-15.2.0-1/bin/../lib/gcc/riscv-none-elf/15.2.0\libgcc.a(floatsidf.o)
 .debug_abbrev  0x00000ebe      0x172 C:/Users/ROG/Documents/xpack-riscv-none-elf-gcc-15.2.0-1/bin/../lib/gcc/riscv-none-elf/15.2.0\libgcc.a(floatunsidf.o)
 .debug_abbrev  0x00001030      0x183 C:/Users/ROG/Documents/xpack-riscv-none-elf-gcc-15.2.0-1/bin/../lib/gcc/riscv-none-elf/15.2.0\libgcc.a(trunctfdf2.o)
 .debug_abbrev  0x000011b3       0xd9 C:/Users/ROG/Documents/xpack-riscv-none-elf-gcc-15.2.0-1/bin/../lib/gcc/riscv-none-elf/15.2.0\libgcc.a(_clzsi2.o)
 .debug_abbrev  0x0000128c       0x76 C:/Users/ROG/Documents/xpack-riscv-none-elf-gcc-15.2.0-1/bin/../lib/gcc/riscv-none-elf/15.2.0\libgcc.a(_clz.o)
 .debug_abbrev  0x00001302      0x150 C:/Users/ROG/Documents/xpack-riscv-none-elf-gcc-15.2.0-1/bin/../lib/gcc/riscv-none-elf/15.2.0\libgcc.a(divsf3.o)
 .debug_abbrev  0x00001452      0x164 C:/Users/ROG/Documents/xpack-riscv-none-elf-gcc-15.2.0-1/bin/../lib/gcc/riscv-none-elf/15.2.0\libgcc.a(gesf2.o)
 .debug_abbrev  0x000015b6      0x164 C:/Users/ROG/Documents/xpack-riscv-none-elf-gcc-15.2.0-1/bin/../lib/gcc/riscv-none-elf/15.2.0\libgcc.a(lesf2.o)
 .debug_abbrev  0x0000171a      0x15f C:/Users/ROG/Documents/xpack-riscv-none-elf-gcc-15.2.0-1/bin/../lib/gcc/riscv-none-elf/15.2.0\libgcc.a(mulsf3.o)
 .debug_abbrev  0x00001879      0x159 C:/Users/ROG/Documents/xpack-riscv-none-elf-gcc-15.2.0-1/bin/../lib/gcc/riscv-none-elf/15.2.0\libgcc.a(fixsfsi.o)
 .debug_abbrev  0x000019d2      0x17c C:/Users/ROG/Documents/xpack-riscv-none-elf-gcc-15.2.0-1/bin/../lib/gcc/riscv-none-elf/15.2.0\libgcc.a(floatsisf.o)

.debug_loclists
                0x00000000     0x9757
 .debug_loclists
                0x00000000     0x2219 C:/Users/ROG/Documents/xpack-riscv-none-elf-gcc-15.2.0-1/bin/../lib/gcc/riscv-none-elf/15.2.0\libgcc.a(adddf3.o)
 .debug_loclists
                0x00002219     0x1990 C:/Users/ROG/Documents/xpack-riscv-none-elf-gcc-15.2.0-1/bin/../lib/gcc/riscv-none-elf/15.2.0\libgcc.a(divdf3.o)
 .debug_loclists
                0x00003ba9       0xd7 C:/Users/ROG/Documents/xpack-riscv-none-elf-gcc-15.2.0-1/bin/../lib/gcc/riscv-none-elf/15.2.0\libgcc.a(eqdf2.o)
 .debug_loclists
                0x00003c80      0x1ca C:/Users/ROG/Documents/xpack-riscv-none-elf-gcc-15.2.0-1/bin/../lib/gcc/riscv-none-elf/15.2.0\libgcc.a(gedf2.o)
 .debug_loclists
                0x00003e4a      0x1cf C:/Users/ROG/Documents/xpack-riscv-none-elf-gcc-15.2.0-1/bin/../lib/gcc/riscv-none-elf/15.2.0\libgcc.a(ledf2.o)
 .debug_loclists
                0x00004019     0x11bd C:/Users/ROG/Documents/xpack-riscv-none-elf-gcc-15.2.0-1/bin/../lib/gcc/riscv-none-elf/15.2.0\libgcc.a(muldf3.o)
 .debug_loclists
                0x000051d6     0x225d C:/Users/ROG/Documents/xpack-riscv-none-elf-gcc-15.2.0-1/bin/../lib/gcc/riscv-none-elf/15.2.0\libgcc.a(subdf3.o)
 .debug_loclists
                0x00007433       0x9d C:/Users/ROG/Documents/xpack-riscv-none-elf-gcc-15.2.0-1/bin/../lib/gcc/riscv-none-elf/15.2.0\libgcc.a(unorddf2.o)
 .debug_loclists
                0x000074d0      0x133 C:/Users/ROG/Documents/xpack-riscv-none-elf-gcc-15.2.0-1/bin/../lib/gcc/riscv-none-elf/15.2.0\libgcc.a(fixdfsi.o)
 .debug_loclists
                0x00007603      0x193 C:/Users/ROG/Documents/xpack-riscv-none-elf-gcc-15.2.0-1/bin/../lib/gcc/riscv-none-elf/15.2.0\libgcc.a(floatsidf.o)
 .debug_loclists
                0x00007796      0x163 C:/Users/ROG/Documents/xpack-riscv-none-elf-gcc-15.2.0-1/bin/../lib/gcc/riscv-none-elf/15.2.0\libgcc.a(floatunsidf.o)
 .debug_loclists
                0x000078f9      0x75c C:/Users/ROG/Documents/xpack-riscv-none-elf-gcc-15.2.0-1/bin/../lib/gcc/riscv-none-elf/15.2.0\libgcc.a(trunctfdf2.o)
 .debug_loclists
                0x00008055       0xe1 C:/Users/ROG/Documents/xpack-riscv-none-elf-gcc-15.2.0-1/bin/../lib/gcc/riscv-none-elf/15.2.0\libgcc.a(_clzsi2.o)
 .debug_loclists
                0x00008136      0x876 C:/Users/ROG/Documents/xpack-riscv-none-elf-gcc-15.2.0-1/bin/../lib/gcc/riscv-none-elf/15.2.0\libgcc.a(divsf3.o)
 .debug_loclists
                0x000089ac       0xe0 C:/Users/ROG/Documents/xpack-riscv-none-elf-gcc-15.2.0-1/bin/../lib/gcc/riscv-none-elf/15.2.0\libgcc.a(gesf2.o)
 .debug_loclists
                0x00008a8c       0xc7 C:/Users/ROG/Documents/xpack-riscv-none-elf-gcc-15.2.0-1/bin/../lib/gcc/riscv-none-elf/15.2.0\libgcc.a(lesf2.o)
 .debug_loclists
                0x00008b53      0x8b7 C:/Users/ROG/Documents/xpack-riscv-none-elf-gcc-15.2.0-1/bin/../lib/gcc/riscv-none-elf/15.2.0\libgcc.a(mulsf3.o)
 .debug_loclists
                0x0000940a      0x11c C:/Users/ROG/Documents/xpack-riscv-none-elf-gcc-15.2.0-1/bin/../lib/gcc/riscv-none-elf/15.2.0\libgcc.a(fixsfsi.o)
 .debug_loclists
                0x00009526      0x231 C:/Users/ROG/Documents/xpack-riscv-none-elf-gcc-15.2.0-1/bin/../lib/gcc/riscv-none-elf/15.2.0\libgcc.a(floatsisf.o)

.debug_aranges  0x00000000      0x278
 .debug_aranges
                0x00000000       0x20 C:/Users/ROG/Documents/xpack-riscv-none-elf-gcc-15.2.0-1/bin/../lib/gcc/riscv-none-elf/15.2.0\libgcc.a(adddf3.o)
 .debug_aranges
                0x00000020       0x20 C:/Users/ROG/Documents/xpack-riscv-none-elf-gcc-15.2.0-1/bin/../lib/gcc/riscv-none-elf/15.2.0\libgcc.a(divdf3.o)
 .debug_aranges
                0x00000040       0x20 C:/Users/ROG/Documents/xpack-riscv-none-elf-gcc-15.2.0-1/bin/../lib/gcc/riscv-none-elf/15.2.0\libgcc.a(eqdf2.o)
 .debug_aranges
                0x00000060       0x20 C:/Users/ROG/Documents/xpack-riscv-none-elf-gcc-15.2.0-1/bin/../lib/gcc/riscv-none-elf/15.2.0\libgcc.a(gedf2.o)
 .debug_aranges
                0x00000080       0x20 C:/Users/ROG/Documents/xpack-riscv-none-elf-gcc-15.2.0-1/bin/../lib/gcc/riscv-none-elf/15.2.0\libgcc.a(ledf2.o)
 .debug_aranges
                0x000000a0       0x20 C:/Users/ROG/Documents/xpack-riscv-none-elf-gcc-15.2.0-1/bin/../lib/gcc/riscv-none-elf/15.2.0\libgcc.a(muldf3.o)
 .debug_aranges
                0x000000c0       0x20 C:/Users/ROG/Documents/xpack-riscv-none-elf-gcc-15.2.0-1/bin/../lib/gcc/riscv-none-elf/15.2.0\libgcc.a(subdf3.o)
 .debug_aranges
                0x000000e0       0x20 C:/Users/ROG/Documents/xpack-riscv-none-elf-gcc-15.2.0-1/bin/../lib/gcc/riscv-none-elf/15.2.0\libgcc.a(unorddf2.o)
 .debug_aranges
                0x00000100       0x20 C:/Users/ROG/Documents/xpack-riscv-none-elf-gcc-15.2.0-1/bin/../lib/gcc/riscv-none-elf/15.2.0\libgcc.a(fixdfsi.o)
 .debug_aranges
                0x00000120       0x20 C:/Users/ROG/Documents/xpack-riscv-none-elf-gcc-15.2.0-1/bin/../lib/gcc/riscv-none-elf/15.2.0\libgcc.a(floatsidf.o)
 .debug_aranges
                0x00000140       0x20 C:/Users/ROG/Documents/xpack-riscv-none-elf-gcc-15.2.0-1/bin/../lib/gcc/riscv-none-elf/15.2.0\libgcc.a(floatunsidf.o)
 .debug_aranges
                0x00000160       0x20 C:/Users/ROG/Documents/xpack-riscv-none-elf-gcc-15.2.0-1/bin/../lib/gcc/riscv-none-elf/15.2.0\libgcc.a(trunctfdf2.o)
 .debug_aranges
                0x00000180       0x20 C:/Users/ROG/Documents/xpack-riscv-none-elf-gcc-15.2.0-1/bin/../lib/gcc/riscv-none-elf/15.2.0\libgcc.a(_clzsi2.o)
 .debug_aranges
                0x000001a0       0x18 C:/Users/ROG/Documents/xpack-riscv-none-elf-gcc-15.2.0-1/bin/../lib/gcc/riscv-none-elf/15.2.0\libgcc.a(_clz.o)
 .debug_aranges
                0x000001b8       0x20 C:/Users/ROG/Documents/xpack-riscv-none-elf-gcc-15.2.0-1/bin/../lib/gcc/riscv-none-elf/15.2.0\libgcc.a(divsf3.o)
 .debug_aranges
                0x000001d8       0x20 C:/Users/ROG/Documents/xpack-riscv-none-elf-gcc-15.2.0-1/bin/../lib/gcc/riscv-none-elf/15.2.0\libgcc.a(gesf2.o)
 .debug_aranges
                0x000001f8       0x20 C:/Users/ROG/Documents/xpack-riscv-none-elf-gcc-15.2.0-1/bin/../lib/gcc/riscv-none-elf/15.2.0\libgcc.a(lesf2.o)
 .debug_aranges
                0x00000218       0x20 C:/Users/ROG/Documents/xpack-riscv-none-elf-gcc-15.2.0-1/bin/../lib/gcc/riscv-none-elf/15.2.0\libgcc.a(mulsf3.o)
 .debug_aranges
                0x00000238       0x20 C:/Users/ROG/Documents/xpack-riscv-none-elf-gcc-15.2.0-1/bin/../lib/gcc/riscv-none-elf/15.2.0\libgcc.a(fixsfsi.o)
 .debug_aranges
                0x00000258       0x20 C:/Users/ROG/Documents/xpack-riscv-none-elf-gcc-15.2.0-1/bin/../lib/gcc/riscv-none-elf/15.2.0\libgcc.a(floatsisf.o)

.debug_rnglists
                0x00000000     0x10c9
 .debug_rnglists
                0x00000000      0x3a7 C:/Users/ROG/Documents/xpack-riscv-none-elf-gcc-15.2.0-1/bin/../lib/gcc/riscv-none-elf/15.2.0\libgcc.a(adddf3.o)
 .debug_rnglists
                0x000003a7      0x1a9 C:/Users/ROG/Documents/xpack-riscv-none-elf-gcc-15.2.0-1/bin/../lib/gcc/riscv-none-elf/15.2.0\libgcc.a(divdf3.o)
 .debug_rnglists
                0x00000550       0x34 C:/Users/ROG/Documents/xpack-riscv-none-elf-gcc-15.2.0-1/bin/../lib/gcc/riscv-none-elf/15.2.0\libgcc.a(eqdf2.o)
 .debug_rnglists
                0x00000584       0x52 C:/Users/ROG/Documents/xpack-riscv-none-elf-gcc-15.2.0-1/bin/../lib/gcc/riscv-none-elf/15.2.0\libgcc.a(gedf2.o)
 .debug_rnglists
                0x000005d6       0x4a C:/Users/ROG/Documents/xpack-riscv-none-elf-gcc-15.2.0-1/bin/../lib/gcc/riscv-none-elf/15.2.0\libgcc.a(ledf2.o)
 .debug_rnglists
                0x00000620      0x1b0 C:/Users/ROG/Documents/xpack-riscv-none-elf-gcc-15.2.0-1/bin/../lib/gcc/riscv-none-elf/15.2.0\libgcc.a(muldf3.o)
 .debug_rnglists
                0x000007d0      0x3a7 C:/Users/ROG/Documents/xpack-riscv-none-elf-gcc-15.2.0-1/bin/../lib/gcc/riscv-none-elf/15.2.0\libgcc.a(subdf3.o)
 .debug_rnglists
                0x00000b77       0x2e C:/Users/ROG/Documents/xpack-riscv-none-elf-gcc-15.2.0-1/bin/../lib/gcc/riscv-none-elf/15.2.0\libgcc.a(unorddf2.o)
 .debug_rnglists
                0x00000ba5       0x2b C:/Users/ROG/Documents/xpack-riscv-none-elf-gcc-15.2.0-1/bin/../lib/gcc/riscv-none-elf/15.2.0\libgcc.a(fixdfsi.o)
 .debug_rnglists
                0x00000bd0       0x87 C:/Users/ROG/Documents/xpack-riscv-none-elf-gcc-15.2.0-1/bin/../lib/gcc/riscv-none-elf/15.2.0\libgcc.a(floatsidf.o)
 .debug_rnglists
                0x00000c57       0x6d C:/Users/ROG/Documents/xpack-riscv-none-elf-gcc-15.2.0-1/bin/../lib/gcc/riscv-none-elf/15.2.0\libgcc.a(floatunsidf.o)
 .debug_rnglists
                0x00000cc4      0x12d C:/Users/ROG/Documents/xpack-riscv-none-elf-gcc-15.2.0-1/bin/../lib/gcc/riscv-none-elf/15.2.0\libgcc.a(trunctfdf2.o)
 .debug_rnglists
                0x00000df1       0x28 C:/Users/ROG/Documents/xpack-riscv-none-elf-gcc-15.2.0-1/bin/../lib/gcc/riscv-none-elf/15.2.0\libgcc.a(_clzsi2.o)
 .debug_rnglists
                0x00000e19       0xcb C:/Users/ROG/Documents/xpack-riscv-none-elf-gcc-15.2.0-1/bin/../lib/gcc/riscv-none-elf/15.2.0\libgcc.a(divsf3.o)
 .debug_rnglists
                0x00000ee4       0x38 C:/Users/ROG/Documents/xpack-riscv-none-elf-gcc-15.2.0-1/bin/../lib/gcc/riscv-none-elf/15.2.0\libgcc.a(gesf2.o)
 .debug_rnglists
                0x00000f1c       0x38 C:/Users/ROG/Documents/xpack-riscv-none-elf-gcc-15.2.0-1/bin/../lib/gcc/riscv-none-elf/15.2.0\libgcc.a(lesf2.o)
 .debug_rnglists
                0x00000f54       0xc8 C:/Users/ROG/Documents/xpack-riscv-none-elf-gcc-15.2.0-1/bin/../lib/gcc/riscv-none-elf/15.2.0\libgcc.a(mulsf3.o)
 .debug_rnglists
                0x0000101c       0x2b C:/Users/ROG/Documents/xpack-riscv-none-elf-gcc-15.2.0-1/bin/../lib/gcc/riscv-none-elf/15.2.0\libgcc.a(fixsfsi.o)
 .debug_rnglists
                0x00001047       0x82 C:/Users/ROG/Documents/xpack-riscv-none-elf-gcc-15.2.0-1/bin/../lib/gcc/riscv-none-elf/15.2.0\libgcc.a(floatsisf.o)

.debug_line     0x00000000     0xcaaa
 .debug_line    0x00000000     0x2935 C:/Users/ROG/Documents/xpack-riscv-none-elf-gcc-15.2.0-1/bin/../lib/gcc/riscv-none-elf/15.2.0\libgcc.a(adddf3.o)
 .debug_line    0x00002935     0x19eb C:/Users/ROG/Documents/xpack-riscv-none-elf-gcc-15.2.0-1/bin/../lib/gcc/riscv-none-elf/15.2.0\libgcc.a(divdf3.o)
 .debug_line    0x00004320      0x263 C:/Users/ROG/Documents/xpack-riscv-none-elf-gcc-15.2.0-1/bin/../lib/gcc/riscv-none-elf/15.2.0\libgcc.a(eqdf2.o)
 .debug_line    0x00004583      0x428 C:/Users/ROG/Documents/xpack-riscv-none-elf-gcc-15.2.0-1/bin/../lib/gcc/riscv-none-elf/15.2.0\libgcc.a(gedf2.o)
 .debug_line    0x000049ab      0x43a C:/Users/ROG/Documents/xpack-riscv-none-elf-gcc-15.2.0-1/bin/../lib/gcc/riscv-none-elf/15.2.0\libgcc.a(ledf2.o)
 .debug_line    0x00004de5     0x14e3 C:/Users/ROG/Documents/xpack-riscv-none-elf-gcc-15.2.0-1/bin/../lib/gcc/riscv-none-elf/15.2.0\libgcc.a(muldf3.o)
 .debug_line    0x000062c8     0x29a6 C:/Users/ROG/Documents/xpack-riscv-none-elf-gcc-15.2.0-1/bin/../lib/gcc/riscv-none-elf/15.2.0\libgcc.a(subdf3.o)
 .debug_line    0x00008c6e      0x1cd C:/Users/ROG/Documents/xpack-riscv-none-elf-gcc-15.2.0-1/bin/../lib/gcc/riscv-none-elf/15.2.0\libgcc.a(unorddf2.o)
 .debug_line    0x00008e3b      0x29b C:/Users/ROG/Documents/xpack-riscv-none-elf-gcc-15.2.0-1/bin/../lib/gcc/riscv-none-elf/15.2.0\libgcc.a(fixdfsi.o)
 .debug_line    0x000090d6      0x371 C:/Users/ROG/Documents/xpack-riscv-none-elf-gcc-15.2.0-1/bin/../lib/gcc/riscv-none-elf/15.2.0\libgcc.a(floatsidf.o)
 .debug_line    0x00009447      0x30b C:/Users/ROG/Documents/xpack-riscv-none-elf-gcc-15.2.0-1/bin/../lib/gcc/riscv-none-elf/15.2.0\libgcc.a(floatunsidf.o)
 .debug_line    0x00009752      0xc55 C:/Users/ROG/Documents/xpack-riscv-none-elf-gcc-15.2.0-1/bin/../lib/gcc/riscv-none-elf/15.2.0\libgcc.a(trunctfdf2.o)
 .debug_line    0x0000a3a7      0x15f C:/Users/ROG/Documents/xpack-riscv-none-elf-gcc-15.2.0-1/bin/../lib/gcc/riscv-none-elf/15.2.0\libgcc.a(_clzsi2.o)
 .debug_line    0x0000a506       0x49 C:/Users/ROG/Documents/xpack-riscv-none-elf-gcc-15.2.0-1/bin/../lib/gcc/riscv-none-elf/15.2.0\libgcc.a(_clz.o)
 .debug_line    0x0000a54f      0xc56 C:/Users/ROG/Documents/xpack-riscv-none-elf-gcc-15.2.0-1/bin/../lib/gcc/riscv-none-elf/15.2.0\libgcc.a(divsf3.o)
 .debug_line    0x0000b1a5      0x2ab C:/Users/ROG/Documents/xpack-riscv-none-elf-gcc-15.2.0-1/bin/../lib/gcc/riscv-none-elf/15.2.0\libgcc.a(gesf2.o)
 .debug_line    0x0000b450      0x2c3 C:/Users/ROG/Documents/xpack-riscv-none-elf-gcc-15.2.0-1/bin/../lib/gcc/riscv-none-elf/15.2.0\libgcc.a(lesf2.o)
 .debug_line    0x0000b713      0xce7 C:/Users/ROG/Documents/xpack-riscv-none-elf-gcc-15.2.0-1/bin/../lib/gcc/riscv-none-elf/15.2.0\libgcc.a(mulsf3.o)
 .debug_line    0x0000c3fa      0x24d C:/Users/ROG/Documents/xpack-riscv-none-elf-gcc-15.2.0-1/bin/../lib/gcc/riscv-none-elf/15.2.0\libgcc.a(fixsfsi.o)
 .debug_line    0x0000c647      0x463 C:/Users/ROG/Documents/xpack-riscv-none-elf-gcc-15.2.0-1/bin/../lib/gcc/riscv-none-elf/15.2.0\libgcc.a(floatsisf.o)

.debug_str      0x00000000      0x8f4
 .debug_str     0x00000000      0x8f4 C:/Users/ROG/Documents/xpack-riscv-none-elf-gcc-15.2.0-1/bin/../lib/gcc/riscv-none-elf/15.2.0\libgcc.a(adddf3.o)
                                0x2d6 (size before relaxing)
 .debug_str     0x000008f4        0x0 C:/Users/ROG/Documents/xpack-riscv-none-elf-gcc-15.2.0-1/bin/../lib/gcc/riscv-none-elf/15.2.0\libgcc.a(divdf3.o)
                                0x398 (size before relaxing)
 .debug_str     0x000008f4        0x0 C:/Users/ROG/Documents/xpack-riscv-none-elf-gcc-15.2.0-1/bin/../lib/gcc/riscv-none-elf/15.2.0\libgcc.a(eqdf2.o)
                                0x1e8 (size before relaxing)
 .debug_str     0x000008f4        0x0 C:/Users/ROG/Documents/xpack-riscv-none-elf-gcc-15.2.0-1/bin/../lib/gcc/riscv-none-elf/15.2.0\libgcc.a(gedf2.o)
                                0x20c (size before relaxing)
 .debug_str     0x000008f4        0x0 C:/Users/ROG/Documents/xpack-riscv-none-elf-gcc-15.2.0-1/bin/../lib/gcc/riscv-none-elf/15.2.0\libgcc.a(ledf2.o)
                                0x20c (size before relaxing)
 .debug_str     0x000008f4        0x0 C:/Users/ROG/Documents/xpack-riscv-none-elf-gcc-15.2.0-1/bin/../lib/gcc/riscv-none-elf/15.2.0\libgcc.a(muldf3.o)
                                0x3f0 (size before relaxing)
 .debug_str     0x000008f4        0x0 C:/Users/ROG/Documents/xpack-riscv-none-elf-gcc-15.2.0-1/bin/../lib/gcc/riscv-none-elf/15.2.0\libgcc.a(subdf3.o)
                                0x2d6 (size before relaxing)
 .debug_str     0x000008f4        0x0 C:/Users/ROG/Documents/xpack-riscv-none-elf-gcc-15.2.0-1/bin/../lib/gcc/riscv-none-elf/15.2.0\libgcc.a(unorddf2.o)
                                0x1eb (size before relaxing)
 .debug_str     0x000008f4        0x0 C:/Users/ROG/Documents/xpack-riscv-none-elf-gcc-15.2.0-1/bin/../lib/gcc/riscv-none-elf/15.2.0\libgcc.a(fixdfsi.o)
                                0x1e3 (size before relaxing)
 .debug_str     0x000008f4        0x0 C:/Users/ROG/Documents/xpack-riscv-none-elf-gcc-15.2.0-1/bin/../lib/gcc/riscv-none-elf/15.2.0\libgcc.a(floatsidf.o)
                                0x280 (size before relaxing)
 .debug_str     0x000008f4        0x0 C:/Users/ROG/Documents/xpack-riscv-none-elf-gcc-15.2.0-1/bin/../lib/gcc/riscv-none-elf/15.2.0\libgcc.a(floatunsidf.o)
                                0x27b (size before relaxing)
 .debug_str     0x000008f4        0x0 C:/Users/ROG/Documents/xpack-riscv-none-elf-gcc-15.2.0-1/bin/../lib/gcc/riscv-none-elf/15.2.0\libgcc.a(trunctfdf2.o)
                                0x393 (size before relaxing)
 .debug_str     0x000008f4        0x0 C:/Users/ROG/Documents/xpack-riscv-none-elf-gcc-15.2.0-1/bin/../lib/gcc/riscv-none-elf/15.2.0\libgcc.a(_clzsi2.o)
                                0x206 (size before relaxing)
 .debug_str     0x000008f4        0x0 C:/Users/ROG/Documents/xpack-riscv-none-elf-gcc-15.2.0-1/bin/../lib/gcc/riscv-none-elf/15.2.0\libgcc.a(_clz.o)
                                0x1e9 (size before relaxing)
 .debug_str     0x000008f4        0x0 C:/Users/ROG/Documents/xpack-riscv-none-elf-gcc-15.2.0-1/bin/../lib/gcc/riscv-none-elf/15.2.0\libgcc.a(divsf3.o)
                                0x303 (size before relaxing)
 .debug_str     0x000008f4        0x0 C:/Users/ROG/Documents/xpack-riscv-none-elf-gcc-15.2.0-1/bin/../lib/gcc/riscv-none-elf/15.2.0\libgcc.a(gesf2.o)
                                0x1f0 (size before relaxing)
 .debug_str     0x000008f4        0x0 C:/Users/ROG/Documents/xpack-riscv-none-elf-gcc-15.2.0-1/bin/../lib/gcc/riscv-none-elf/15.2.0\libgcc.a(lesf2.o)
                                0x1f0 (size before relaxing)
 .debug_str     0x000008f4        0x0 C:/Users/ROG/Documents/xpack-riscv-none-elf-gcc-15.2.0-1/bin/../lib/gcc/riscv-none-elf/15.2.0\libgcc.a(mulsf3.o)
                                0x2be (size before relaxing)
 .debug_str     0x000008f4        0x0 C:/Users/ROG/Documents/xpack-riscv-none-elf-gcc-15.2.0-1/bin/../lib/gcc/riscv-none-elf/15.2.0\libgcc.a(fixsfsi.o)
                                0x1d1 (size before relaxing)
 .debug_str     0x000008f4        0x0 C:/Users/ROG/Documents/xpack-riscv-none-elf-gcc-15.2.0-1/bin/../lib/gcc/riscv-none-elf/15.2.0\libgcc.a(floatsisf.o)
                                0x261 (size before relaxing)

.debug_line_str
                0x00000000      0xf15
 .debug_line_str
                0x00000000      0xf15 C:/Users/ROG/Documents/xpack-riscv-none-elf-gcc-15.2.0-1/bin/../lib/gcc/riscv-none-elf/15.2.0\libgcc.a(adddf3.o)
                                0x232 (size before relaxing)
 .debug_line_str
                0x00000f15        0x0 C:/Users/ROG/Documents/xpack-riscv-none-elf-gcc-15.2.0-1/bin/../lib/gcc/riscv-none-elf/15.2.0\libgcc.a(divdf3.o)
                                0x23c (size before relaxing)
 .debug_line_str
                0x00000f15        0x0 C:/Users/ROG/Documents/xpack-riscv-none-elf-gcc-15.2.0-1/bin/../lib/gcc/riscv-none-elf/15.2.0\libgcc.a(eqdf2.o)
                                0x23e (size before relaxing)
 .debug_line_str
                0x00000f15        0x0 C:/Users/ROG/Documents/xpack-riscv-none-elf-gcc-15.2.0-1/bin/../lib/gcc/riscv-none-elf/15.2.0\libgcc.a(gedf2.o)
                                0x23e (size before relaxing)
 .debug_line_str
                0x00000f15        0x0 C:/Users/ROG/Documents/xpack-riscv-none-elf-gcc-15.2.0-1/bin/../lib/gcc/riscv-none-elf/15.2.0\libgcc.a(ledf2.o)
                                0x23e (size before relaxing)
 .debug_line_str
                0x00000f15        0x0 C:/Users/ROG/Documents/xpack-riscv-none-elf-gcc-15.2.0-1/bin/../lib/gcc/riscv-none-elf/15.2.0\libgcc.a(muldf3.o)
                                0x23c (size before relaxing)
 .debug_line_str
                0x00000f15        0x0 C:/Users/ROG/Documents/xpack-riscv-none-elf-gcc-15.2.0-1/bin/../lib/gcc/riscv-none-elf/15.2.0\libgcc.a(subdf3.o)
                                0x232 (size before relaxing)
 .debug_line_str
                0x00000f15        0x0 C:/Users/ROG/Documents/xpack-riscv-none-elf-gcc-15.2.0-1/bin/../lib/gcc/riscv-none-elf/15.2.0\libgcc.a(unorddf2.o)
                                0x244 (size before relaxing)
 .debug_line_str
                0x00000f15        0x0 C:/Users/ROG/Documents/xpack-riscv-none-elf-gcc-15.2.0-1/bin/../lib/gcc/riscv-none-elf/15.2.0\libgcc.a(fixdfsi.o)
                                0x23e (size before relaxing)
 .debug_line_str
                0x00000f15        0x0 C:/Users/ROG/Documents/xpack-riscv-none-elf-gcc-15.2.0-1/bin/../lib/gcc/riscv-none-elf/15.2.0\libgcc.a(floatsidf.o)
                                0x242 (size before relaxing)
 .debug_line_str
                0x00000f15        0x0 C:/Users/ROG/Documents/xpack-riscv-none-elf-gcc-15.2.0-1/bin/../lib/gcc/riscv-none-elf/15.2.0\libgcc.a(floatunsidf.o)
                                0x246 (size before relaxing)
 .debug_line_str
                0x00000f15        0x0 C:/Users/ROG/Documents/xpack-riscv-none-elf-gcc-15.2.0-1/bin/../lib/gcc/riscv-none-elf/15.2.0\libgcc.a(trunctfdf2.o)
                                0x241 (size before relaxing)
 .debug_line_str
                0x00000f15        0x0 C:/Users/ROG/Documents/xpack-riscv-none-elf-gcc-15.2.0-1/bin/../lib/gcc/riscv-none-elf/15.2.0\libgcc.a(_clzsi2.o)
                                0x225 (size before relaxing)
 .debug_line_str
                0x00000f15        0x0 C:/Users/ROG/Documents/xpack-riscv-none-elf-gcc-15.2.0-1/bin/../lib/gcc/riscv-none-elf/15.2.0\libgcc.a(_clz.o)
                                0x225 (size before relaxing)
 .debug_line_str
                0x00000f15        0x0 C:/Users/ROG/Documents/xpack-riscv-none-elf-gcc-15.2.0-1/bin/../lib/gcc/riscv-none-elf/15.2.0\libgcc.a(divsf3.o)
                                0x232 (size before relaxing)
 .debug_line_str
                0x00000f15        0x0 C:/Users/ROG/Documents/xpack-riscv-none-elf-gcc-15.2.0-1/bin/../lib/gcc/riscv-none-elf/15.2.0\libgcc.a(gesf2.o)
                                0x23e (size before relaxing)
 .debug_line_str
                0x00000f15        0x0 C:/Users/ROG/Documents/xpack-riscv-none-elf-gcc-15.2.0-1/bin/../lib/gcc/riscv-none-elf/15.2.0\libgcc.a(lesf2.o)
                                0x23e (size before relaxing)
 .debug_line_str
                0x00000f15        0x0 C:/Users/ROG/Documents/xpack-riscv-none-elf-gcc-15.2.0-1/bin/../lib/gcc/riscv-none-elf/15.2.0\libgcc.a(mulsf3.o)
                                0x23c (size before relaxing)
 .debug_line_str
                0x00000f15        0x0 C:/Users/ROG/Documents/xpack-riscv-none-elf-gcc-15.2.0-1/bin/../lib/gcc/riscv-none-elf/15.2.0\libgcc.a(fixsfsi.o)
                                0x23e (size before relaxing)
 .debug_line_str
                0x00000f15        0x0 C:/Users/ROG/Documents/xpack-riscv-none-elf-gcc-15.2.0-1/bin/../lib/gcc/riscv-none-elf/15.2.0\libgcc.a(floatsisf.o)
                                0x242 (size before relaxing)

.debug_frame    0x00000000      0x404
 .debug_frame   0x00000000       0x54 C:/Users/ROG/Documents/xpack-riscv-none-elf-gcc-15.2.0-1/bin/../lib/gcc/riscv-none-elf/15.2.0\libgcc.a(adddf3.o)
 .debug_frame   0x00000054       0x8c C:/Users/ROG/Documents/xpack-riscv-none-elf-gcc-15.2.0-1/bin/../lib/gcc/riscv-none-elf/15.2.0\libgcc.a(divdf3.o)
 .debug_frame   0x000000e0       0x20 C:/Users/ROG/Documents/xpack-riscv-none-elf-gcc-15.2.0-1/bin/../lib/gcc/riscv-none-elf/15.2.0\libgcc.a(eqdf2.o)
 .debug_frame   0x00000100       0x20 C:/Users/ROG/Documents/xpack-riscv-none-elf-gcc-15.2.0-1/bin/../lib/gcc/riscv-none-elf/15.2.0\libgcc.a(gedf2.o)
 .debug_frame   0x00000120       0x20 C:/Users/ROG/Documents/xpack-riscv-none-elf-gcc-15.2.0-1/bin/../lib/gcc/riscv-none-elf/15.2.0\libgcc.a(ledf2.o)
 .debug_frame   0x00000140       0x54 C:/Users/ROG/Documents/xpack-riscv-none-elf-gcc-15.2.0-1/bin/../lib/gcc/riscv-none-elf/15.2.0\libgcc.a(muldf3.o)
 .debug_frame   0x00000194       0x4c C:/Users/ROG/Documents/xpack-riscv-none-elf-gcc-15.2.0-1/bin/../lib/gcc/riscv-none-elf/15.2.0\libgcc.a(subdf3.o)
 .debug_frame   0x000001e0       0x20 C:/Users/ROG/Documents/xpack-riscv-none-elf-gcc-15.2.0-1/bin/../lib/gcc/riscv-none-elf/15.2.0\libgcc.a(unorddf2.o)
 .debug_frame   0x00000200       0x20 C:/Users/ROG/Documents/xpack-riscv-none-elf-gcc-15.2.0-1/bin/../lib/gcc/riscv-none-elf/15.2.0\libgcc.a(fixdfsi.o)
 .debug_frame   0x00000220       0x38 C:/Users/ROG/Documents/xpack-riscv-none-elf-gcc-15.2.0-1/bin/../lib/gcc/riscv-none-elf/15.2.0\libgcc.a(floatsidf.o)
 .debug_frame   0x00000258       0x38 C:/Users/ROG/Documents/xpack-riscv-none-elf-gcc-15.2.0-1/bin/../lib/gcc/riscv-none-elf/15.2.0\libgcc.a(floatunsidf.o)
 .debug_frame   0x00000290       0x38 C:/Users/ROG/Documents/xpack-riscv-none-elf-gcc-15.2.0-1/bin/../lib/gcc/riscv-none-elf/15.2.0\libgcc.a(trunctfdf2.o)
 .debug_frame   0x000002c8       0x20 C:/Users/ROG/Documents/xpack-riscv-none-elf-gcc-15.2.0-1/bin/../lib/gcc/riscv-none-elf/15.2.0\libgcc.a(_clzsi2.o)
 .debug_frame   0x000002e8       0x40 C:/Users/ROG/Documents/xpack-riscv-none-elf-gcc-15.2.0-1/bin/../lib/gcc/riscv-none-elf/15.2.0\libgcc.a(divsf3.o)
 .debug_frame   0x00000328       0x20 C:/Users/ROG/Documents/xpack-riscv-none-elf-gcc-15.2.0-1/bin/../lib/gcc/riscv-none-elf/15.2.0\libgcc.a(gesf2.o)
 .debug_frame   0x00000348       0x20 C:/Users/ROG/Documents/xpack-riscv-none-elf-gcc-15.2.0-1/bin/../lib/gcc/riscv-none-elf/15.2.0\libgcc.a(lesf2.o)
 .debug_frame   0x00000368       0x44 C:/Users/ROG/Documents/xpack-riscv-none-elf-gcc-15.2.0-1/bin/../lib/gcc/riscv-none-elf/15.2.0\libgcc.a(mulsf3.o)
 .debug_frame   0x000003ac       0x20 C:/Users/ROG/Documents/xpack-riscv-none-elf-gcc-15.2.0-1/bin/../lib/gcc/riscv-none-elf/15.2.0\libgcc.a(fixsfsi.o)
 .debug_frame   0x000003cc       0x38 C:/Users/ROG/Documents/xpack-riscv-none-elf-gcc-15.2.0-1/bin/../lib/gcc/riscv-none-elf/15.2.0\libgcc.a(floatsisf.o)
